ARM GAS  C:\Users\HPz420\AppData\Local\Temp\ccglrVo1.s 			page 1


   1              		.syntax unified
   2              		.cpu cortex-m3
   3              		.fpu softvfp
   4              		.eabi_attribute 20, 1
   5              		.eabi_attribute 21, 1
   6              		.eabi_attribute 23, 3
   7              		.eabi_attribute 24, 1
   8              		.eabi_attribute 25, 1
   9              		.eabi_attribute 26, 1
  10              		.eabi_attribute 30, 6
  11              		.eabi_attribute 34, 1
  12              		.eabi_attribute 18, 4
  13              		.thumb
  14              		.syntax unified
  15              		.file	"main.c"
  16              		.text
  17              	.Ltext0:
  18              		.cfi_sections	.debug_frame
  19              		.section	.text.main,"ax",%progbits
  20              		.align	2
  21              		.global	main
  22              		.thumb
  23              		.thumb_func
  24              		.type	main, %function
  25              	main:
  26              	.LFB64:
  27              		.file 1 "main.c"
   1:main.c        **** /*******************************************************************************
   2:main.c        **** * File Name: main.c
   3:main.c        **** *
   4:main.c        **** * Version: 2.0
   5:main.c        **** *
   6:main.c        **** * Description:
   7:main.c        **** *   The component is enumerated as a Virtual Com port. Receives data from the 
   8:main.c        **** *   hyper terminal, then sends back the received data.
   9:main.c        **** *
  10:main.c        **** * Related Document:
  11:main.c        **** *  Universal Serial Bus Specification Revision 2.0
  12:main.c        **** *  Universal Serial Bus Class Definitions for Communications Devices
  13:main.c        **** *  Revision 1.2
  14:main.c        **** *
  15:main.c        **** ********************************************************************************
  16:main.c        **** * Copyright 2015, Cypress Semiconductor Corporation. All rights reserved.
  17:main.c        **** * This software is owned by Cypress Semiconductor Corporation and is protected
  18:main.c        **** * by and subject to worldwide patent and copyright laws and treaties.
  19:main.c        **** * Therefore, you may use this software only as provided in the license agreement
  20:main.c        **** * accompanying the software package from which you obtained this software.
  21:main.c        **** * CYPRESS AND ITS SUPPLIERS MAKE NO WARRANTY OF ANY KIND, EXPRESS OR IMPLIED,
  22:main.c        **** * WITH REGARD TO THIS SOFTWARE, INCLUDING, BUT NOT LIMITED TO, NONINFRINGEMENT,
  23:main.c        **** * IMPLIED WARRANTIES OF MERCHANTABILITY AND FITNESS FOR A PARTICULAR PURPOSE.
  24:main.c        **** *******************************************************************************/
  25:main.c        **** 
  26:main.c        **** #include <project.h>
  27:main.c        **** #include "stdio.h"
  28:main.c        **** #include "Test_RPP-UIO_16.h"
  29:main.c        **** 
  30:main.c        **** 
ARM GAS  C:\Users\HPz420\AppData\Local\Temp\ccglrVo1.s 			page 2


  31:main.c        **** #if defined (__GNUC__)
  32:main.c        ****     /* Add an explicit reference to the floating point printf library */
  33:main.c        ****     /* to allow usage of the floating point conversion specifiers. */
  34:main.c        ****     /* This is not linked in by default with the newlib-nano library. */
  35:main.c        **** //    asm (".global _printf_float");
  36:main.c        **** #endif
  37:main.c        **** 
  38:main.c        **** #define USBFS_DEVICE    (0u)
  39:main.c        **** 
  40:main.c        **** /* The buffer size is equal to the maximum packet size of the IN and OUT bulk
  41:main.c        **** * endpoints.
  42:main.c        **** */
  43:main.c        **** #define USBUART_BUFFER_SIZE (64u)
  44:main.c        **** 
  45:main.c        **** /*******************************************************************************
  46:main.c        **** * Function Name: main
  47:main.c        **** ********************************************************************************
  48:main.c        **** *
  49:main.c        **** * Summary:
  50:main.c        **** *  The main function performs the following actions:
  51:main.c        **** *   1. Waits until VBUS becomes valid and starts the USBFS component which is
  52:main.c        **** *      enumerated as virtual Com port.
  53:main.c        **** *   2. Waits until the device is enumerated by the host.
  54:main.c        **** *   3. Waits for data coming from the hyper terminal and sends it back.
  55:main.c        **** *
  56:main.c        **** * Parameters:
  57:main.c        **** *  None.
  58:main.c        **** *
  59:main.c        **** * Return:
  60:main.c        **** *  None.
  61:main.c        **** *
  62:main.c        **** *******************************************************************************/
  63:main.c        **** int main()
  64:main.c        **** {
  28              		.loc 1 64 0
  29              		.cfi_startproc
  30              		@ args = 0, pretend = 0, frame = 72
  31              		@ frame_needed = 1, uses_anonymous_args = 0
  32 0000 80B5     		push	{r7, lr}
  33              		.cfi_def_cfa_offset 8
  34              		.cfi_offset 7, -8
  35              		.cfi_offset 14, -4
  36 0002 92B0     		sub	sp, sp, #72
  37              		.cfi_def_cfa_offset 80
  38 0004 00AF     		add	r7, sp, #0
  39              		.cfi_def_cfa_register 7
  65:main.c        ****     uint16 count;
  66:main.c        ****     uint8 buffer[USBUART_BUFFER_SIZE];
  67:main.c        ****         
  68:main.c        ****     CyGlobalIntEnable;
  40              		.loc 1 68 0
  41              		.syntax unified
  42              	@ 68 "main.c" 1
  43 0006 62B6     		CPSIE   i
  44              	@ 0 "" 2
  69:main.c        **** 
  70:main.c        ****     /* Start USBFS operation with 5-V operation. */
ARM GAS  C:\Users\HPz420\AppData\Local\Temp\ccglrVo1.s 			page 3


  71:main.c        ****     USBUART_Start(USBFS_DEVICE, USBUART_5V_OPERATION);
  45              		.loc 1 71 0
  46              		.thumb
  47              		.syntax unified
  48 0008 0121     		movs	r1, #1
  49 000a 0020     		movs	r0, #0
  50 000c FFF7FEFF 		bl	USBUART_Start
  51              	.L6:
  72:main.c        ****     
  73:main.c        ****     for(;;)
  74:main.c        ****     {
  75:main.c        ****         /* Host can send double SET_INTERFACE request. */
  76:main.c        ****         if (0u != USBUART_IsConfigurationChanged())
  52              		.loc 1 76 0
  53 0010 FFF7FEFF 		bl	USBUART_IsConfigurationChanged
  54 0014 0346     		mov	r3, r0
  55 0016 002B     		cmp	r3, #0
  56 0018 06D0     		beq	.L2
  77:main.c        ****         {
  78:main.c        ****             /* Initialize IN endpoints when device is configured. */
  79:main.c        ****             if (0u != USBUART_GetConfiguration())
  57              		.loc 1 79 0
  58 001a FFF7FEFF 		bl	USBUART_GetConfiguration
  59 001e 0346     		mov	r3, r0
  60 0020 002B     		cmp	r3, #0
  61 0022 01D0     		beq	.L2
  80:main.c        ****             {
  81:main.c        ****                 /* Enumeration is done, enable OUT endpoint to receive data 
  82:main.c        ****                  * from host. */
  83:main.c        ****                 USBUART_CDC_Init();
  62              		.loc 1 83 0
  63 0024 FFF7FEFF 		bl	USBUART_CDC_Init
  64              	.L2:
  84:main.c        ****             }
  85:main.c        ****         }
  86:main.c        **** 
  87:main.c        ****         /* Service USB CDC when device is configured. */
  88:main.c        ****         if (0u != USBUART_GetConfiguration())
  65              		.loc 1 88 0
  66 0028 FFF7FEFF 		bl	USBUART_GetConfiguration
  67 002c 0346     		mov	r3, r0
  68 002e 002B     		cmp	r3, #0
  69 0030 2AD0     		beq	.L3
  89:main.c        ****         {
  90:main.c        ****             /* Check for input data from host. */
  91:main.c        ****             if (0u != USBUART_DataIsReady())
  70              		.loc 1 91 0
  71 0032 FFF7FEFF 		bl	USBUART_DataIsReady
  72 0036 0346     		mov	r3, r0
  73 0038 002B     		cmp	r3, #0
  74 003a 25D0     		beq	.L3
  92:main.c        ****             {
  93:main.c        ****                 /* Read received data and re-enable OUT endpoint. */
  94:main.c        ****                 count = USBUART_GetAll(buffer);
  75              		.loc 1 94 0
  76 003c 3B1D     		adds	r3, r7, #4
  77 003e 1846     		mov	r0, r3
ARM GAS  C:\Users\HPz420\AppData\Local\Temp\ccglrVo1.s 			page 4


  78 0040 FFF7FEFF 		bl	USBUART_GetAll
  79 0044 0346     		mov	r3, r0
  80 0046 A7F84630 		strh	r3, [r7, #70]	@ movhi
  95:main.c        **** 
  96:main.c        ****                 if (0u != count)
  81              		.loc 1 96 0
  82 004a B7F84630 		ldrh	r3, [r7, #70]
  83 004e 002B     		cmp	r3, #0
  84 0050 1AD0     		beq	.L3
  97:main.c        ****                 {
  98:main.c        ****                     /* Wait until component is ready to send data to host. */
  99:main.c        ****                     while (0u == USBUART_CDCIsReady())
  85              		.loc 1 99 0
  86 0052 00BF     		nop
  87              	.L4:
  88              		.loc 1 99 0 is_stmt 0 discriminator 1
  89 0054 FFF7FEFF 		bl	USBUART_CDCIsReady
  90 0058 0346     		mov	r3, r0
  91 005a 002B     		cmp	r3, #0
  92 005c FAD0     		beq	.L4
 100:main.c        ****                     {
 101:main.c        ****                     }
 102:main.c        **** 
 103:main.c        ****                     /* Send data back to host. */
 104:main.c        ****                     USBUART_PutData(buffer, count);
  93              		.loc 1 104 0 is_stmt 1
  94 005e B7F84620 		ldrh	r2, [r7, #70]
  95 0062 3B1D     		adds	r3, r7, #4
  96 0064 1146     		mov	r1, r2
  97 0066 1846     		mov	r0, r3
  98 0068 FFF7FEFF 		bl	USBUART_PutData
 105:main.c        **** 
 106:main.c        ****                     /* If the last sent packet is exactly the maximum packet 
 107:main.c        ****                     *  size, it is followed by a zero-length packet to assure
 108:main.c        ****                     *  that the end of the segment is properly identified by 
 109:main.c        ****                     *  the terminal.
 110:main.c        ****                     */
 111:main.c        ****                     if (USBUART_BUFFER_SIZE == count)
  99              		.loc 1 111 0
 100 006c B7F84630 		ldrh	r3, [r7, #70]
 101 0070 402B     		cmp	r3, #64
 102 0072 09D1     		bne	.L3
 112:main.c        ****                     {
 113:main.c        ****                         /* Wait until component is ready to send data to PC. */
 114:main.c        ****                         while (0u == USBUART_CDCIsReady())
 103              		.loc 1 114 0
 104 0074 00BF     		nop
 105              	.L5:
 106              		.loc 1 114 0 is_stmt 0 discriminator 1
 107 0076 FFF7FEFF 		bl	USBUART_CDCIsReady
 108 007a 0346     		mov	r3, r0
 109 007c 002B     		cmp	r3, #0
 110 007e FAD0     		beq	.L5
 115:main.c        ****                         {
 116:main.c        ****                         }
 117:main.c        **** 
 118:main.c        ****                         /* Send zero-length packet to PC. */
ARM GAS  C:\Users\HPz420\AppData\Local\Temp\ccglrVo1.s 			page 5


 119:main.c        ****                         USBUART_PutData(NULL, 0u);
 111              		.loc 1 119 0 is_stmt 1
 112 0080 0021     		movs	r1, #0
 113 0082 0020     		movs	r0, #0
 114 0084 FFF7FEFF 		bl	USBUART_PutData
 115              	.L3:
 120:main.c        ****                     }
 121:main.c        ****                 }
 122:main.c        ****             }
 123:main.c        ****         }
 124:main.c        ****         testRPPUIO16();
 116              		.loc 1 124 0
 117 0088 FFF7FEFF 		bl	testRPPUIO16
 125:main.c        ****     }
 118              		.loc 1 125 0
 119 008c C0E7     		b	.L6
 120              		.cfi_endproc
 121              	.LFE64:
 122              		.size	main, .-main
 123 008e 00BF     		.text
 124              	.Letext0:
 125              		.file 2 "c:\\program files (x86)\\cypress\\psoc creator\\4.2\\psoc creator\\import\\gnu\\arm\\5.4.
 126              		.file 3 "c:\\program files (x86)\\cypress\\psoc creator\\4.2\\psoc creator\\import\\gnu\\arm\\5.4.
 127              		.file 4 "Generated_Source\\PSoC5/cytypes.h"
 128              		.file 5 "Generated_Source\\PSoC5/core_cm3.h"
 129              		.section	.debug_info,"",%progbits
 130              	.Ldebug_info0:
 131 0000 11010000 		.4byte	0x111
 132 0004 0400     		.2byte	0x4
 133 0006 00000000 		.4byte	.Ldebug_abbrev0
 134 000a 04       		.byte	0x4
 135 000b 01       		.uleb128 0x1
 136 000c 69000000 		.4byte	.LASF20
 137 0010 0C       		.byte	0xc
 138 0011 2E000000 		.4byte	.LASF21
 139 0015 05010000 		.4byte	.LASF22
 140 0019 00000000 		.4byte	.Ldebug_ranges0+0
 141 001d 00000000 		.4byte	0
 142 0021 00000000 		.4byte	.Ldebug_line0
 143 0025 02       		.uleb128 0x2
 144 0026 01       		.byte	0x1
 145 0027 06       		.byte	0x6
 146 0028 86010000 		.4byte	.LASF0
 147 002c 02       		.uleb128 0x2
 148 002d 01       		.byte	0x1
 149 002e 08       		.byte	0x8
 150 002f F7000000 		.4byte	.LASF1
 151 0033 02       		.uleb128 0x2
 152 0034 02       		.byte	0x2
 153 0035 05       		.byte	0x5
 154 0036 AE010000 		.4byte	.LASF2
 155 003a 02       		.uleb128 0x2
 156 003b 02       		.byte	0x2
 157 003c 07       		.byte	0x7
 158 003d 0E000000 		.4byte	.LASF3
 159 0041 03       		.uleb128 0x3
 160 0042 9E010000 		.4byte	.LASF9
ARM GAS  C:\Users\HPz420\AppData\Local\Temp\ccglrVo1.s 			page 6


 161 0046 02       		.byte	0x2
 162 0047 3F       		.byte	0x3f
 163 0048 4C000000 		.4byte	0x4c
 164 004c 02       		.uleb128 0x2
 165 004d 04       		.byte	0x4
 166 004e 05       		.byte	0x5
 167 004f 69010000 		.4byte	.LASF4
 168 0053 02       		.uleb128 0x2
 169 0054 04       		.byte	0x4
 170 0055 07       		.byte	0x7
 171 0056 40000000 		.4byte	.LASF5
 172 005a 02       		.uleb128 0x2
 173 005b 08       		.byte	0x8
 174 005c 05       		.byte	0x5
 175 005d 00000000 		.4byte	.LASF6
 176 0061 02       		.uleb128 0x2
 177 0062 08       		.byte	0x8
 178 0063 07       		.byte	0x7
 179 0064 52000000 		.4byte	.LASF7
 180 0068 04       		.uleb128 0x4
 181 0069 04       		.byte	0x4
 182 006a 05       		.byte	0x5
 183 006b 696E7400 		.ascii	"int\000"
 184 006f 02       		.uleb128 0x2
 185 0070 04       		.byte	0x4
 186 0071 07       		.byte	0x7
 187 0072 21000000 		.4byte	.LASF8
 188 0076 03       		.uleb128 0x3
 189 0077 BF010000 		.4byte	.LASF10
 190 007b 03       		.byte	0x3
 191 007c 2C       		.byte	0x2c
 192 007d 41000000 		.4byte	0x41
 193 0081 05       		.uleb128 0x5
 194 0082 3A000000 		.4byte	.LASF11
 195 0086 04       		.byte	0x4
 196 0087 E401     		.2byte	0x1e4
 197 0089 2C000000 		.4byte	0x2c
 198 008d 05       		.uleb128 0x5
 199 008e B8010000 		.4byte	.LASF12
 200 0092 04       		.byte	0x4
 201 0093 E501     		.2byte	0x1e5
 202 0095 3A000000 		.4byte	0x3a
 203 0099 02       		.uleb128 0x2
 204 009a 04       		.byte	0x4
 205 009b 04       		.byte	0x4
 206 009c A8010000 		.4byte	.LASF13
 207 00a0 02       		.uleb128 0x2
 208 00a1 08       		.byte	0x8
 209 00a2 04       		.byte	0x4
 210 00a3 72010000 		.4byte	.LASF14
 211 00a7 02       		.uleb128 0x2
 212 00a8 01       		.byte	0x1
 213 00a9 08       		.byte	0x8
 214 00aa 5E010000 		.4byte	.LASF15
 215 00ae 02       		.uleb128 0x2
 216 00af 08       		.byte	0x8
 217 00b0 04       		.byte	0x4
ARM GAS  C:\Users\HPz420\AppData\Local\Temp\ccglrVo1.s 			page 7


 218 00b1 92010000 		.4byte	.LASF16
 219 00b5 02       		.uleb128 0x2
 220 00b6 04       		.byte	0x4
 221 00b7 07       		.byte	0x7
 222 00b8 CE010000 		.4byte	.LASF17
 223 00bc 06       		.uleb128 0x6
 224 00bd 35000000 		.4byte	.LASF23
 225 00c1 01       		.byte	0x1
 226 00c2 3F       		.byte	0x3f
 227 00c3 68000000 		.4byte	0x68
 228 00c7 00000000 		.4byte	.LFB64
 229 00cb 8E000000 		.4byte	.LFE64-.LFB64
 230 00cf 01       		.uleb128 0x1
 231 00d0 9C       		.byte	0x9c
 232 00d1 F3000000 		.4byte	0xf3
 233 00d5 07       		.uleb128 0x7
 234 00d6 63010000 		.4byte	.LASF18
 235 00da 01       		.byte	0x1
 236 00db 41       		.byte	0x41
 237 00dc 8D000000 		.4byte	0x8d
 238 00e0 02       		.uleb128 0x2
 239 00e1 91       		.byte	0x91
 240 00e2 76       		.sleb128 -10
 241 00e3 07       		.uleb128 0x7
 242 00e4 C7010000 		.4byte	.LASF19
 243 00e8 01       		.byte	0x1
 244 00e9 42       		.byte	0x42
 245 00ea F3000000 		.4byte	0xf3
 246 00ee 03       		.uleb128 0x3
 247 00ef 91       		.byte	0x91
 248 00f0 B47F     		.sleb128 -76
 249 00f2 00       		.byte	0
 250 00f3 08       		.uleb128 0x8
 251 00f4 81000000 		.4byte	0x81
 252 00f8 03010000 		.4byte	0x103
 253 00fc 09       		.uleb128 0x9
 254 00fd B5000000 		.4byte	0xb5
 255 0101 3F       		.byte	0x3f
 256 0102 00       		.byte	0
 257 0103 0A       		.uleb128 0xa
 258 0104 79010000 		.4byte	.LASF24
 259 0108 05       		.byte	0x5
 260 0109 1207     		.2byte	0x712
 261 010b 0F010000 		.4byte	0x10f
 262 010f 0B       		.uleb128 0xb
 263 0110 76000000 		.4byte	0x76
 264 0114 00       		.byte	0
 265              		.section	.debug_abbrev,"",%progbits
 266              	.Ldebug_abbrev0:
 267 0000 01       		.uleb128 0x1
 268 0001 11       		.uleb128 0x11
 269 0002 01       		.byte	0x1
 270 0003 25       		.uleb128 0x25
 271 0004 0E       		.uleb128 0xe
 272 0005 13       		.uleb128 0x13
 273 0006 0B       		.uleb128 0xb
 274 0007 03       		.uleb128 0x3
ARM GAS  C:\Users\HPz420\AppData\Local\Temp\ccglrVo1.s 			page 8


 275 0008 0E       		.uleb128 0xe
 276 0009 1B       		.uleb128 0x1b
 277 000a 0E       		.uleb128 0xe
 278 000b 55       		.uleb128 0x55
 279 000c 17       		.uleb128 0x17
 280 000d 11       		.uleb128 0x11
 281 000e 01       		.uleb128 0x1
 282 000f 10       		.uleb128 0x10
 283 0010 17       		.uleb128 0x17
 284 0011 00       		.byte	0
 285 0012 00       		.byte	0
 286 0013 02       		.uleb128 0x2
 287 0014 24       		.uleb128 0x24
 288 0015 00       		.byte	0
 289 0016 0B       		.uleb128 0xb
 290 0017 0B       		.uleb128 0xb
 291 0018 3E       		.uleb128 0x3e
 292 0019 0B       		.uleb128 0xb
 293 001a 03       		.uleb128 0x3
 294 001b 0E       		.uleb128 0xe
 295 001c 00       		.byte	0
 296 001d 00       		.byte	0
 297 001e 03       		.uleb128 0x3
 298 001f 16       		.uleb128 0x16
 299 0020 00       		.byte	0
 300 0021 03       		.uleb128 0x3
 301 0022 0E       		.uleb128 0xe
 302 0023 3A       		.uleb128 0x3a
 303 0024 0B       		.uleb128 0xb
 304 0025 3B       		.uleb128 0x3b
 305 0026 0B       		.uleb128 0xb
 306 0027 49       		.uleb128 0x49
 307 0028 13       		.uleb128 0x13
 308 0029 00       		.byte	0
 309 002a 00       		.byte	0
 310 002b 04       		.uleb128 0x4
 311 002c 24       		.uleb128 0x24
 312 002d 00       		.byte	0
 313 002e 0B       		.uleb128 0xb
 314 002f 0B       		.uleb128 0xb
 315 0030 3E       		.uleb128 0x3e
 316 0031 0B       		.uleb128 0xb
 317 0032 03       		.uleb128 0x3
 318 0033 08       		.uleb128 0x8
 319 0034 00       		.byte	0
 320 0035 00       		.byte	0
 321 0036 05       		.uleb128 0x5
 322 0037 16       		.uleb128 0x16
 323 0038 00       		.byte	0
 324 0039 03       		.uleb128 0x3
 325 003a 0E       		.uleb128 0xe
 326 003b 3A       		.uleb128 0x3a
 327 003c 0B       		.uleb128 0xb
 328 003d 3B       		.uleb128 0x3b
 329 003e 05       		.uleb128 0x5
 330 003f 49       		.uleb128 0x49
 331 0040 13       		.uleb128 0x13
ARM GAS  C:\Users\HPz420\AppData\Local\Temp\ccglrVo1.s 			page 9


 332 0041 00       		.byte	0
 333 0042 00       		.byte	0
 334 0043 06       		.uleb128 0x6
 335 0044 2E       		.uleb128 0x2e
 336 0045 01       		.byte	0x1
 337 0046 3F       		.uleb128 0x3f
 338 0047 19       		.uleb128 0x19
 339 0048 03       		.uleb128 0x3
 340 0049 0E       		.uleb128 0xe
 341 004a 3A       		.uleb128 0x3a
 342 004b 0B       		.uleb128 0xb
 343 004c 3B       		.uleb128 0x3b
 344 004d 0B       		.uleb128 0xb
 345 004e 49       		.uleb128 0x49
 346 004f 13       		.uleb128 0x13
 347 0050 11       		.uleb128 0x11
 348 0051 01       		.uleb128 0x1
 349 0052 12       		.uleb128 0x12
 350 0053 06       		.uleb128 0x6
 351 0054 40       		.uleb128 0x40
 352 0055 18       		.uleb128 0x18
 353 0056 9642     		.uleb128 0x2116
 354 0058 19       		.uleb128 0x19
 355 0059 01       		.uleb128 0x1
 356 005a 13       		.uleb128 0x13
 357 005b 00       		.byte	0
 358 005c 00       		.byte	0
 359 005d 07       		.uleb128 0x7
 360 005e 34       		.uleb128 0x34
 361 005f 00       		.byte	0
 362 0060 03       		.uleb128 0x3
 363 0061 0E       		.uleb128 0xe
 364 0062 3A       		.uleb128 0x3a
 365 0063 0B       		.uleb128 0xb
 366 0064 3B       		.uleb128 0x3b
 367 0065 0B       		.uleb128 0xb
 368 0066 49       		.uleb128 0x49
 369 0067 13       		.uleb128 0x13
 370 0068 02       		.uleb128 0x2
 371 0069 18       		.uleb128 0x18
 372 006a 00       		.byte	0
 373 006b 00       		.byte	0
 374 006c 08       		.uleb128 0x8
 375 006d 01       		.uleb128 0x1
 376 006e 01       		.byte	0x1
 377 006f 49       		.uleb128 0x49
 378 0070 13       		.uleb128 0x13
 379 0071 01       		.uleb128 0x1
 380 0072 13       		.uleb128 0x13
 381 0073 00       		.byte	0
 382 0074 00       		.byte	0
 383 0075 09       		.uleb128 0x9
 384 0076 21       		.uleb128 0x21
 385 0077 00       		.byte	0
 386 0078 49       		.uleb128 0x49
 387 0079 13       		.uleb128 0x13
 388 007a 2F       		.uleb128 0x2f
ARM GAS  C:\Users\HPz420\AppData\Local\Temp\ccglrVo1.s 			page 10


 389 007b 0B       		.uleb128 0xb
 390 007c 00       		.byte	0
 391 007d 00       		.byte	0
 392 007e 0A       		.uleb128 0xa
 393 007f 34       		.uleb128 0x34
 394 0080 00       		.byte	0
 395 0081 03       		.uleb128 0x3
 396 0082 0E       		.uleb128 0xe
 397 0083 3A       		.uleb128 0x3a
 398 0084 0B       		.uleb128 0xb
 399 0085 3B       		.uleb128 0x3b
 400 0086 05       		.uleb128 0x5
 401 0087 49       		.uleb128 0x49
 402 0088 13       		.uleb128 0x13
 403 0089 3F       		.uleb128 0x3f
 404 008a 19       		.uleb128 0x19
 405 008b 3C       		.uleb128 0x3c
 406 008c 19       		.uleb128 0x19
 407 008d 00       		.byte	0
 408 008e 00       		.byte	0
 409 008f 0B       		.uleb128 0xb
 410 0090 35       		.uleb128 0x35
 411 0091 00       		.byte	0
 412 0092 49       		.uleb128 0x49
 413 0093 13       		.uleb128 0x13
 414 0094 00       		.byte	0
 415 0095 00       		.byte	0
 416 0096 00       		.byte	0
 417              		.section	.debug_aranges,"",%progbits
 418 0000 1C000000 		.4byte	0x1c
 419 0004 0200     		.2byte	0x2
 420 0006 00000000 		.4byte	.Ldebug_info0
 421 000a 04       		.byte	0x4
 422 000b 00       		.byte	0
 423 000c 0000     		.2byte	0
 424 000e 0000     		.2byte	0
 425 0010 00000000 		.4byte	.LFB64
 426 0014 8E000000 		.4byte	.LFE64-.LFB64
 427 0018 00000000 		.4byte	0
 428 001c 00000000 		.4byte	0
 429              		.section	.debug_ranges,"",%progbits
 430              	.Ldebug_ranges0:
 431 0000 00000000 		.4byte	.LFB64
 432 0004 8E000000 		.4byte	.LFE64
 433 0008 00000000 		.4byte	0
 434 000c 00000000 		.4byte	0
 435              		.section	.debug_line,"",%progbits
 436              	.Ldebug_line0:
 437 0000 7F010000 		.section	.debug_str,"MS",%progbits,1
 437      02004C01 
 437      00000201 
 437      FB0E0D00 
 437      01010101 
 438              	.LASF6:
 439 0000 6C6F6E67 		.ascii	"long long int\000"
 439      206C6F6E 
 439      6720696E 
ARM GAS  C:\Users\HPz420\AppData\Local\Temp\ccglrVo1.s 			page 11


 439      7400
 440              	.LASF3:
 441 000e 73686F72 		.ascii	"short unsigned int\000"
 441      7420756E 
 441      7369676E 
 441      65642069 
 441      6E7400
 442              	.LASF8:
 443 0021 756E7369 		.ascii	"unsigned int\000"
 443      676E6564 
 443      20696E74 
 443      00
 444              	.LASF21:
 445 002e 6D61696E 		.ascii	"main.c\000"
 445      2E6300
 446              	.LASF23:
 447 0035 6D61696E 		.ascii	"main\000"
 447      00
 448              	.LASF11:
 449 003a 75696E74 		.ascii	"uint8\000"
 449      3800
 450              	.LASF5:
 451 0040 6C6F6E67 		.ascii	"long unsigned int\000"
 451      20756E73 
 451      69676E65 
 451      6420696E 
 451      7400
 452              	.LASF7:
 453 0052 6C6F6E67 		.ascii	"long long unsigned int\000"
 453      206C6F6E 
 453      6720756E 
 453      7369676E 
 453      65642069 
 454              	.LASF20:
 455 0069 474E5520 		.ascii	"GNU C11 5.4.1 20160609 (release) [ARM/embedded-5-br"
 455      43313120 
 455      352E342E 
 455      31203230 
 455      31363036 
 456 009c 616E6368 		.ascii	"anch revision 237715] -mcpu=cortex-m3 -mthumb -g -O"
 456      20726576 
 456      6973696F 
 456      6E203233 
 456      37373135 
 457 00cf 30202D66 		.ascii	"0 -ffunction-sections -ffat-lto-objects\000"
 457      66756E63 
 457      74696F6E 
 457      2D736563 
 457      74696F6E 
 458              	.LASF1:
 459 00f7 756E7369 		.ascii	"unsigned char\000"
 459      676E6564 
 459      20636861 
 459      7200
 460              	.LASF22:
 461 0105 433A5C55 		.ascii	"C:\\Users\\HPz420\\Documents\\GitHub\\RPI_PSOC5\\RP"
 461      73657273 
ARM GAS  C:\Users\HPz420\AppData\Local\Temp\ccglrVo1.s 			page 12


 461      5C48507A 
 461      3432305C 
 461      446F6375 
 462 0132 495F5053 		.ascii	"I_PSOC5_Serial_01\\RPS_PSOC5_Serial_01.cydsn\000"
 462      4F43355F 
 462      53657269 
 462      616C5F30 
 462      315C5250 
 463              	.LASF15:
 464 015e 63686172 		.ascii	"char\000"
 464      00
 465              	.LASF18:
 466 0163 636F756E 		.ascii	"count\000"
 466      7400
 467              	.LASF4:
 468 0169 6C6F6E67 		.ascii	"long int\000"
 468      20696E74 
 468      00
 469              	.LASF14:
 470 0172 646F7562 		.ascii	"double\000"
 470      6C6500
 471              	.LASF24:
 472 0179 49544D5F 		.ascii	"ITM_RxBuffer\000"
 472      52784275 
 472      66666572 
 472      00
 473              	.LASF0:
 474 0186 7369676E 		.ascii	"signed char\000"
 474      65642063 
 474      68617200 
 475              	.LASF16:
 476 0192 6C6F6E67 		.ascii	"long double\000"
 476      20646F75 
 476      626C6500 
 477              	.LASF9:
 478 019e 5F5F696E 		.ascii	"__int32_t\000"
 478      7433325F 
 478      7400
 479              	.LASF13:
 480 01a8 666C6F61 		.ascii	"float\000"
 480      7400
 481              	.LASF2:
 482 01ae 73686F72 		.ascii	"short int\000"
 482      7420696E 
 482      7400
 483              	.LASF12:
 484 01b8 75696E74 		.ascii	"uint16\000"
 484      313600
 485              	.LASF10:
 486 01bf 696E7433 		.ascii	"int32_t\000"
 486      325F7400 
 487              	.LASF19:
 488 01c7 62756666 		.ascii	"buffer\000"
 488      657200
 489              	.LASF17:
 490 01ce 73697A65 		.ascii	"sizetype\000"
 490      74797065 
ARM GAS  C:\Users\HPz420\AppData\Local\Temp\ccglrVo1.s 			page 13


 490      00
 491              		.ident	"GCC: (GNU Tools for ARM Embedded Processors) 5.4.1 20160609 (release) [ARM/embedded-5-bran
