Archive member included to satisfy reference by file (symbol)

.\ARM_GCC_541\Debug\RPS_PSOC5_Serial_01.a(USBUART.o)
                              .\ARM_GCC_541\Debug\main.o (USBUART_Start)
.\ARM_GCC_541\Debug\RPS_PSOC5_Serial_01.a(USBUART_cdc.o)
                              .\ARM_GCC_541\Debug\main.o (USBUART_CDC_Init)
.\ARM_GCC_541\Debug\RPS_PSOC5_Serial_01.a(USBUART_drv.o)
                              .\ARM_GCC_541\Debug\RPS_PSOC5_Serial_01.a(USBUART.o) (USBUART_EP)
.\ARM_GCC_541\Debug\RPS_PSOC5_Serial_01.a(USBUART_episr.o)
                              .\ARM_GCC_541\Debug\RPS_PSOC5_Serial_01.a(USBUART.o) (USBUART_EP_1_ISR)
.\ARM_GCC_541\Debug\RPS_PSOC5_Serial_01.a(USBUART_hid.o)
                              .\ARM_GCC_541\Debug\RPS_PSOC5_Serial_01.a(USBUART.o) (USBUART_hidProtocol)
.\ARM_GCC_541\Debug\RPS_PSOC5_Serial_01.a(USBUART_pm.o)
                              .\ARM_GCC_541\Debug\RPS_PSOC5_Serial_01.a(USBUART.o) (USBUART_DP_ISR)
.\ARM_GCC_541\Debug\RPS_PSOC5_Serial_01.a(USBUART_std.o)
                              .\ARM_GCC_541\Debug\RPS_PSOC5_Serial_01.a(USBUART_drv.o) (USBUART_HandleStandardRqst)
.\ARM_GCC_541\Debug\RPS_PSOC5_Serial_01.a(USBUART_vnd.o)
                              .\ARM_GCC_541\Debug\RPS_PSOC5_Serial_01.a(USBUART_drv.o) (USBUART_HandleVendorRqst)
.\ARM_GCC_541\Debug\RPS_PSOC5_Serial_01.a(I2C_EEPROM.o)
                              .\ARM_GCC_541\Debug\main.o (I2C_EEPROM_Start)
.\ARM_GCC_541\Debug\RPS_PSOC5_Serial_01.a(I2C_EEPROM_INT.o)
                              .\ARM_GCC_541\Debug\RPS_PSOC5_Serial_01.a(I2C_EEPROM.o) (I2C_EEPROM_ISR)
.\ARM_GCC_541\Debug\RPS_PSOC5_Serial_01.a(I2C_EEPROM_PM.o)
                              .\ARM_GCC_541\Debug\RPS_PSOC5_Serial_01.a(I2C_EEPROM.o) (I2C_EEPROM_backup)
.\ARM_GCC_541\Debug\RPS_PSOC5_Serial_01.a(I2C_EEPROM_MASTER.o)
                              .\ARM_GCC_541\Debug\RPS_PSOC5_Serial_01.a(I2C_EEPROM.o) (I2C_EEPROM_mstrStatus)
.\ARM_GCC_541\Debug\RPS_PSOC5_Serial_01.a(USBUART_Dp.o)
                              .\ARM_GCC_541\Debug\RPS_PSOC5_Serial_01.a(USBUART.o) (USBUART_Dp_ClearInterrupt)
.\ARM_GCC_541\Debug\RPS_PSOC5_Serial_01.a(CyLib.o)
                              .\ARM_GCC_541\Debug\Cm3Start.o (CyResetStatus)
.\ARM_GCC_541\Debug\RPS_PSOC5_Serial_01.a(cyPm.o)
                              .\ARM_GCC_541\Debug\RPS_PSOC5_Serial_01.a(CyLib.o) (CyPmReadStatus)
.\ARM_GCC_541\Debug\RPS_PSOC5_Serial_01.a(IO_3.o)
                              .\ARM_GCC_541\Debug\RasPi_Pins.o (IO_3_Write)
.\ARM_GCC_541\Debug\RPS_PSOC5_Serial_01.a(IO_12.o)
                              .\ARM_GCC_541\Debug\RasPi_Pins.o (IO_12_Write)
.\ARM_GCC_541\Debug\RPS_PSOC5_Serial_01.a(IO_13.o)
                              .\ARM_GCC_541\Debug\RasPi_Pins.o (IO_13_Write)
.\ARM_GCC_541\Debug\RPS_PSOC5_Serial_01.a(IO_6.o)
                              .\ARM_GCC_541\Debug\RasPi_Pins.o (IO_6_Write)
.\ARM_GCC_541\Debug\RPS_PSOC5_Serial_01.a(IO_16.o)
                              .\ARM_GCC_541\Debug\RasPi_Pins.o (IO_16_Write)
.\ARM_GCC_541\Debug\RPS_PSOC5_Serial_01.a(IO_2.o)
                              .\ARM_GCC_541\Debug\RasPi_Pins.o (IO_2_Write)
.\ARM_GCC_541\Debug\RPS_PSOC5_Serial_01.a(IO_14.o)
                              .\ARM_GCC_541\Debug\RasPi_Pins.o (IO_14_Write)
.\ARM_GCC_541\Debug\RPS_PSOC5_Serial_01.a(IO_5.o)
                              .\ARM_GCC_541\Debug\RasPi_Pins.o (IO_5_Write)
.\ARM_GCC_541\Debug\RPS_PSOC5_Serial_01.a(IO_19.o)
                              .\ARM_GCC_541\Debug\RasPi_Pins.o (IO_19_Write)
.\ARM_GCC_541\Debug\RPS_PSOC5_Serial_01.a(IO_20.o)
                              .\ARM_GCC_541\Debug\RasPi_Pins.o (IO_20_Write)
.\ARM_GCC_541\Debug\RPS_PSOC5_Serial_01.a(IO_26.o)
                              .\ARM_GCC_541\Debug\RasPi_Pins.o (IO_26_Write)
.\ARM_GCC_541\Debug\RPS_PSOC5_Serial_01.a(IO_21.o)
                              .\ARM_GCC_541\Debug\RasPi_Pins.o (IO_21_Write)
.\ARM_GCC_541\Debug\RPS_PSOC5_Serial_01.a(IO_17.o)
                              .\ARM_GCC_541\Debug\RasPi_Pins.o (IO_17_Write)
.\ARM_GCC_541\Debug\RPS_PSOC5_Serial_01.a(IO_18.o)
                              .\ARM_GCC_541\Debug\RasPi_Pins.o (IO_18_Write)
.\ARM_GCC_541\Debug\RPS_PSOC5_Serial_01.a(IO_27.o)
                              .\ARM_GCC_541\Debug\RasPi_Pins.o (IO_27_Write)
.\ARM_GCC_541\Debug\RPS_PSOC5_Serial_01.a(IO_22.o)
                              .\ARM_GCC_541\Debug\RasPi_Pins.o (IO_22_Write)
.\ARM_GCC_541\Debug\RPS_PSOC5_Serial_01.a(IO_23.o)
                              .\ARM_GCC_541\Debug\RasPi_Pins.o (IO_23_Write)
.\ARM_GCC_541\Debug\RPS_PSOC5_Serial_01.a(IO_24.o)
                              .\ARM_GCC_541\Debug\RasPi_Pins.o (IO_24_Write)
.\ARM_GCC_541\Debug\RPS_PSOC5_Serial_01.a(IO_7.o)
                              .\ARM_GCC_541\Debug\RasPi_Pins.o (IO_7_Write)
.\ARM_GCC_541\Debug\RPS_PSOC5_Serial_01.a(IO_15.o)
                              .\ARM_GCC_541\Debug\RasPi_Pins.o (IO_15_Write)
.\ARM_GCC_541\Debug\RPS_PSOC5_Serial_01.a(IO_4.o)
[...]
Memory Configuration

Name             Origin             Length             Attributes
rom              0x00000000         0x00020000         xr
ram              0x1fffc000         0x00008000         xrw
*default*        0x00000000         0xffffffff

Linker script and memory map

LOAD c:/program files (x86)/cypress/psoc creator/4.2/psoc creator/import/gnu/arm/5.4.1/bin/../lib/gcc/arm-none-eabi/5.4.1/armv7-m/crti.o
LOAD c:/program files (x86)/cypress/psoc creator/4.2/psoc creator/import/gnu/arm/5.4.1/bin/../lib/gcc/arm-none-eabi/5.4.1/armv7-m/crtbegin.o
LOAD c:/program files (x86)/cypress/psoc creator/4.2/psoc creator/import/gnu/arm/5.4.1/bin/../lib/gcc/arm-none-eabi/5.4.1/../../../../arm-none-eabi/lib/armv7-m/crt0.o
START GROUP
LOAD .\ARM_GCC_541\Debug\main.o
LOAD .\ARM_GCC_541\Debug\Test_RPP-UIO_16.o
LOAD .\ARM_GCC_541\Debug\RasPi_Pins.o
LOAD .\ARM_GCC_541\Debug\ExtEEPROM.o
LOAD .\ARM_GCC_541\Debug\EEPROM__Images.o
LOAD .\ARM_GCC_541\Debug\Test_RASPI_GVS.o
LOAD .\ARM_GCC_541\Debug\Test_RASPI_PLUS_GVS.o
LOAD .\ARM_GCC_541\Debug\PSoC_Menu.o
LOAD .\ARM_GCC_541\Debug\Test_RPI_2C_HUB.o
LOAD .\ARM_GCC_541\Debug\cyfitter_cfg.o
LOAD .\ARM_GCC_541\Debug\cymetadata.o
LOAD .\ARM_GCC_541\Debug\Cm3Start.o
LOAD .\ARM_GCC_541\Debug\RPS_PSOC5_Serial_01.a
LOAD C:\Program Files (x86)\Cypress\PSoC Creator\4.2\PSoC Creator\psoc\content\cycomponentlibrary\CyComponentLibrary.cylib\CortexM3\ARM_GCC_541\Debug\CyComponentLibrary.a
END GROUP
START GROUP
LOAD c:/program files (x86)/cypress/psoc creator/4.2/psoc creator/import/gnu/arm/5.4.1/bin/../lib/gcc/arm-none-eabi/5.4.1/armv7-m\libgcc.a
LOAD c:/program files (x86)/cypress/psoc creator/4.2/psoc creator/import/gnu/arm/5.4.1/bin/../lib/gcc/arm-none-eabi/5.4.1/../../../../arm-none-eabi/lib/armv7-m\libg_nano.a
LOAD c:/program files (x86)/cypress/psoc creator/4.2/psoc creator/import/gnu/arm/5.4.1/bin/../lib/gcc/arm-none-eabi/5.4.1/../../../../arm-none-eabi/lib/armv7-m\libc_nano.a
END GROUP
START GROUP
LOAD c:/program files (x86)/cypress/psoc creator/4.2/psoc creator/import/gnu/arm/5.4.1/bin/../lib/gcc/arm-none-eabi/5.4.1/armv7-m\libgcc.a
LOAD c:/program files (x86)/cypress/psoc creator/4.2/psoc creator/import/gnu/arm/5.4.1/bin/../lib/gcc/arm-none-eabi/5.4.1/../../../../arm-none-eabi/lib/armv7-m\libc_nano.a
END GROUP
LOAD c:/program files (x86)/cypress/psoc creator/4.2/psoc creator/import/gnu/arm/5.4.1/bin/../lib/gcc/arm-none-eabi/5.4.1/armv7-m/crtend.o
LOAD c:/program files (x86)/cypress/psoc creator/4.2/psoc creator/import/gnu/arm/5.4.1/bin/../lib/gcc/arm-none-eabi/5.4.1/armv7-m/crtn.o
START GROUP
LOAD c:/program files (x86)/cypress/psoc creator/4.2/psoc creator/import/gnu/arm/5.4.1/bin/../lib/gcc/arm-none-eabi/5.4.1/armv7-m\libgcc.a
LOAD c:/program files (x86)/cypress/psoc creator/4.2/psoc creator/import/gnu/arm/5.4.1/bin/../lib/gcc/arm-none-eabi/5.4.1/../../../../arm-none-eabi/lib/armv7-m\libc.a
LOAD c:/program files (x86)/cypress/psoc creator/4.2/psoc creator/import/gnu/arm/5.4.1/bin/../lib/gcc/arm-none-eabi/5.4.1/../../../../arm-none-eabi/lib/armv7-m\libnosys.a
END GROUP
                0x00000000                CY_APPL_ORIGIN = 0x0
                0x00000100                CY_FLASH_ROW_SIZE = 0x100
                0x00000020                CY_ECC_ROW_SIZE = 0x20
                0x00000000                CY_EE_IN_BTLDR = 0x0
                0x00000000                CY_APPL_LOADABLE = 0x0
                0x00000800                CY_EE_SIZE = 0x800
                0x00000001                CY_APPL_NUM = 0x1
                0x00000001                CY_APPL_MAX = 0x1
                0x00000040                CY_METADATA_SIZE = 0x40
                0x00000000                CY_APPL_LOADABLE = 0x0
                0x00000000                CY_CHECKSUM_EXCLUDE_SIZE = ALIGN (0x0, CY_FLASH_ROW_SIZE)
                [!provide]                PROVIDE (__cy_heap_start, _end)
                0x00000001                PROVIDE (__cy_region_num, ((__cy_regions_end - __cy_regions) / 0x10))
                0x20004000                PROVIDE (__cy_stack, (ORIGIN (ram) + LENGTH (ram)))
                [!provide]                PROVIDE (__cy_heap_end, (__cy_stack - 0x800))

.cybootloader   0x00000000        0x0
 *(.cybootloader)
                0x00000000                appl1_start = CY_APPL_ORIGIN?CY_APPL_ORIGIN:ALIGN (CY_FLASH_ROW_SIZE)
                0x0000ff00                appl2_start = (appl1_start + ALIGN ((((LENGTH (rom) - appl1_start) - (0x2 * CY_FLASH_ROW_SIZE)) / 0x2), CY_FLASH_ROW_SIZE))
                0x00000000                appl_start = (CY_APPL_NUM == 0x1)?appl1_start:appl2_start
                0x00000000                ecc_offset = ((appl_start / CY_FLASH_ROW_SIZE) * CY_ECC_ROW_SIZE)
                0x00000000                ee_offset = (CY_APPL_LOADABLE && ! (CY_EE_IN_BTLDR))?((CY_EE_SIZE / CY_APPL_MAX) * (CY_APPL_NUM - 0x1)):0x0
                0x00000800                ee_size = (CY_APPL_LOADABLE && ! (CY_EE_IN_BTLDR))?(CY_EE_SIZE / CY_APPL_MAX):CY_EE_SIZE
                [!provide]                PROVIDE (CY_ECC_OFFSET, ecc_offset)

.text           0x00000000     0x551c
 CREATE_OBJECT_SYMBOLS
                0x00000000                PROVIDE (__cy_interrupt_vector, RomVectors)
 *(.romvectors)
 .romvectors    0x00000000       0x10 .\ARM_GCC_541\Debug\Cm3Start.o
                0x00000000                RomVectors
                0x00000001                ASSERT ((. != __cy_interrupt_vector), No interrupt vector)
                0x00000001                ASSERT (CY_APPL_ORIGIN?(SIZEOF (.cybootloader) <= CY_APPL_ORIGIN):0x1, Wrong image location)
                0x00000010                PROVIDE (__cy_reset, Reset)
 *(.text.Reset)
 .text.Reset    0x00000010       0x18 .\ARM_GCC_541\Debug\Cm3Start.o
                0x00000010                Reset
                0x00000001                ASSERT ((. != __cy_reset), No reset code)
 *(.dma_init)
                0x00000001                ASSERT ((((appl_start + .) <= 0x10000) || 0x1), DMA Init must be within the first 64k of flash)
 *(.text .text.* .gnu.linkonce.t.*)
 .text          0x00000028       0x5c c:/program files (x86)/cypress/psoc creator/4.2/psoc creator/import/gnu/arm/5.4.1/bin/../lib/gcc/arm-none-eabi/5.4.1/armv7-m/crtbegin.o
 .text.main     0x00000084       0x98 .\ARM_GCC_541\Debug\main.o
                0x00000084                main
 .text.blinkLED
                0x0000011c       0x2c .\ARM_GCC_541\Debug\Test_RPP-UIO_16.o
                0x0000011c                blinkLED
 .text.testRPPUIO16
                0x00000148      0x244 .\ARM_GCC_541\Debug\Test_RPP-UIO_16.o
                0x00000148                testRPPUIO16
 .text.setRasPiPinValue
                0x0000038c      0x194 .\ARM_GCC_541\Debug\RasPi_Pins.o
                0x0000038c                setRasPiPinValue
 .text.readEEPROM
                0x00000520       0x68 .\ARM_GCC_541\Debug\ExtEEPROM.o
                0x00000520                readEEPROM
 .text.dumpEEPROM
                0x00000588      0x1cc .\ARM_GCC_541\Debug\ExtEEPROM.o
                0x00000588                dumpEEPROM
 .text.writeEEPROM
                0x00000754      0x200 .\ARM_GCC_541\Debug\ExtEEPROM.o
                0x00000754                writeEEPROM
 .text.writeEEPROMBlock
                0x00000954       0x3c .\ARM_GCC_541\Debug\ExtEEPROM.o
                0x00000954                writeEEPROMBlock
 .text.testRASPIGVS
                0x00000990      0x208 .\ARM_GCC_541\Debug\Test_RASPI_GVS.o
                0x00000990                testRASPIGVS
 .text.testRPPGVS
                0x00000b98      0x240 .\ARM_GCC_541\Debug\Test_RASPI_PLUS_GVS.o
                0x00000b98                testRPPGVS
 .text.printMenuOptions
                0x00000dd8       0x78 .\ARM_GCC_541\Debug\PSoC_Menu.o
                0x00000dd8                printMenuOptions
 .text.psocMenu
                0x00000e50      0x244 .\ARM_GCC_541\Debug\PSoC_Menu.o
                0x00000e50                psocMenu
 .text.clearReceiveBuffer
                0x00001094       0x2c .\ARM_GCC_541\Debug\PSoC_Menu.o
                0x00001094                clearReceiveBuffer
 .text.addToReceiveBuffer
                0x000010c0      0x114 .\ARM_GCC_541\Debug\PSoC_Menu.o
                0x000010c0                addToReceiveBuffer
 .text.putStringToUSB
                0x000011d4       0x30 .\ARM_GCC_541\Debug\PSoC_Menu.o
                0x000011d4                putStringToUSB
 .text.testRPIHUB
                0x00001204        0xc .\ARM_GCC_541\Debug\Test_RPI_2C_HUB.o
                0x00001204                testRPIHUB
 .text.CYMEMZERO
                0x00001210       0x1c .\ARM_GCC_541\Debug\cyfitter_cfg.o
 .text.CYCONFIGCPY
                0x0000122c       0x20 .\ARM_GCC_541\Debug\cyfitter_cfg.o
 .text.CYCONFIGCPYCODE
                0x0000124c       0x20 .\ARM_GCC_541\Debug\cyfitter_cfg.o
 .text.CyClockStartupError
                0x0000126c        0xc .\ARM_GCC_541\Debug\cyfitter_cfg.o
 .text.cfg_write_bytes32
                0x00001278       0x74 .\ARM_GCC_541\Debug\cyfitter_cfg.o
 .text.ClockSetup
                0x000012ec      0x118 .\ARM_GCC_541\Debug\cyfitter_cfg.o
 .text.AnalogSetDefault
                0x00001404       0x44 .\ARM_GCC_541\Debug\cyfitter_cfg.o
 .text.cyfitter_cfg
                0x00001448      0x150 .\ARM_GCC_541\Debug\cyfitter_cfg.o
                0x00001448                cyfitter_cfg
 .text.IntDefaultHandler
                0x00001598       0x14 .\ARM_GCC_541\Debug\Cm3Start.o
                0x00001598                IntDefaultHandler
 .text._sbrk    0x000015ac       0x50 .\ARM_GCC_541\Debug\Cm3Start.o
                0x000015ac                _sbrk
 .text.Start_c  0x000015fc       0x98 .\ARM_GCC_541\Debug\Cm3Start.o
                0x000015fc                Start_c
 .text.initialize_psoc
                0x00001694       0x90 .\ARM_GCC_541\Debug\Cm3Start.o
                0x00001694                initialize_psoc
 .text.USBUART_Start
                0x00001724       0x3c .\ARM_GCC_541\Debug\RPS_PSOC5_Serial_01.a(USBUART.o)
                0x00001724                USBUART_Start
 .text.USBUART_Init
                0x00001760      0x1a4 .\ARM_GCC_541\Debug\RPS_PSOC5_Serial_01.a(USBUART.o)
                0x00001760                USBUART_Init
 .text.USBUART_InitComponent
                0x00001904      0x120 .\ARM_GCC_541\Debug\RPS_PSOC5_Serial_01.a(USBUART.o)
                0x00001904                USBUART_InitComponent
 .text.USBUART_ReInitComponent
                0x00001a24       0x88 .\ARM_GCC_541\Debug\RPS_PSOC5_Serial_01.a(USBUART.o)
                0x00001a24                USBUART_ReInitComponent
 .text.USBUART_GetConfiguration
                0x00001aac       0x18 .\ARM_GCC_541\Debug\RPS_PSOC5_Serial_01.a(USBUART.o)
                0x00001aac                USBUART_GetConfiguration
 .text.USBUART_IsConfigurationChanged
                0x00001ac4       0x30 .\ARM_GCC_541\Debug\RPS_PSOC5_Serial_01.a(USBUART.o)
                0x00001ac4                USBUART_IsConfigurationChanged
 .text.USBUART_GetEPState
                0x00001af4       0x2c .\ARM_GCC_541\Debug\RPS_PSOC5_Serial_01.a(USBUART.o)
                0x00001af4                USBUART_GetEPState
 .text.USBUART_GetEPCount
                0x00001b20       0x60 .\ARM_GCC_541\Debug\RPS_PSOC5_Serial_01.a(USBUART.o)
                0x00001b20                USBUART_GetEPCount
 .text.USBUART_LoadInEP
                0x00001b80      0x108 .\ARM_GCC_541\Debug\RPS_PSOC5_Serial_01.a(USBUART.o)
                0x00001b80                USBUART_LoadInEP
 .text.USBUART_ReadOutEP
                0x00001c88       0x8c .\ARM_GCC_541\Debug\RPS_PSOC5_Serial_01.a(USBUART.o)
                0x00001c88                USBUART_ReadOutEP
 .text.USBUART_EnableOutEP
                0x00001d14       0x5c .\ARM_GCC_541\Debug\RPS_PSOC5_Serial_01.a(USBUART.o)
                0x00001d14                USBUART_EnableOutEP
 .text.USBUART_DispatchCDCClassRqst
                0x00001d70       0xe4 .\ARM_GCC_541\Debug\RPS_PSOC5_Serial_01.a(USBUART_cdc.o)
                0x00001d70                USBUART_DispatchCDCClassRqst
 .text.USBUART_GetInterfaceComPort
                0x00001e54       0x60 .\ARM_GCC_541\Debug\RPS_PSOC5_Serial_01.a(USBUART_cdc.o)
                0x00001e54                USBUART_GetInterfaceComPort
 .text.USBUART_CDC_Init
                0x00001eb4       0xa8 .\ARM_GCC_541\Debug\RPS_PSOC5_Serial_01.a(USBUART_cdc.o)
                0x00001eb4                USBUART_CDC_Init
 .text.USBUART_PutData
                0x00001f5c       0x6c .\ARM_GCC_541\Debug\RPS_PSOC5_Serial_01.a(USBUART_cdc.o)
                0x00001f5c                USBUART_PutData
 .text.USBUART_DataIsReady
                0x00001fc8       0x24 .\ARM_GCC_541\Debug\RPS_PSOC5_Serial_01.a(USBUART_cdc.o)
                0x00001fc8                USBUART_DataIsReady
 .text.USBUART_CDCIsReady
                0x00001fec       0x24 .\ARM_GCC_541\Debug\RPS_PSOC5_Serial_01.a(USBUART_cdc.o)
                0x00001fec                USBUART_CDCIsReady
 .text.USBUART_GetAll
                0x00002010       0x4c .\ARM_GCC_541\Debug\RPS_PSOC5_Serial_01.a(USBUART_cdc.o)
                0x00002010                USBUART_GetAll
 .text.USBUART_Cdc_EpInit
                0x0000205c       0x90 .\ARM_GCC_541\Debug\RPS_PSOC5_Serial_01.a(USBUART_cdc.o)
                0x0000205c                USBUART_Cdc_EpInit
 .text.USBUART_EP_0_ISR
                0x000020ec       0xf8 .\ARM_GCC_541\Debug\RPS_PSOC5_Serial_01.a(USBUART_drv.o)
                0x000020ec                USBUART_EP_0_ISR
 .text.USBUART_HandleSetup
                0x000021e4       0x88 .\ARM_GCC_541\Debug\RPS_PSOC5_Serial_01.a(USBUART_drv.o)
                0x000021e4                USBUART_HandleSetup
 .text.USBUART_HandleIN
                0x0000226c       0x4c .\ARM_GCC_541\Debug\RPS_PSOC5_Serial_01.a(USBUART_drv.o)
                0x0000226c                USBUART_HandleIN
 .text.USBUART_HandleOUT
                0x000022b8       0x58 .\ARM_GCC_541\Debug\RPS_PSOC5_Serial_01.a(USBUART_drv.o)
                0x000022b8                USBUART_HandleOUT
 .text.USBUART_LoadEP0
                0x00002310       0xd0 .\ARM_GCC_541\Debug\RPS_PSOC5_Serial_01.a(USBUART_drv.o)
                0x00002310                USBUART_LoadEP0
 .text.USBUART_InitControlRead
                0x000023e0       0x70 .\ARM_GCC_541\Debug\RPS_PSOC5_Serial_01.a(USBUART_drv.o)
                0x000023e0                USBUART_InitControlRead
 .text.USBUART_InitZeroLengthControlTransfer
                0x00002450       0x40 .\ARM_GCC_541\Debug\RPS_PSOC5_Serial_01.a(USBUART_drv.o)
                0x00002450                USBUART_InitZeroLengthControlTransfer
 .text.USBUART_ControlReadDataStage
                0x00002490        0xc .\ARM_GCC_541\Debug\RPS_PSOC5_Serial_01.a(USBUART_drv.o)
                0x00002490                USBUART_ControlReadDataStage
 .text.USBUART_ControlReadStatusStage
                0x0000249c       0x40 .\ARM_GCC_541\Debug\RPS_PSOC5_Serial_01.a(USBUART_drv.o)
                0x0000249c                USBUART_ControlReadStatusStage
 .text.USBUART_InitControlWrite
                0x000024dc       0x64 .\ARM_GCC_541\Debug\RPS_PSOC5_Serial_01.a(USBUART_drv.o)
                0x000024dc                USBUART_InitControlWrite
 .text.USBUART_ControlWriteDataStage
                0x00002540       0xb4 .\ARM_GCC_541\Debug\RPS_PSOC5_Serial_01.a(USBUART_drv.o)
                0x00002540                USBUART_ControlWriteDataStage
 .text.USBUART_ControlWriteStatusStage
                0x000025f4       0x24 .\ARM_GCC_541\Debug\RPS_PSOC5_Serial_01.a(USBUART_drv.o)
                0x000025f4                USBUART_ControlWriteStatusStage
 .text.USBUART_InitNoDataControlTransfer
                0x00002618       0x38 .\ARM_GCC_541\Debug\RPS_PSOC5_Serial_01.a(USBUART_drv.o)
                0x00002618                USBUART_InitNoDataControlTransfer
 .text.USBUART_NoDataControlStatusStage
                0x00002650       0x4c .\ARM_GCC_541\Debug\RPS_PSOC5_Serial_01.a(USBUART_drv.o)
                0x00002650                USBUART_NoDataControlStatusStage
 .text.USBUART_UpdateStatusBlock
                0x0000269c       0x40 .\ARM_GCC_541\Debug\RPS_PSOC5_Serial_01.a(USBUART_drv.o)
                0x0000269c                USBUART_UpdateStatusBlock
 .text.USBUART_InitializeStatusBlock
                0x000026dc       0x34 .\ARM_GCC_541\Debug\RPS_PSOC5_Serial_01.a(USBUART_drv.o)
                0x000026dc                USBUART_InitializeStatusBlock
 .text.USBUART_EP_1_ISR
                0x00002710       0x48 .\ARM_GCC_541\Debug\RPS_PSOC5_Serial_01.a(USBUART_episr.o)
                0x00002710                USBUART_EP_1_ISR
 .text.USBUART_EP_2_ISR
                0x00002758       0x4c .\ARM_GCC_541\Debug\RPS_PSOC5_Serial_01.a(USBUART_episr.o)
                0x00002758                USBUART_EP_2_ISR
 .text.USBUART_EP_3_ISR
                0x000027a4       0x54 .\ARM_GCC_541\Debug\RPS_PSOC5_Serial_01.a(USBUART_episr.o)
                0x000027a4                USBUART_EP_3_ISR
 .text.USBUART_SOF_ISR
                0x000027f8        0xc .\ARM_GCC_541\Debug\RPS_PSOC5_Serial_01.a(USBUART_episr.o)
                0x000027f8                USBUART_SOF_ISR
 .text.USBUART_BUS_RESET_ISR
                0x00002804        0xc .\ARM_GCC_541\Debug\RPS_PSOC5_Serial_01.a(USBUART_episr.o)
                0x00002804                USBUART_BUS_RESET_ISR
 .text.USBUART_DispatchHIDClassRqst
                0x00002810      0x1e4 .\ARM_GCC_541\Debug\RPS_PSOC5_Serial_01.a(USBUART_hid.o)
                0x00002810                USBUART_DispatchHIDClassRqst
 .text.USBUART_FindHidClassDecriptor
                0x000029f4       0x7c .\ARM_GCC_541\Debug\RPS_PSOC5_Serial_01.a(USBUART_hid.o)
                0x000029f4                USBUART_FindHidClassDecriptor
 .text.USBUART_FindReportDescriptor
                0x00002a70       0x90 .\ARM_GCC_541\Debug\RPS_PSOC5_Serial_01.a(USBUART_hid.o)
                0x00002a70                USBUART_FindReportDescriptor
 .text.USBUART_FindReport
                0x00002b00       0xcc .\ARM_GCC_541\Debug\RPS_PSOC5_Serial_01.a(USBUART_hid.o)
                0x00002b00                USBUART_FindReport
 .text.USBUART_DP_ISR
                0x00002bcc        0xc .\ARM_GCC_541\Debug\RPS_PSOC5_Serial_01.a(USBUART_pm.o)
                0x00002bcc                USBUART_DP_ISR
 .text.USBUART_HandleStandardRqst
                0x00002bd8      0x4a4 .\ARM_GCC_541\Debug\RPS_PSOC5_Serial_01.a(USBUART_std.o)
                0x00002bd8                USBUART_HandleStandardRqst
 .text.USBUART_ReadDieID
                0x0000307c       0xd8 .\ARM_GCC_541\Debug\RPS_PSOC5_Serial_01.a(USBUART_std.o)
                0x0000307c                USBUART_ReadDieID
 .text.USBUART_ConfigReg
                0x00003154      0x138 .\ARM_GCC_541\Debug\RPS_PSOC5_Serial_01.a(USBUART_std.o)
                0x00003154                USBUART_ConfigReg
 .text.USBUART_Config
                0x0000328c      0x3a4 .\ARM_GCC_541\Debug\RPS_PSOC5_Serial_01.a(USBUART_std.o)
                0x0000328c                USBUART_Config
 .text.USBUART_ConfigAltChanged
                0x00003630      0x25c .\ARM_GCC_541\Debug\RPS_PSOC5_Serial_01.a(USBUART_std.o)
                0x00003630                USBUART_ConfigAltChanged
 .text.USBUART_GetConfigTablePtr
                0x0000388c       0x50 .\ARM_GCC_541\Debug\RPS_PSOC5_Serial_01.a(USBUART_std.o)
                0x0000388c                USBUART_GetConfigTablePtr
 .text.USBUART_GetDeviceTablePtr
                0x000038dc       0x24 .\ARM_GCC_541\Debug\RPS_PSOC5_Serial_01.a(USBUART_std.o)
                0x000038dc                USBUART_GetDeviceTablePtr
 .text.USBUART_GetInterfaceClassTablePtr
                0x00003900       0x4c .\ARM_GCC_541\Debug\RPS_PSOC5_Serial_01.a(USBUART_std.o)
                0x00003900                USBUART_GetInterfaceClassTablePtr
 .text.USBUART_SetEndpointHalt
                0x0000394c       0xe8 .\ARM_GCC_541\Debug\RPS_PSOC5_Serial_01.a(USBUART_std.o)
                0x0000394c                USBUART_SetEndpointHalt
 .text.USBUART_ClearEndpointHalt
                0x00003a34      0x158 .\ARM_GCC_541\Debug\RPS_PSOC5_Serial_01.a(USBUART_std.o)
                0x00003a34                USBUART_ClearEndpointHalt
 .text.USBUART_ValidateAlternateSetting
                0x00003b8c       0x70 .\ARM_GCC_541\Debug\RPS_PSOC5_Serial_01.a(USBUART_std.o)
                0x00003b8c                USBUART_ValidateAlternateSetting
 .text.USBUART_HandleVendorRqst
                0x00003bfc       0x54 .\ARM_GCC_541\Debug\RPS_PSOC5_Serial_01.a(USBUART_vnd.o)
                0x00003bfc                USBUART_HandleVendorRqst
 .text.I2C_EEPROM_Init
                0x00003c50       0x84 .\ARM_GCC_541\Debug\RPS_PSOC5_Serial_01.a(I2C_EEPROM.o)
                0x00003c50                I2C_EEPROM_Init
 .text.I2C_EEPROM_Enable
                0x00003cd4       0x48 .\ARM_GCC_541\Debug\RPS_PSOC5_Serial_01.a(I2C_EEPROM.o)
                0x00003cd4                I2C_EEPROM_Enable
 .text.I2C_EEPROM_Start
                0x00003d1c       0x30 .\ARM_GCC_541\Debug\RPS_PSOC5_Serial_01.a(I2C_EEPROM.o)
                0x00003d1c                I2C_EEPROM_Start
 .text.I2C_EEPROM_ISR
                0x00003d4c      0x3a8 .\ARM_GCC_541\Debug\RPS_PSOC5_Serial_01.a(I2C_EEPROM_INT.o)
                0x00003d4c                I2C_EEPROM_ISR
 .text.I2C_EEPROM_MasterWriteBuf
                0x000040f4      0x108 .\ARM_GCC_541\Debug\RPS_PSOC5_Serial_01.a(I2C_EEPROM_MASTER.o)
                0x000040f4                I2C_EEPROM_MasterWriteBuf
 .text.I2C_EEPROM_MasterReadBuf
                0x000041fc      0x110 .\ARM_GCC_541\Debug\RPS_PSOC5_Serial_01.a(I2C_EEPROM_MASTER.o)
                0x000041fc                I2C_EEPROM_MasterReadBuf
 .text.I2C_EEPROM_MasterStatus
                0x0000430c       0x50 .\ARM_GCC_541\Debug\RPS_PSOC5_Serial_01.a(I2C_EEPROM_MASTER.o)
                0x0000430c                I2C_EEPROM_MasterStatus
 .text.USBUART_Dp_ClearInterrupt
                0x0000435c       0x20 .\ARM_GCC_541\Debug\RPS_PSOC5_Serial_01.a(USBUART_Dp.o)
                0x0000435c                USBUART_Dp_ClearInterrupt
 .text.CyHalt   0x0000437c       0x18 .\ARM_GCC_541\Debug\RPS_PSOC5_Serial_01.a(CyLib.o)
                0x0000437c                CyHalt
 .text.CyDelay  0x00004394       0x44 .\ARM_GCC_541\Debug\RPS_PSOC5_Serial_01.a(CyLib.o)
                0x00004394                CyDelay
 .text.CyDelayUs
                0x000043d8       0x28 .\ARM_GCC_541\Debug\RPS_PSOC5_Serial_01.a(CyLib.o)
                0x000043d8                CyDelayUs
 .text.CyIntSetVector
                0x00004400       0x50 .\ARM_GCC_541\Debug\RPS_PSOC5_Serial_01.a(CyLib.o)
                0x00004400                CyIntSetVector
 .text.CyIntSetPriority
                0x00004450       0x48 .\ARM_GCC_541\Debug\RPS_PSOC5_Serial_01.a(CyLib.o)
                0x00004450                CyIntSetPriority
 .text.CyGetUniqueId
                0x00004498       0xc4 .\ARM_GCC_541\Debug\RPS_PSOC5_Serial_01.a(CyLib.o)
                0x00004498                CyGetUniqueId
 .text.IO_3_Write
                0x0000455c       0x38 .\ARM_GCC_541\Debug\RPS_PSOC5_Serial_01.a(IO_3.o)
                0x0000455c                IO_3_Write
 .text.IO_12_Write
                0x00004594       0x3c .\ARM_GCC_541\Debug\RPS_PSOC5_Serial_01.a(IO_12.o)
                0x00004594                IO_12_Write
 .text.IO_13_Write
                0x000045d0       0x3c .\ARM_GCC_541\Debug\RPS_PSOC5_Serial_01.a(IO_13.o)
                0x000045d0                IO_13_Write
 .text.IO_6_Write
                0x0000460c       0x34 .\ARM_GCC_541\Debug\RPS_PSOC5_Serial_01.a(IO_6.o)
                0x0000460c                IO_6_Write
 .text.IO_16_Write
                0x00004640       0x3c .\ARM_GCC_541\Debug\RPS_PSOC5_Serial_01.a(IO_16.o)
                0x00004640                IO_16_Write
 .text.IO_2_Write
                0x0000467c       0x3c .\ARM_GCC_541\Debug\RPS_PSOC5_Serial_01.a(IO_2.o)
                0x0000467c                IO_2_Write
 .text.IO_14_Write
                0x000046b8       0x34 .\ARM_GCC_541\Debug\RPS_PSOC5_Serial_01.a(IO_14.o)
                0x000046b8                IO_14_Write
 .text.IO_5_Write
                0x000046ec       0x3c .\ARM_GCC_541\Debug\RPS_PSOC5_Serial_01.a(IO_5.o)
                0x000046ec                IO_5_Write
 .text.IO_19_Write
                0x00004728       0x3c .\ARM_GCC_541\Debug\RPS_PSOC5_Serial_01.a(IO_19.o)
                0x00004728                IO_19_Write
 .text.IO_20_Write
                0x00004764       0x3c .\ARM_GCC_541\Debug\RPS_PSOC5_Serial_01.a(IO_20.o)
                0x00004764                IO_20_Write
 .text.IO_26_Write
                0x000047a0       0x3c .\ARM_GCC_541\Debug\RPS_PSOC5_Serial_01.a(IO_26.o)
                0x000047a0                IO_26_Write
 .text.IO_21_Write
                0x000047dc       0x38 .\ARM_GCC_541\Debug\RPS_PSOC5_Serial_01.a(IO_21.o)
                0x000047dc                IO_21_Write
 .text.IO_17_Write
                0x00004814       0x34 .\ARM_GCC_541\Debug\RPS_PSOC5_Serial_01.a(IO_17.o)
                0x00004814                IO_17_Write
 .text.IO_18_Write
                0x00004848       0x3c .\ARM_GCC_541\Debug\RPS_PSOC5_Serial_01.a(IO_18.o)
                0x00004848                IO_18_Write
 .text.IO_27_Write
                0x00004884       0x3c .\ARM_GCC_541\Debug\RPS_PSOC5_Serial_01.a(IO_27.o)
                0x00004884                IO_27_Write
 .text.IO_22_Write
                0x000048c0       0x3c .\ARM_GCC_541\Debug\RPS_PSOC5_Serial_01.a(IO_22.o)
                0x000048c0                IO_22_Write
 .text.IO_23_Write
                0x000048fc       0x3c .\ARM_GCC_541\Debug\RPS_PSOC5_Serial_01.a(IO_23.o)
                0x000048fc                IO_23_Write
 .text.IO_24_Write
                0x00004938       0x3c .\ARM_GCC_541\Debug\RPS_PSOC5_Serial_01.a(IO_24.o)
                0x00004938                IO_24_Write
 .text.IO_7_Write
                0x00004974       0x34 .\ARM_GCC_541\Debug\RPS_PSOC5_Serial_01.a(IO_7.o)
                0x00004974                IO_7_Write
 .text.IO_15_Write
                0x000049a8       0x3c .\ARM_GCC_541\Debug\RPS_PSOC5_Serial_01.a(IO_15.o)
                0x000049a8                IO_15_Write
 .text.IO_4_Write
                0x000049e4       0x3c .\ARM_GCC_541\Debug\RPS_PSOC5_Serial_01.a(IO_4.o)
                0x000049e4                IO_4_Write
 .text.IO_25_Write
                0x00004a20       0x38 .\ARM_GCC_541\Debug\RPS_PSOC5_Serial_01.a(IO_25.o)
                0x00004a20                IO_25_Write
 .text.IO_9_Write
                0x00004a58       0x3c .\ARM_GCC_541\Debug\RPS_PSOC5_Serial_01.a(IO_9.o)
                0x00004a58                IO_9_Write
 .text.IO_10_Write
                0x00004a94       0x34 .\ARM_GCC_541\Debug\RPS_PSOC5_Serial_01.a(IO_10.o)
                0x00004a94                IO_10_Write
 .text.IO_8_Write
                0x00004ac8       0x3c .\ARM_GCC_541\Debug\RPS_PSOC5_Serial_01.a(IO_8.o)
                0x00004ac8                IO_8_Write
 .text.IO_11_Write
                0x00004b04       0x3c .\ARM_GCC_541\Debug\RPS_PSOC5_Serial_01.a(IO_11.o)
                0x00004b04                IO_11_Write
 .text          0x00004b40       0x54 .\ARM_GCC_541\Debug\RPS_PSOC5_Serial_01.a(CyBootAsmGnu.o)
                0x00004b40                CyDelayCycles
                0x00004b7e                CyEnterCriticalSection
                0x00004b86                CyExitCriticalSection
 .text.USBUART_DispatchClassRqst
                0x00004b94       0x94 .\ARM_GCC_541\Debug\RPS_PSOC5_Serial_01.a(USBUART_cls.o)
                0x00004b94                USBUART_DispatchClassRqst
 .text.__errno  0x00004c28        0xc c:/program files (x86)/cypress/psoc creator/4.2/psoc creator/import/gnu/arm/5.4.1/bin/../lib/gcc/arm-none-eabi/5.4.1/../../../../arm-none-eabi/lib/armv7-m\libg_nano.a(lib_a-errno.o)
                0x00004c28                __errno
 .text.__libc_init_array
                0x00004c34       0x4c c:/program files (x86)/cypress/psoc creator/4.2/psoc creator/import/gnu/arm/5.4.1/bin/../lib/gcc/arm-none-eabi/5.4.1/../../../../arm-none-eabi/lib/armv7-m\libg_nano.a(lib_a-init.o)
                0x00004c34                __libc_init_array
 .text.memcpy   0x00004c80       0x16 c:/program files (x86)/cypress/psoc creator/4.2/psoc creator/import/gnu/arm/5.4.1/bin/../lib/gcc/arm-none-eabi/5.4.1/../../../../arm-none-eabi/lib/armv7-m\libg_nano.a(lib_a-memcpy-stub.o)
                0x00004c80                memcpy
 .text.memset   0x00004c96       0x10 c:/program files (x86)/cypress/psoc creator/4.2/psoc creator/import/gnu/arm/5.4.1/bin/../lib/gcc/arm-none-eabi/5.4.1/../../../../arm-none-eabi/lib/armv7-m\libg_nano.a(lib_a-memset.o)
                0x00004c96                memset
 *fill*         0x00004ca6        0x2 
 .text.sprintf  0x00004ca8       0x48 c:/program files (x86)/cypress/psoc creator/4.2/psoc creator/import/gnu/arm/5.4.1/bin/../lib/gcc/arm-none-eabi/5.4.1/../../../../arm-none-eabi/lib/armv7-m\libg_nano.a(lib_a-sprintf.o)
                0x00004ca8                siprintf
                0x00004ca8                sprintf
 .text.strcat   0x00004cf0       0x1e c:/program files (x86)/cypress/psoc creator/4.2/psoc creator/import/gnu/arm/5.4.1/bin/../lib/gcc/arm-none-eabi/5.4.1/../../../../arm-none-eabi/lib/armv7-m\libg_nano.a(lib_a-strcat.o)
                0x00004cf0                strcat
 .text          0x00004d0e       0x10 c:/program files (x86)/cypress/psoc creator/4.2/psoc creator/import/gnu/arm/5.4.1/bin/../lib/gcc/arm-none-eabi/5.4.1/../../../../arm-none-eabi/lib/armv7-m\libg_nano.a(lib_a-strlen.o)
                0x00004d0e                strlen
 .text.__ssputs_r
                0x00004d1e       0xb2 c:/program files (x86)/cypress/psoc creator/4.2/psoc creator/import/gnu/arm/5.4.1/bin/../lib/gcc/arm-none-eabi/5.4.1/../../../../arm-none-eabi/lib/armv7-m\libg_nano.a(lib_a-nano-svfprintf.o)
                0x00004d1e                __ssputs_r
 .text._svfprintf_r
                0x00004dd0      0x1e8 c:/program files (x86)/cypress/psoc creator/4.2/psoc creator/import/gnu/arm/5.4.1/bin/../lib/gcc/arm-none-eabi/5.4.1/../../../../arm-none-eabi/lib/armv7-m\libg_nano.a(lib_a-nano-svfprintf.o)
                0x00004dd0                _svfiprintf_r
                0x00004dd0                _svfprintf_r
 .text._printf_common
                0x00004fb8       0xec c:/program files (x86)/cypress/psoc creator/4.2/psoc creator/import/gnu/arm/5.4.1/bin/../lib/gcc/arm-none-eabi/5.4.1/../../../../arm-none-eabi/lib/armv7-m\libg_nano.a(lib_a-nano-vfprintf_i.o)
                0x00004fb8                _printf_common
 .text._printf_i
                0x000050a4      0x24c c:/program files (x86)/cypress/psoc creator/4.2/psoc creator/import/gnu/arm/5.4.1/bin/../lib/gcc/arm-none-eabi/5.4.1/../../../../arm-none-eabi/lib/armv7-m\libg_nano.a(lib_a-nano-vfprintf_i.o)
                0x000050a4                _printf_i
 .text.memchr   0x000052f0       0x1c c:/program files (x86)/cypress/psoc creator/4.2/psoc creator/import/gnu/arm/5.4.1/bin/../lib/gcc/arm-none-eabi/5.4.1/../../../../arm-none-eabi/lib/armv7-m\libg_nano.a(lib_a-memchr-stub.o)
                0x000052f0                memchr
 .text.memmove  0x0000530c       0x36 c:/program files (x86)/cypress/psoc creator/4.2/psoc creator/import/gnu/arm/5.4.1/bin/../lib/gcc/arm-none-eabi/5.4.1/../../../../arm-none-eabi/lib/armv7-m\libg_nano.a(lib_a-memmove.o)
                0x0000530c                memmove
 *fill*         0x00005342        0x2 
 .text._free_r  0x00005344       0x98 c:/program files (x86)/cypress/psoc creator/4.2/psoc creator/import/gnu/arm/5.4.1/bin/../lib/gcc/arm-none-eabi/5.4.1/../../../../arm-none-eabi/lib/armv7-m\libg_nano.a(lib_a-nano-freer.o)
                0x00005344                _free_r
 .text._malloc_r
                0x000053dc       0xbc c:/program files (x86)/cypress/psoc creator/4.2/psoc creator/import/gnu/arm/5.4.1/bin/../lib/gcc/arm-none-eabi/5.4.1/../../../../arm-none-eabi/lib/armv7-m\libg_nano.a(lib_a-nano-mallocr.o)
                0x000053dc                _malloc_r
 .text._realloc_r
                0x00005498       0x4c c:/program files (x86)/cypress/psoc creator/4.2/psoc creator/import/gnu/arm/5.4.1/bin/../lib/gcc/arm-none-eabi/5.4.1/../../../../arm-none-eabi/lib/armv7-m\libg_nano.a(lib_a-nano-reallocr.o)
                0x00005498                _realloc_r
 .text._sbrk_r  0x000054e4       0x20 c:/program files (x86)/cypress/psoc creator/4.2/psoc creator/import/gnu/arm/5.4.1/bin/../lib/gcc/arm-none-eabi/5.4.1/../../../../arm-none-eabi/lib/armv7-m\libg_nano.a(lib_a-sbrkr.o)
                0x000054e4                _sbrk_r
 .text.__malloc_lock
                0x00005504        0x2 c:/program files (x86)/cypress/psoc creator/4.2/psoc creator/import/gnu/arm/5.4.1/bin/../lib/gcc/arm-none-eabi/5.4.1/../../../../arm-none-eabi/lib/armv7-m\libg_nano.a(lib_a-mlock.o)
                0x00005504                __malloc_lock
 .text.__malloc_unlock
                0x00005506        0x2 c:/program files (x86)/cypress/psoc creator/4.2/psoc creator/import/gnu/arm/5.4.1/bin/../lib/gcc/arm-none-eabi/5.4.1/../../../../arm-none-eabi/lib/armv7-m\libg_nano.a(lib_a-mlock.o)
                0x00005506                __malloc_unlock
 .text._malloc_usable_size_r
                0x00005508       0x14 c:/program files (x86)/cypress/psoc creator/4.2/psoc creator/import/gnu/arm/5.4.1/bin/../lib/gcc/arm-none-eabi/5.4.1/../../../../arm-none-eabi/lib/armv7-m\libg_nano.a(lib_a-nano-msizer.o)
                0x00005508                _malloc_usable_size_r
 *(.plt)
 *(.gnu.warning)
 *(.glue_7t)
 .glue_7t       0x0000551c        0x0 linker stubs
 *(.glue_7)
 .glue_7        0x0000551c        0x0 linker stubs
 *(.vfp11_veneer)
 .vfp11_veneer  0x0000551c        0x0 linker stubs
 *(.bootloader)
 *(.ARM.extab* .gnu.linkonce.armextab.*)
 *(.gcc_except_table)

.v4_bx          0x0000551c        0x0
 .v4_bx         0x0000551c        0x0 linker stubs

.iplt           0x0000551c        0x0
 .iplt          0x0000551c        0x0 c:/program files (x86)/cypress/psoc creator/4.2/psoc creator/import/gnu/arm/5.4.1/bin/../lib/gcc/arm-none-eabi/5.4.1/armv7-m/crtbegin.o

.eh_frame_hdr
 *(.eh_frame_hdr)

.eh_frame       0x0000551c        0x4
 *(.eh_frame)
 .eh_frame      0x0000551c        0x0 c:/program files (x86)/cypress/psoc creator/4.2/psoc creator/import/gnu/arm/5.4.1/bin/../lib/gcc/arm-none-eabi/5.4.1/armv7-m/crtbegin.o
 .eh_frame      0x0000551c        0x4 c:/program files (x86)/cypress/psoc creator/4.2/psoc creator/import/gnu/arm/5.4.1/bin/../lib/gcc/arm-none-eabi/5.4.1/armv7-m/crtend.o
                [!provide]                PROVIDE (__exidx_start, .)

.ARM.exidx
 *(.ARM.exidx* .gnu.linkonce.armexidx.*)
                0x00005520                __exidx_end = .

.rodata         0x00005520      0xa38
 *(.rodata .rodata.* .gnu.linkonce.r.*)
 .rodata        0x00005520       0x17 .\ARM_GCC_541\Debug\ExtEEPROM.o
 *fill*         0x00005537        0x1 
 .rodata        0x00005538      0x151 .\ARM_GCC_541\Debug\EEPROM__Images.o
                0x00005538                rpp_uio_16_eeprom
                0x000055a8                raspi_plus_gvs_cfg_eeprom
                0x00005620                rppsoc_eeprom
 *fill*         0x00005689        0x3 
 .rodata        0x0000568c      0x4f7 .\ARM_GCC_541\Debug\PSoC_Menu.o
 *fill*         0x00005b83        0x1 
 .rodata        0x00005b84      0x17c .\ARM_GCC_541\Debug\cyfitter_cfg.o
 .rodata        0x00005d00       0x11 .\ARM_GCC_541\Debug\RPS_PSOC5_Serial_01.a(USBUART_std.o)
 *fill*         0x00005d11        0x3 
 .rodata        0x00005d14      0x1d4 .\ARM_GCC_541\Debug\RPS_PSOC5_Serial_01.a(USBUART_descr.o)
                0x00005d14                USBUART_DEVICE0_DESCR
                0x00005d28                USBUART_DEVICE0_CONFIGURATION0_DESCR
                0x00005d6c                USBUART_STRING_DESCRIPTORS
                0x00005e0c                USBUART_SN_STRING_DESCRIPTOR
                0x00005e10                USBUART_HIDREPORT_DESCRIPTOR1
                0x00005e48                USBUART_DEVICE0_CONFIGURATION0_EP_SETTINGS_TABLE
                0x00005e60                USBUART_DEVICE0_CONFIGURATION0_INTERFACE_CLASS
                0x00005e64                USBUART_DEVICE0_CONFIGURATION0_TABLE
                0x00005e8c                USBUART_DEVICE0_TABLE
                0x00005ea4                USBUART_TABLE
                0x00005eac                USBUART_MSOS_DESCRIPTOR
                0x00005ec0                USBUART_MSOS_CONFIGURATION_DESCR
 .rodata.str1.1
                0x00005ee8        0x2 c:/program files (x86)/cypress/psoc creator/4.2/psoc creator/import/gnu/arm/5.4.1/bin/../lib/gcc/arm-none-eabi/5.4.1/../../../../arm-none-eabi/lib/armv7-m\libg_nano.a(lib_a-impure.o)
 .rodata.str1.1
                0x00005eea       0x11 c:/program files (x86)/cypress/psoc creator/4.2/psoc creator/import/gnu/arm/5.4.1/bin/../lib/gcc/arm-none-eabi/5.4.1/../../../../arm-none-eabi/lib/armv7-m\libg_nano.a(lib_a-nano-svfprintf.o)
 .rodata.str1.1
                0x00005efb       0x22 c:/program files (x86)/cypress/psoc creator/4.2/psoc creator/import/gnu/arm/5.4.1/bin/../lib/gcc/arm-none-eabi/5.4.1/../../../../arm-none-eabi/lib/armv7-m\libg_nano.a(lib_a-nano-vfprintf_i.o)
                0x00005f20                . = ALIGN (0x4)
 *fill*         0x00005f1d        0x3 
 *(.init)
 .init          0x00005f20        0x4 c:/program files (x86)/cypress/psoc creator/4.2/psoc creator/import/gnu/arm/5.4.1/bin/../lib/gcc/arm-none-eabi/5.4.1/armv7-m/crti.o
                0x00005f20                _init
 .init          0x00005f24        0x8 c:/program files (x86)/cypress/psoc creator/4.2/psoc creator/import/gnu/arm/5.4.1/bin/../lib/gcc/arm-none-eabi/5.4.1/armv7-m/crtn.o
                0x00005f2c                . = ALIGN (0x4)
                0x00005f2c                __preinit_array_start = .
 *(.preinit_array)
                0x00005f2c                __preinit_array_end = .
                0x00005f2c                . = ALIGN (0x4)
                0x00005f2c                __init_array_start = .
 *(SORT(.init_array.*))
 *(.init_array)
 .init_array    0x00005f2c        0x4 c:/program files (x86)/cypress/psoc creator/4.2/psoc creator/import/gnu/arm/5.4.1/bin/../lib/gcc/arm-none-eabi/5.4.1/armv7-m/crtbegin.o
 .init_array    0x00005f30        0x4 .\ARM_GCC_541\Debug\Cm3Start.o
                0x00005f34                __init_array_end = .
                0x00005f34                . = ALIGN (0x4)
 *(.fini)
 .fini          0x00005f34        0x4 c:/program files (x86)/cypress/psoc creator/4.2/psoc creator/import/gnu/arm/5.4.1/bin/../lib/gcc/arm-none-eabi/5.4.1/armv7-m/crti.o
                0x00005f34                _fini
 .fini          0x00005f38        0x8 c:/program files (x86)/cypress/psoc creator/4.2/psoc creator/import/gnu/arm/5.4.1/bin/../lib/gcc/arm-none-eabi/5.4.1/armv7-m/crtn.o
                0x00005f40                . = ALIGN (0x4)
                0x00005f40                __fini_array_start = .
 *(.fini_array)
 .fini_array    0x00005f40        0x4 c:/program files (x86)/cypress/psoc creator/4.2/psoc creator/import/gnu/arm/5.4.1/bin/../lib/gcc/arm-none-eabi/5.4.1/armv7-m/crtbegin.o
 *(SORT(.fini_array.*))
                0x00005f44                __fini_array_end = .
                0x00005f44                . = ALIGN (0x4)
 *crtbegin.o(.ctors)
 *(EXCLUDE_FILE(*crtend.o) .ctors)
 *(SORT(.ctors.*))
 *crtend.o(.ctors)
                0x00005f44                . = ALIGN (0x4)
 *crtbegin.o(.dtors)
 *(EXCLUDE_FILE(*crtend.o) .dtors)
 *(SORT(.dtors.*))
 *crtend.o(.dtors)
                0x00005f44                . = ALIGN (0x4)
                0x00005f44                __cy_regions = .
                0x00005f44        0x4 LONG 0x5f58 __cy_region_init_ram
                0x00005f48        0x4 LONG 0x1fffc0c8 __cy_region_start_data
                0x00005f4c        0x4 LONG 0x98 __cy_region_init_size_ram
                0x00005f50        0x4 LONG 0x180 __cy_region_zero_size_ram
                0x00005f54                __cy_regions_end = .
                0x00005f58                . = ALIGN (0x8)
 *fill*         0x00005f54        0x4 
                0x00005f58                _etext = .

.cy_checksum_exclude
                0x00005f58        0x0
 *(.cy_checksum_exclude)

.ramvectors     0x1fffc000       0xc0
                0x1fffc000                __cy_region_start_ram = .
 *(.ramvectors)
 .ramvectors    0x1fffc000       0xc0 .\ARM_GCC_541\Debug\Cm3Start.o
                0x1fffc000                CyRamVectors

.noinit         0x1fffc0c0        0x5
 *(.noinit)
 .noinit        0x1fffc0c0        0x4 .\ARM_GCC_541\Debug\Cm3Start.o
 .noinit        0x1fffc0c4        0x1 .\ARM_GCC_541\Debug\RPS_PSOC5_Serial_01.a(CyLib.o)
                0x1fffc0c4                CyResetStatus

.data           0x1fffc0c8       0x98 load address 0x00005f58
                0x1fffc0c8                __cy_region_start_data = .
 *(.jcr)
 .jcr           0x1fffc0c8        0x0 c:/program files (x86)/cypress/psoc creator/4.2/psoc creator/import/gnu/arm/5.4.1/bin/../lib/gcc/arm-none-eabi/5.4.1/armv7-m/crtbegin.o
 .jcr           0x1fffc0c8        0x4 c:/program files (x86)/cypress/psoc creator/4.2/psoc creator/import/gnu/arm/5.4.1/bin/../lib/gcc/arm-none-eabi/5.4.1/armv7-m/crtend.o
 *(.got.plt)
 *(.got)
 *(.shdata)
 *(.data .data.* .gnu.linkonce.d.*)
 .data          0x1fffc0cc        0x4 .\ARM_GCC_541\Debug\Cm3Start.o
 .data          0x1fffc0d0       0x1a .\ARM_GCC_541\Debug\RPS_PSOC5_Serial_01.a(USBUART_cdc.o)
                0x1fffc0d0                USBUART_linesCoding
 *fill*         0x1fffc0ea        0x2 
 .data          0x1fffc0ec       0x10 .\ARM_GCC_541\Debug\RPS_PSOC5_Serial_01.a(CyLib.o)
                0x1fffc0ec                cydelay_freq_hz
                0x1fffc0f0                cydelay_freq_khz
                0x1fffc0f4                cydelay_freq_mhz
                0x1fffc0f8                cydelay_32k_ms
 .data.impure_data
                0x1fffc0fc       0x60 c:/program files (x86)/cypress/psoc creator/4.2/psoc creator/import/gnu/arm/5.4.1/bin/../lib/gcc/arm-none-eabi/5.4.1/../../../../arm-none-eabi/lib/armv7-m\libg_nano.a(lib_a-impure.o)
 .data._impure_ptr
                0x1fffc15c        0x4 c:/program files (x86)/cypress/psoc creator/4.2/psoc creator/import/gnu/arm/5.4.1/bin/../lib/gcc/arm-none-eabi/5.4.1/../../../../arm-none-eabi/lib/armv7-m\libg_nano.a(lib_a-impure.o)
                0x1fffc15c                _impure_ptr
                0x1fffc160                . = ALIGN (0x8)
 *(.ram)
                0x1fffc160                _edata = .

.igot.plt       0x1fffc160        0x0 load address 0x00005ff0
 .igot.plt      0x1fffc160        0x0 c:/program files (x86)/cypress/psoc creator/4.2/psoc creator/import/gnu/arm/5.4.1/bin/../lib/gcc/arm-none-eabi/5.4.1/armv7-m/crtbegin.o

.bss            0x1fffc160      0x180 load address 0x00005ff0
                0x1fffc160                PROVIDE (__bss_start__, .)
 *(.shbss)
 *(.bss .bss.* .gnu.linkonce.b.*)
 .bss           0x1fffc160       0x1c c:/program files (x86)/cypress/psoc creator/4.2/psoc creator/import/gnu/arm/5.4.1/bin/../lib/gcc/arm-none-eabi/5.4.1/armv7-m/crtbegin.o
 .bss           0x1fffc17c        0x1 .\ARM_GCC_541\Debug\RPS_PSOC5_Serial_01.a(USBUART.o)
                0x1fffc17c                USBUART_initVar
 .bss           0x1fffc17d        0x1 .\ARM_GCC_541\Debug\RPS_PSOC5_Serial_01.a(USBUART_cdc.o)
 *fill*         0x1fffc17e        0x2 
 .bss           0x1fffc180        0x2 .\ARM_GCC_541\Debug\RPS_PSOC5_Serial_01.a(USBUART_std.o)
 .bss           0x1fffc182        0x1 .\ARM_GCC_541\Debug\RPS_PSOC5_Serial_01.a(I2C_EEPROM.o)
                0x1fffc182                I2C_EEPROM_initVar
 *fill*         0x1fffc183        0x1 
 .bss.__malloc_sbrk_start
                0x1fffc184        0x4 c:/program files (x86)/cypress/psoc creator/4.2/psoc creator/import/gnu/arm/5.4.1/bin/../lib/gcc/arm-none-eabi/5.4.1/../../../../arm-none-eabi/lib/armv7-m\libg_nano.a(lib_a-nano-mallocr.o)
                0x1fffc184                __malloc_sbrk_start
 .bss.__malloc_free_list
                0x1fffc188        0x4 c:/program files (x86)/cypress/psoc creator/4.2/psoc creator/import/gnu/arm/5.4.1/bin/../lib/gcc/arm-none-eabi/5.4.1/../../../../arm-none-eabi/lib/armv7-m\libg_nano.a(lib_a-nano-mallocr.o)
                0x1fffc188                __malloc_free_list
 *(COMMON)
 COMMON         0x1fffc18c       0x54 .\ARM_GCC_541\Debug\PSoC_Menu.o
                0x1fffc18c                receiveBufferPtr
                0x1fffc18d                gotCRorLF
                0x1fffc190                receiveBuffer
 COMMON         0x1fffc1e0       0x18 .\ARM_GCC_541\Debug\RPS_PSOC5_Serial_01.a(USBUART_cdc.o)
                0x1fffc1e0                USBUART_linesChanged
                0x1fffc1e4                USBUART_cdcDataInEp
                0x1fffc1e8                USBUART_cdcCommInInterruptEp
                0x1fffc1ec                USBUART_cdcDataOutEp
                0x1fffc1f0                USBUART_serialStateBitmap
                0x1fffc1f4                USBUART_linesControlBitmap
 COMMON         0x1fffc1f8       0x9a .\ARM_GCC_541\Debug\RPS_PSOC5_Serial_01.a(USBUART_drv.o)
                0x1fffc1f8                USBUART_lastPacketSize
                0x1fffc1f9                USBUART_device
                0x1fffc1fa                USBUART_transferByteCount
                0x1fffc1fc                USBUART_transferState
                0x1fffc200                USBUART_interfaceSettingLast
                0x1fffc204                USBUART_currentTD
                0x1fffc210                USBUART_interfaceNumber
                0x1fffc214                USBUART_interfaceClass
                0x1fffc218                USBUART_configurationChanged
                0x1fffc219                USBUART_ep0Mode
                0x1fffc21a                USBUART_deviceAddress
                0x1fffc21b                USBUART_configuration
                0x1fffc21c                USBUART_ep0Count
                0x1fffc21d                USBUART_deviceStatus
                0x1fffc220                USBUART_EP
                0x1fffc28c                USBUART_interfaceSetting
                0x1fffc28e                USBUART_ep0Toggle
                0x1fffc290                USBUART_interfaceStatus
 *fill*         0x1fffc292        0x2 
 COMMON         0x1fffc294        0xa .\ARM_GCC_541\Debug\RPS_PSOC5_Serial_01.a(USBUART_hid.o)
                0x1fffc294                USBUART_hidProtocol
                0x1fffc298                USBUART_hidIdleTimer
                0x1fffc29c                USBUART_hidIdleRate
 COMMON         0x1fffc29e        0x1 .\ARM_GCC_541\Debug\RPS_PSOC5_Serial_01.a(I2C_EEPROM.o)
                0x1fffc29e                I2C_EEPROM_state
 *fill*         0x1fffc29f        0x1 
 COMMON         0x1fffc2a0       0x11 .\ARM_GCC_541\Debug\RPS_PSOC5_Serial_01.a(I2C_EEPROM_MASTER.o)
                0x1fffc2a0                I2C_EEPROM_mstrStatus
                0x1fffc2a4                I2C_EEPROM_mstrWrBufPtr
                0x1fffc2a8                I2C_EEPROM_mstrRdBufPtr
                0x1fffc2ac                I2C_EEPROM_mstrRdBufSize
                0x1fffc2ad                I2C_EEPROM_mstrControl
                0x1fffc2ae                I2C_EEPROM_mstrWrBufIndex
                0x1fffc2af                I2C_EEPROM_mstrRdBufIndex
                0x1fffc2b0                I2C_EEPROM_mstrWrBufSize
 *fill*         0x1fffc2b1        0x3 
 COMMON         0x1fffc2b4       0x22 .\ARM_GCC_541\Debug\RPS_PSOC5_Serial_01.a(USBUART_descr.o)
                0x1fffc2b4                USBUART_idSerialNumberStringDescriptor
 *fill*         0x1fffc2d6        0x2 
 COMMON         0x1fffc2d8        0x4 c:/program files (x86)/cypress/psoc creator/4.2/psoc creator/import/gnu/arm/5.4.1/bin/../lib/gcc/arm-none-eabi/5.4.1/../../../../arm-none-eabi/lib/armv7-m\libg_nano.a(lib_a-reent.o)
                0x1fffc2d8                errno
                0x1fffc2e0                . = ALIGN (0x8)
 *fill*         0x1fffc2dc        0x4 
 *(.ram.b)
                0x1fffc2e0                _end = .
                0x1fffc2e0                __end = .
                0x1fffc2e0                PROVIDE (end, .)
                0x1fffc2e0                PROVIDE (__bss_end__, .)
                0x00005f58                __cy_region_init_ram = LOADADDR (.data)
                0x00000098                __cy_region_init_size_ram = (_edata - ADDR (.data))
                0x00000180                __cy_region_zero_size_ram = (_end - _edata)

.heap           0x1fffc2e0       0x80 load address 0x00005ff0
                0x1fffc2e0                . = _end
                0x1fffc360                . = (. + 0x80)
 *fill*         0x1fffc2e0       0x80 
                0x1fffc360                __cy_heap_limit = .

.stack          0x20003800      0x800
                0x20003800                __cy_stack_limit = .
                0x20004000                . = (. + 0x800)
 *fill*         0x20003800      0x800 
                0x00000001                ASSERT ((__cy_stack_limit >= __cy_heap_limit), region RAM overflowed with stack)
                0x00000000                cy_checksum_exclude_size = (CY_APPL_LOADABLE == 0x1)?SIZEOF (.cy_checksum_exclude):0x0
                0x00000001                ASSERT ((cy_checksum_exclude_size <= CY_CHECKSUM_EXCLUDE_SIZE), CY_BOOT: Section .cy_checksum_exclude size exceedes specified limit.)

.cyloadermeta
 *(.cyloadermeta)

.cyloadablemeta
 *(.cyloadablemeta)

.cyconfigecc    0x80000000        0x1
 *(.cyconfigecc)
 .cyconfigecc   0x80000000        0x1 .\ARM_GCC_541\Debug\cymetadata.o
                0x80000000                cy_meta_configecc

.cycustnvl      0x90000000        0x4
 *(.cycustnvl)
 .cycustnvl     0x90000000        0x4 .\ARM_GCC_541\Debug\cymetadata.o
                0x90000000                cy_meta_custnvl

.cywolatch      0x90100000        0x4
 *(.cywolatch)
 .cywolatch     0x90100000        0x4 .\ARM_GCC_541\Debug\cymetadata.o
                0x90100000                cy_meta_wonvl

.cyeeprom       0x90200000        0x0
 *(.cyeeprom)
                0x00000001                ASSERT ((. <= ((0x90200000 + ee_offset) + ee_size)), .cyeeprom data will not fit in EEPROM)

.cyflashprotect
                0x90400000       0x80
 *(.cyflashprotect)
 .cyflashprotect
                0x90400000       0x80 .\ARM_GCC_541\Debug\cymetadata.o
                0x90400000                cy_meta_flashprotect

.cymeta         0x90500000        0xc
 *(.cymeta)
 .cymeta        0x90500000        0xc .\ARM_GCC_541\Debug\cymetadata.o
                0x90500000                cy_metadata

.rel.dyn        0x00005ff0        0x0 load address 0x9050000c
 .rel.iplt      0x00005ff0        0x0 c:/program files (x86)/cypress/psoc creator/4.2/psoc creator/import/gnu/arm/5.4.1/bin/../lib/gcc/arm-none-eabi/5.4.1/armv7-m/crtbegin.o

.stab
 *(.stab)

.stabstr
 *(.stabstr)

.debug
 *(.debug)

.line
 *(.line)

.debug_srcinfo
 *(.debug_srcinfo)

.debug_sfnames
 *(.debug_sfnames)

.debug_aranges  0x00000000     0x1210
 *(.debug_aranges)
 .debug_aranges
                0x00000000       0x20 .\ARM_GCC_541\Debug\main.o
 .debug_aranges
                0x00000020       0x28 .\ARM_GCC_541\Debug\Test_RPP-UIO_16.o
 .debug_aranges
                0x00000048       0x28 .\ARM_GCC_541\Debug\RasPi_Pins.o
 .debug_aranges
                0x00000070       0x38 .\ARM_GCC_541\Debug\ExtEEPROM.o
 .debug_aranges
                0x000000a8       0x18 .\ARM_GCC_541\Debug\EEPROM__Images.o
 .debug_aranges
                0x000000c0       0x20 .\ARM_GCC_541\Debug\Test_RASPI_GVS.o
 .debug_aranges
                0x000000e0       0x20 .\ARM_GCC_541\Debug\Test_RASPI_PLUS_GVS.o
 .debug_aranges
                0x00000100       0x50 .\ARM_GCC_541\Debug\PSoC_Menu.o
 .debug_aranges
                0x00000150       0x20 .\ARM_GCC_541\Debug\Test_RPI_2C_HUB.o
 .debug_aranges
                0x00000170       0x60 .\ARM_GCC_541\Debug\cyfitter_cfg.o
 .debug_aranges
                0x000001d0       0x18 .\ARM_GCC_541\Debug\cymetadata.o
 .debug_aranges
                0x000001e8       0x48 .\ARM_GCC_541\Debug\Cm3Start.o
 .debug_aranges
                0x00000230       0xc8 .\ARM_GCC_541\Debug\RPS_PSOC5_Serial_01.a(USBUART.o)
 .debug_aranges
                0x000002f8       0xe8 .\ARM_GCC_541\Debug\RPS_PSOC5_Serial_01.a(USBUART_cdc.o)
 .debug_aranges
                0x000003e0       0x98 .\ARM_GCC_541\Debug\RPS_PSOC5_Serial_01.a(USBUART_drv.o)
 .debug_aranges
                0x00000478       0x40 .\ARM_GCC_541\Debug\RPS_PSOC5_Serial_01.a(USBUART_episr.o)
 .debug_aranges
                0x000004b8       0x48 .\ARM_GCC_541\Debug\RPS_PSOC5_Serial_01.a(USBUART_hid.o)
 .debug_aranges
                0x00000500       0x40 .\ARM_GCC_541\Debug\RPS_PSOC5_Serial_01.a(USBUART_pm.o)
 .debug_aranges
                0x00000540       0x80 .\ARM_GCC_541\Debug\RPS_PSOC5_Serial_01.a(USBUART_std.o)
 .debug_aranges
                0x000005c0       0x20 .\ARM_GCC_541\Debug\RPS_PSOC5_Serial_01.a(USBUART_vnd.o)
 .debug_aranges
                0x000005e0       0x38 .\ARM_GCC_541\Debug\RPS_PSOC5_Serial_01.a(I2C_EEPROM.o)
 .debug_aranges
                0x00000618       0x20 .\ARM_GCC_541\Debug\RPS_PSOC5_Serial_01.a(I2C_EEPROM_INT.o)
 .debug_aranges
                0x00000638       0x38 .\ARM_GCC_541\Debug\RPS_PSOC5_Serial_01.a(I2C_EEPROM_PM.o)
 .debug_aranges
                0x00000670       0x80 .\ARM_GCC_541\Debug\RPS_PSOC5_Serial_01.a(I2C_EEPROM_MASTER.o)
 .debug_aranges
                0x000006f0       0x48 .\ARM_GCC_541\Debug\RPS_PSOC5_Serial_01.a(USBUART_Dp.o)
 .debug_aranges
                0x00000738      0x2a8 .\ARM_GCC_541\Debug\RPS_PSOC5_Serial_01.a(CyLib.o)
 .debug_aranges
                0x000009e0       0x98 .\ARM_GCC_541\Debug\RPS_PSOC5_Serial_01.a(cyPm.o)
 .debug_aranges
                0x00000a78       0x38 .\ARM_GCC_541\Debug\RPS_PSOC5_Serial_01.a(IO_3.o)
 .debug_aranges
                0x00000ab0       0x38 .\ARM_GCC_541\Debug\RPS_PSOC5_Serial_01.a(IO_12.o)
 .debug_aranges
                0x00000ae8       0x38 .\ARM_GCC_541\Debug\RPS_PSOC5_Serial_01.a(IO_13.o)
 .debug_aranges
                0x00000b20       0x38 .\ARM_GCC_541\Debug\RPS_PSOC5_Serial_01.a(IO_6.o)
 .debug_aranges
                0x00000b58       0x38 .\ARM_GCC_541\Debug\RPS_PSOC5_Serial_01.a(IO_16.o)
 .debug_aranges
                0x00000b90       0x38 .\ARM_GCC_541\Debug\RPS_PSOC5_Serial_01.a(IO_2.o)
 .debug_aranges
                0x00000bc8       0x38 .\ARM_GCC_541\Debug\RPS_PSOC5_Serial_01.a(IO_14.o)
 .debug_aranges
                0x00000c00       0x38 .\ARM_GCC_541\Debug\RPS_PSOC5_Serial_01.a(IO_5.o)
 .debug_aranges
                0x00000c38       0x38 .\ARM_GCC_541\Debug\RPS_PSOC5_Serial_01.a(IO_19.o)
 .debug_aranges
                0x00000c70       0x38 .\ARM_GCC_541\Debug\RPS_PSOC5_Serial_01.a(IO_20.o)
 .debug_aranges
                0x00000ca8       0x38 .\ARM_GCC_541\Debug\RPS_PSOC5_Serial_01.a(IO_26.o)
 .debug_aranges
                0x00000ce0       0x38 .\ARM_GCC_541\Debug\RPS_PSOC5_Serial_01.a(IO_21.o)
 .debug_aranges
                0x00000d18       0x38 .\ARM_GCC_541\Debug\RPS_PSOC5_Serial_01.a(IO_17.o)
 .debug_aranges
                0x00000d50       0x38 .\ARM_GCC_541\Debug\RPS_PSOC5_Serial_01.a(IO_18.o)
 .debug_aranges
                0x00000d88       0x38 .\ARM_GCC_541\Debug\RPS_PSOC5_Serial_01.a(IO_27.o)
 .debug_aranges
                0x00000dc0       0x38 .\ARM_GCC_541\Debug\RPS_PSOC5_Serial_01.a(IO_22.o)
 .debug_aranges
                0x00000df8       0x38 .\ARM_GCC_541\Debug\RPS_PSOC5_Serial_01.a(IO_23.o)
 .debug_aranges
                0x00000e30       0x38 .\ARM_GCC_541\Debug\RPS_PSOC5_Serial_01.a(IO_24.o)
 .debug_aranges
                0x00000e68       0x38 .\ARM_GCC_541\Debug\RPS_PSOC5_Serial_01.a(IO_7.o)
 .debug_aranges
                0x00000ea0       0x38 .\ARM_GCC_541\Debug\RPS_PSOC5_Serial_01.a(IO_15.o)
 .debug_aranges
                0x00000ed8       0x38 .\ARM_GCC_541\Debug\RPS_PSOC5_Serial_01.a(IO_4.o)
 .debug_aranges
                0x00000f10       0x38 .\ARM_GCC_541\Debug\RPS_PSOC5_Serial_01.a(IO_25.o)
 .debug_aranges
                0x00000f48       0x38 .\ARM_GCC_541\Debug\RPS_PSOC5_Serial_01.a(IO_9.o)
 .debug_aranges
                0x00000f80       0x38 .\ARM_GCC_541\Debug\RPS_PSOC5_Serial_01.a(IO_10.o)
 .debug_aranges
                0x00000fb8       0x38 .\ARM_GCC_541\Debug\RPS_PSOC5_Serial_01.a(IO_8.o)
 .debug_aranges
                0x00000ff0       0x38 .\ARM_GCC_541\Debug\RPS_PSOC5_Serial_01.a(IO_11.o)
 .debug_aranges
                0x00001028       0x20 .\ARM_GCC_541\Debug\RPS_PSOC5_Serial_01.a(CyBootAsmGnu.o)
 .debug_aranges
                0x00001048       0x80 .\ARM_GCC_541\Debug\RPS_PSOC5_Serial_01.a(CyScBoostClk.o)
 .debug_aranges
                0x000010c8       0x20 .\ARM_GCC_541\Debug\RPS_PSOC5_Serial_01.a(USBUART_cls.o)
 .debug_aranges
                0x000010e8       0x18 .\ARM_GCC_541\Debug\RPS_PSOC5_Serial_01.a(USBUART_descr.o)
 .debug_aranges
                0x00001100       0x90 .\ARM_GCC_541\Debug\RPS_PSOC5_Serial_01.a(CyFlash.o)
 .debug_aranges
                0x00001190       0x80 .\ARM_GCC_541\Debug\RPS_PSOC5_Serial_01.a(CySpc.o)

.debug_pubnames
 *(.debug_pubnames)

.debug_info     0x00000000     0x8d74
 *(.debug_info .gnu.linkonce.wi.*)
 .debug_info    0x00000000      0x13d .\ARM_GCC_541\Debug\main.o
 .debug_info    0x0000013d      0x1a4 .\ARM_GCC_541\Debug\Test_RPP-UIO_16.o
 .debug_info    0x000002e1      0x1d3 .\ARM_GCC_541\Debug\RasPi_Pins.o
 .debug_info    0x000004b4      0x3ad .\ARM_GCC_541\Debug\ExtEEPROM.o
 .debug_info    0x00000861      0x131 .\ARM_GCC_541\Debug\EEPROM__Images.o
 .debug_info    0x00000992      0x180 .\ARM_GCC_541\Debug\Test_RASPI_GVS.o
 .debug_info    0x00000b12      0x180 .\ARM_GCC_541\Debug\Test_RASPI_PLUS_GVS.o
 .debug_info    0x00000c92      0x2cb .\ARM_GCC_541\Debug\PSoC_Menu.o
 .debug_info    0x00000f5d       0xc7 .\ARM_GCC_541\Debug\Test_RPI_2C_HUB.o
 .debug_info    0x00001024      0x4c1 .\ARM_GCC_541\Debug\cyfitter_cfg.o
 .debug_info    0x000014e5      0x134 .\ARM_GCC_541\Debug\cymetadata.o
 .debug_info    0x00001619      0x32b .\ARM_GCC_541\Debug\Cm3Start.o
 .debug_info    0x00001944      0x747 .\ARM_GCC_541\Debug\RPS_PSOC5_Serial_01.a(USBUART.o)
 .debug_info    0x0000208b      0x924 .\ARM_GCC_541\Debug\RPS_PSOC5_Serial_01.a(USBUART_cdc.o)
 .debug_info    0x000029af      0x52d .\ARM_GCC_541\Debug\RPS_PSOC5_Serial_01.a(USBUART_drv.o)
 .debug_info    0x00002edc      0x23b .\ARM_GCC_541\Debug\RPS_PSOC5_Serial_01.a(USBUART_episr.o)
 .debug_info    0x00003117      0x37b .\ARM_GCC_541\Debug\RPS_PSOC5_Serial_01.a(USBUART_hid.o)
 .debug_info    0x00003492      0x18d .\ARM_GCC_541\Debug\RPS_PSOC5_Serial_01.a(USBUART_pm.o)
 .debug_info    0x0000361f      0x961 .\ARM_GCC_541\Debug\RPS_PSOC5_Serial_01.a(USBUART_std.o)
 .debug_info    0x00003f80      0x1a9 .\ARM_GCC_541\Debug\RPS_PSOC5_Serial_01.a(USBUART_vnd.o)
 .debug_info    0x00004129      0x201 .\ARM_GCC_541\Debug\RPS_PSOC5_Serial_01.a(I2C_EEPROM.o)
 .debug_info    0x0000432a      0x156 .\ARM_GCC_541\Debug\RPS_PSOC5_Serial_01.a(I2C_EEPROM_INT.o)
 .debug_info    0x00004480      0x19a .\ARM_GCC_541\Debug\RPS_PSOC5_Serial_01.a(I2C_EEPROM_PM.o)
 .debug_info    0x0000461a      0x3f8 .\ARM_GCC_541\Debug\RPS_PSOC5_Serial_01.a(I2C_EEPROM_MASTER.o)
 .debug_info    0x00004a12      0x171 .\ARM_GCC_541\Debug\RPS_PSOC5_Serial_01.a(USBUART_Dp.o)
 .debug_info    0x00004b83      0xe88 .\ARM_GCC_541\Debug\RPS_PSOC5_Serial_01.a(CyLib.o)
 .debug_info    0x00005a0b      0x57a .\ARM_GCC_541\Debug\RPS_PSOC5_Serial_01.a(cyPm.o)
 .debug_info    0x00005f85      0x11e .\ARM_GCC_541\Debug\RPS_PSOC5_Serial_01.a(IO_3.o)
 .debug_info    0x000060a3      0x11e .\ARM_GCC_541\Debug\RPS_PSOC5_Serial_01.a(IO_12.o)
 .debug_info    0x000061c1      0x11e .\ARM_GCC_541\Debug\RPS_PSOC5_Serial_01.a(IO_13.o)
 .debug_info    0x000062df      0x11e .\ARM_GCC_541\Debug\RPS_PSOC5_Serial_01.a(IO_6.o)
 .debug_info    0x000063fd      0x11e .\ARM_GCC_541\Debug\RPS_PSOC5_Serial_01.a(IO_16.o)
 .debug_info    0x0000651b      0x11e .\ARM_GCC_541\Debug\RPS_PSOC5_Serial_01.a(IO_2.o)
 .debug_info    0x00006639      0x11e .\ARM_GCC_541\Debug\RPS_PSOC5_Serial_01.a(IO_14.o)
 .debug_info    0x00006757      0x11e .\ARM_GCC_541\Debug\RPS_PSOC5_Serial_01.a(IO_5.o)
 .debug_info    0x00006875      0x11e .\ARM_GCC_541\Debug\RPS_PSOC5_Serial_01.a(IO_19.o)
 .debug_info    0x00006993      0x11e .\ARM_GCC_541\Debug\RPS_PSOC5_Serial_01.a(IO_20.o)
 .debug_info    0x00006ab1      0x11e .\ARM_GCC_541\Debug\RPS_PSOC5_Serial_01.a(IO_26.o)
 .debug_info    0x00006bcf      0x11e .\ARM_GCC_541\Debug\RPS_PSOC5_Serial_01.a(IO_21.o)
 .debug_info    0x00006ced      0x11e .\ARM_GCC_541\Debug\RPS_PSOC5_Serial_01.a(IO_17.o)
 .debug_info    0x00006e0b      0x11e .\ARM_GCC_541\Debug\RPS_PSOC5_Serial_01.a(IO_18.o)
 .debug_info    0x00006f29      0x11e .\ARM_GCC_541\Debug\RPS_PSOC5_Serial_01.a(IO_27.o)
 .debug_info    0x00007047      0x11e .\ARM_GCC_541\Debug\RPS_PSOC5_Serial_01.a(IO_22.o)
 .debug_info    0x00007165      0x11e .\ARM_GCC_541\Debug\RPS_PSOC5_Serial_01.a(IO_23.o)
 .debug_info    0x00007283      0x11e .\ARM_GCC_541\Debug\RPS_PSOC5_Serial_01.a(IO_24.o)
 .debug_info    0x000073a1      0x11e .\ARM_GCC_541\Debug\RPS_PSOC5_Serial_01.a(IO_7.o)
 .debug_info    0x000074bf      0x11e .\ARM_GCC_541\Debug\RPS_PSOC5_Serial_01.a(IO_15.o)
 .debug_info    0x000075dd      0x11e .\ARM_GCC_541\Debug\RPS_PSOC5_Serial_01.a(IO_4.o)
 .debug_info    0x000076fb      0x11e .\ARM_GCC_541\Debug\RPS_PSOC5_Serial_01.a(IO_25.o)
 .debug_info    0x00007819      0x11e .\ARM_GCC_541\Debug\RPS_PSOC5_Serial_01.a(IO_9.o)
 .debug_info    0x00007937      0x11e .\ARM_GCC_541\Debug\RPS_PSOC5_Serial_01.a(IO_10.o)
 .debug_info    0x00007a55      0x11e .\ARM_GCC_541\Debug\RPS_PSOC5_Serial_01.a(IO_8.o)
 .debug_info    0x00007b73      0x11e .\ARM_GCC_541\Debug\RPS_PSOC5_Serial_01.a(IO_11.o)
 .debug_info    0x00007c91       0xa7 .\ARM_GCC_541\Debug\RPS_PSOC5_Serial_01.a(CyBootAsmGnu.o)
 .debug_info    0x00007d38      0x299 .\ARM_GCC_541\Debug\RPS_PSOC5_Serial_01.a(CyScBoostClk.o)
 .debug_info    0x00007fd1      0x1c8 .\ARM_GCC_541\Debug\RPS_PSOC5_Serial_01.a(USBUART_cls.o)
 .debug_info    0x00008199      0x30b .\ARM_GCC_541\Debug\RPS_PSOC5_Serial_01.a(USBUART_descr.o)
 .debug_info    0x000084a4      0x410 .\ARM_GCC_541\Debug\RPS_PSOC5_Serial_01.a(CyFlash.o)
 .debug_info    0x000088b4      0x4c0 .\ARM_GCC_541\Debug\RPS_PSOC5_Serial_01.a(CySpc.o)

.debug_abbrev   0x00000000     0x3103
 *(.debug_abbrev)
 .debug_abbrev  0x00000000       0xa8 .\ARM_GCC_541\Debug\main.o
 .debug_abbrev  0x000000a8       0xb7 .\ARM_GCC_541\Debug\Test_RPP-UIO_16.o
 .debug_abbrev  0x0000015f       0x9f .\ARM_GCC_541\Debug\RasPi_Pins.o
 .debug_abbrev  0x000001fe      0x111 .\ARM_GCC_541\Debug\ExtEEPROM.o
 .debug_abbrev  0x0000030f       0x82 .\ARM_GCC_541\Debug\EEPROM__Images.o
 .debug_abbrev  0x00000391       0x8e .\ARM_GCC_541\Debug\Test_RASPI_GVS.o
 .debug_abbrev  0x0000041f       0x8e .\ARM_GCC_541\Debug\Test_RASPI_PLUS_GVS.o
 .debug_abbrev  0x000004ad      0x161 .\ARM_GCC_541\Debug\PSoC_Menu.o
 .debug_abbrev  0x0000060e       0x67 .\ARM_GCC_541\Debug\Test_RPI_2C_HUB.o
 .debug_abbrev  0x00000675      0x19f .\ARM_GCC_541\Debug\cyfitter_cfg.o
 .debug_abbrev  0x00000814       0x5d .\ARM_GCC_541\Debug\cymetadata.o
 .debug_abbrev  0x00000871      0x1d6 .\ARM_GCC_541\Debug\Cm3Start.o
 .debug_abbrev  0x00000a47      0x1f3 .\ARM_GCC_541\Debug\RPS_PSOC5_Serial_01.a(USBUART.o)
 .debug_abbrev  0x00000c3a      0x233 .\ARM_GCC_541\Debug\RPS_PSOC5_Serial_01.a(USBUART_cdc.o)
 .debug_abbrev  0x00000e6d      0x161 .\ARM_GCC_541\Debug\RPS_PSOC5_Serial_01.a(USBUART_drv.o)
 .debug_abbrev  0x00000fce       0xfd .\ARM_GCC_541\Debug\RPS_PSOC5_Serial_01.a(USBUART_episr.o)
 .debug_abbrev  0x000010cb      0x15e .\ARM_GCC_541\Debug\RPS_PSOC5_Serial_01.a(USBUART_hid.o)
 .debug_abbrev  0x00001229       0xd1 .\ARM_GCC_541\Debug\RPS_PSOC5_Serial_01.a(USBUART_pm.o)
 .debug_abbrev  0x000012fa      0x1c2 .\ARM_GCC_541\Debug\RPS_PSOC5_Serial_01.a(USBUART_std.o)
 .debug_abbrev  0x000014bc       0xc5 .\ARM_GCC_541\Debug\RPS_PSOC5_Serial_01.a(USBUART_vnd.o)
 .debug_abbrev  0x00001581       0xe2 .\ARM_GCC_541\Debug\RPS_PSOC5_Serial_01.a(I2C_EEPROM.o)
 .debug_abbrev  0x00001663       0x81 .\ARM_GCC_541\Debug\RPS_PSOC5_Serial_01.a(I2C_EEPROM_INT.o)
 .debug_abbrev  0x000016e4       0xf8 .\ARM_GCC_541\Debug\RPS_PSOC5_Serial_01.a(I2C_EEPROM_PM.o)
 .debug_abbrev  0x000017dc      0x11e .\ARM_GCC_541\Debug\RPS_PSOC5_Serial_01.a(I2C_EEPROM_MASTER.o)
 .debug_abbrev  0x000018fa       0x90 .\ARM_GCC_541\Debug\RPS_PSOC5_Serial_01.a(USBUART_Dp.o)
 .debug_abbrev  0x0000198a      0x217 .\ARM_GCC_541\Debug\RPS_PSOC5_Serial_01.a(CyLib.o)
 .debug_abbrev  0x00001ba1      0x161 .\ARM_GCC_541\Debug\RPS_PSOC5_Serial_01.a(cyPm.o)
 .debug_abbrev  0x00001d02       0x90 .\ARM_GCC_541\Debug\RPS_PSOC5_Serial_01.a(IO_3.o)
 .debug_abbrev  0x00001d92       0x90 .\ARM_GCC_541\Debug\RPS_PSOC5_Serial_01.a(IO_12.o)
 .debug_abbrev  0x00001e22       0x90 .\ARM_GCC_541\Debug\RPS_PSOC5_Serial_01.a(IO_13.o)
 .debug_abbrev  0x00001eb2       0x90 .\ARM_GCC_541\Debug\RPS_PSOC5_Serial_01.a(IO_6.o)
 .debug_abbrev  0x00001f42       0x90 .\ARM_GCC_541\Debug\RPS_PSOC5_Serial_01.a(IO_16.o)
 .debug_abbrev  0x00001fd2       0x90 .\ARM_GCC_541\Debug\RPS_PSOC5_Serial_01.a(IO_2.o)
 .debug_abbrev  0x00002062       0x90 .\ARM_GCC_541\Debug\RPS_PSOC5_Serial_01.a(IO_14.o)
 .debug_abbrev  0x000020f2       0x90 .\ARM_GCC_541\Debug\RPS_PSOC5_Serial_01.a(IO_5.o)
 .debug_abbrev  0x00002182       0x90 .\ARM_GCC_541\Debug\RPS_PSOC5_Serial_01.a(IO_19.o)
 .debug_abbrev  0x00002212       0x90 .\ARM_GCC_541\Debug\RPS_PSOC5_Serial_01.a(IO_20.o)
 .debug_abbrev  0x000022a2       0x90 .\ARM_GCC_541\Debug\RPS_PSOC5_Serial_01.a(IO_26.o)
 .debug_abbrev  0x00002332       0x90 .\ARM_GCC_541\Debug\RPS_PSOC5_Serial_01.a(IO_21.o)
 .debug_abbrev  0x000023c2       0x90 .\ARM_GCC_541\Debug\RPS_PSOC5_Serial_01.a(IO_17.o)
 .debug_abbrev  0x00002452       0x90 .\ARM_GCC_541\Debug\RPS_PSOC5_Serial_01.a(IO_18.o)
 .debug_abbrev  0x000024e2       0x90 .\ARM_GCC_541\Debug\RPS_PSOC5_Serial_01.a(IO_27.o)
 .debug_abbrev  0x00002572       0x90 .\ARM_GCC_541\Debug\RPS_PSOC5_Serial_01.a(IO_22.o)
 .debug_abbrev  0x00002602       0x90 .\ARM_GCC_541\Debug\RPS_PSOC5_Serial_01.a(IO_23.o)
 .debug_abbrev  0x00002692       0x90 .\ARM_GCC_541\Debug\RPS_PSOC5_Serial_01.a(IO_24.o)
 .debug_abbrev  0x00002722       0x90 .\ARM_GCC_541\Debug\RPS_PSOC5_Serial_01.a(IO_7.o)
 .debug_abbrev  0x000027b2       0x90 .\ARM_GCC_541\Debug\RPS_PSOC5_Serial_01.a(IO_15.o)
 .debug_abbrev  0x00002842       0x90 .\ARM_GCC_541\Debug\RPS_PSOC5_Serial_01.a(IO_4.o)
 .debug_abbrev  0x000028d2       0x90 .\ARM_GCC_541\Debug\RPS_PSOC5_Serial_01.a(IO_25.o)
 .debug_abbrev  0x00002962       0x90 .\ARM_GCC_541\Debug\RPS_PSOC5_Serial_01.a(IO_9.o)
 .debug_abbrev  0x000029f2       0x90 .\ARM_GCC_541\Debug\RPS_PSOC5_Serial_01.a(IO_10.o)
 .debug_abbrev  0x00002a82       0x90 .\ARM_GCC_541\Debug\RPS_PSOC5_Serial_01.a(IO_8.o)
 .debug_abbrev  0x00002b12       0x90 .\ARM_GCC_541\Debug\RPS_PSOC5_Serial_01.a(IO_11.o)
 .debug_abbrev  0x00002ba2       0x14 .\ARM_GCC_541\Debug\RPS_PSOC5_Serial_01.a(CyBootAsmGnu.o)
 .debug_abbrev  0x00002bb6      0x11d .\ARM_GCC_541\Debug\RPS_PSOC5_Serial_01.a(CyScBoostClk.o)
 .debug_abbrev  0x00002cd3       0xc5 .\ARM_GCC_541\Debug\RPS_PSOC5_Serial_01.a(USBUART_cls.o)
 .debug_abbrev  0x00002d98       0xb4 .\ARM_GCC_541\Debug\RPS_PSOC5_Serial_01.a(USBUART_descr.o)
 .debug_abbrev  0x00002e4c      0x14b .\ARM_GCC_541\Debug\RPS_PSOC5_Serial_01.a(CyFlash.o)
 .debug_abbrev  0x00002f97      0x16c .\ARM_GCC_541\Debug\RPS_PSOC5_Serial_01.a(CySpc.o)

.debug_line     0x00000000     0x502c
 *(.debug_line)
 .debug_line    0x00000000      0x18d .\ARM_GCC_541\Debug\main.o
 .debug_line    0x0000018d      0x1e2 .\ARM_GCC_541\Debug\Test_RPP-UIO_16.o
 .debug_line    0x0000036f      0x1fb .\ARM_GCC_541\Debug\RasPi_Pins.o
 .debug_line    0x0000056a      0x2e2 .\ARM_GCC_541\Debug\ExtEEPROM.o
 .debug_line    0x0000084c      0x160 .\ARM_GCC_541\Debug\EEPROM__Images.o
 .debug_line    0x000009ac      0x1c4 .\ARM_GCC_541\Debug\Test_RASPI_GVS.o
 .debug_line    0x00000b70      0x1d2 .\ARM_GCC_541\Debug\Test_RASPI_PLUS_GVS.o
 .debug_line    0x00000d42      0x2ed .\ARM_GCC_541\Debug\PSoC_Menu.o
 .debug_line    0x0000102f      0x164 .\ARM_GCC_541\Debug\Test_RPI_2C_HUB.o
 .debug_line    0x00001193      0x1f5 .\ARM_GCC_541\Debug\cyfitter_cfg.o
 .debug_line    0x00001388      0x141 .\ARM_GCC_541\Debug\cymetadata.o
 .debug_line    0x000014c9      0x1dc .\ARM_GCC_541\Debug\Cm3Start.o
 .debug_line    0x000016a5      0x327 .\ARM_GCC_541\Debug\RPS_PSOC5_Serial_01.a(USBUART.o)
 .debug_line    0x000019cc      0x30c .\ARM_GCC_541\Debug\RPS_PSOC5_Serial_01.a(USBUART_cdc.o)
 .debug_line    0x00001cd8      0x21f .\ARM_GCC_541\Debug\RPS_PSOC5_Serial_01.a(USBUART_drv.o)
 .debug_line    0x00001ef7       0xf2 .\ARM_GCC_541\Debug\RPS_PSOC5_Serial_01.a(USBUART_episr.o)
 .debug_line    0x00001fe9      0x179 .\ARM_GCC_541\Debug\RPS_PSOC5_Serial_01.a(USBUART_hid.o)
 .debug_line    0x00002162       0xe6 .\ARM_GCC_541\Debug\RPS_PSOC5_Serial_01.a(USBUART_pm.o)
 .debug_line    0x00002248      0x470 .\ARM_GCC_541\Debug\RPS_PSOC5_Serial_01.a(USBUART_std.o)
 .debug_line    0x000026b8       0x8f .\ARM_GCC_541\Debug\RPS_PSOC5_Serial_01.a(USBUART_vnd.o)
 .debug_line    0x00002747       0xea .\ARM_GCC_541\Debug\RPS_PSOC5_Serial_01.a(I2C_EEPROM.o)
 .debug_line    0x00002831      0x149 .\ARM_GCC_541\Debug\RPS_PSOC5_Serial_01.a(I2C_EEPROM_INT.o)
 .debug_line    0x0000297a       0xc9 .\ARM_GCC_541\Debug\RPS_PSOC5_Serial_01.a(I2C_EEPROM_PM.o)
 .debug_line    0x00002a43      0x1f6 .\ARM_GCC_541\Debug\RPS_PSOC5_Serial_01.a(I2C_EEPROM_MASTER.o)
 .debug_line    0x00002c39       0xbf .\ARM_GCC_541\Debug\RPS_PSOC5_Serial_01.a(USBUART_Dp.o)
 .debug_line    0x00002cf8      0x8b5 .\ARM_GCC_541\Debug\RPS_PSOC5_Serial_01.a(CyLib.o)
 .debug_line    0x000035ad      0x38e .\ARM_GCC_541\Debug\RPS_PSOC5_Serial_01.a(cyPm.o)
 .debug_line    0x0000393b       0x94 .\ARM_GCC_541\Debug\RPS_PSOC5_Serial_01.a(IO_3.o)
 .debug_line    0x000039cf       0x95 .\ARM_GCC_541\Debug\RPS_PSOC5_Serial_01.a(IO_12.o)
 .debug_line    0x00003a64       0x95 .\ARM_GCC_541\Debug\RPS_PSOC5_Serial_01.a(IO_13.o)
 .debug_line    0x00003af9       0x94 .\ARM_GCC_541\Debug\RPS_PSOC5_Serial_01.a(IO_6.o)
 .debug_line    0x00003b8d       0x95 .\ARM_GCC_541\Debug\RPS_PSOC5_Serial_01.a(IO_16.o)
 .debug_line    0x00003c22       0x94 .\ARM_GCC_541\Debug\RPS_PSOC5_Serial_01.a(IO_2.o)
 .debug_line    0x00003cb6       0x95 .\ARM_GCC_541\Debug\RPS_PSOC5_Serial_01.a(IO_14.o)
 .debug_line    0x00003d4b       0x94 .\ARM_GCC_541\Debug\RPS_PSOC5_Serial_01.a(IO_5.o)
 .debug_line    0x00003ddf       0x95 .\ARM_GCC_541\Debug\RPS_PSOC5_Serial_01.a(IO_19.o)
 .debug_line    0x00003e74       0x95 .\ARM_GCC_541\Debug\RPS_PSOC5_Serial_01.a(IO_20.o)
 .debug_line    0x00003f09       0x95 .\ARM_GCC_541\Debug\RPS_PSOC5_Serial_01.a(IO_26.o)
 .debug_line    0x00003f9e       0x95 .\ARM_GCC_541\Debug\RPS_PSOC5_Serial_01.a(IO_21.o)
 .debug_line    0x00004033       0x95 .\ARM_GCC_541\Debug\RPS_PSOC5_Serial_01.a(IO_17.o)
 .debug_line    0x000040c8       0x95 .\ARM_GCC_541\Debug\RPS_PSOC5_Serial_01.a(IO_18.o)
 .debug_line    0x0000415d       0x95 .\ARM_GCC_541\Debug\RPS_PSOC5_Serial_01.a(IO_27.o)
 .debug_line    0x000041f2       0x95 .\ARM_GCC_541\Debug\RPS_PSOC5_Serial_01.a(IO_22.o)
 .debug_line    0x00004287       0x95 .\ARM_GCC_541\Debug\RPS_PSOC5_Serial_01.a(IO_23.o)
 .debug_line    0x0000431c       0x95 .\ARM_GCC_541\Debug\RPS_PSOC5_Serial_01.a(IO_24.o)
 .debug_line    0x000043b1       0x94 .\ARM_GCC_541\Debug\RPS_PSOC5_Serial_01.a(IO_7.o)
 .debug_line    0x00004445       0x95 .\ARM_GCC_541\Debug\RPS_PSOC5_Serial_01.a(IO_15.o)
 .debug_line    0x000044da       0x94 .\ARM_GCC_541\Debug\RPS_PSOC5_Serial_01.a(IO_4.o)
 .debug_line    0x0000456e       0x95 .\ARM_GCC_541\Debug\RPS_PSOC5_Serial_01.a(IO_25.o)
 .debug_line    0x00004603       0x94 .\ARM_GCC_541\Debug\RPS_PSOC5_Serial_01.a(IO_9.o)
 .debug_line    0x00004697       0x95 .\ARM_GCC_541\Debug\RPS_PSOC5_Serial_01.a(IO_10.o)
 .debug_line    0x0000472c       0x94 .\ARM_GCC_541\Debug\RPS_PSOC5_Serial_01.a(IO_8.o)
 .debug_line    0x000047c0       0x95 .\ARM_GCC_541\Debug\RPS_PSOC5_Serial_01.a(IO_11.o)
 .debug_line    0x00004855       0x7d .\ARM_GCC_541\Debug\RPS_PSOC5_Serial_01.a(CyBootAsmGnu.o)
 .debug_line    0x000048d2      0x1cf .\ARM_GCC_541\Debug\RPS_PSOC5_Serial_01.a(CyScBoostClk.o)
 .debug_line    0x00004aa1       0x97 .\ARM_GCC_541\Debug\RPS_PSOC5_Serial_01.a(USBUART_cls.o)
 .debug_line    0x00004b38       0x61 .\ARM_GCC_541\Debug\RPS_PSOC5_Serial_01.a(USBUART_descr.o)
 .debug_line    0x00004b99      0x242 .\ARM_GCC_541\Debug\RPS_PSOC5_Serial_01.a(CyFlash.o)
 .debug_line    0x00004ddb      0x251 .\ARM_GCC_541\Debug\RPS_PSOC5_Serial_01.a(CySpc.o)

.debug_frame    0x00000000     0x429c
 *(.debug_frame)
 .debug_frame   0x00000000       0x30 .\ARM_GCC_541\Debug\main.o
 .debug_frame   0x00000030       0x54 .\ARM_GCC_541\Debug\Test_RPP-UIO_16.o
 .debug_frame   0x00000084       0x60 .\ARM_GCC_541\Debug\RasPi_Pins.o
 .debug_frame   0x000000e4       0xb0 .\ARM_GCC_541\Debug\ExtEEPROM.o
 .debug_frame   0x00000194       0x2c .\ARM_GCC_541\Debug\Test_RASPI_GVS.o
 .debug_frame   0x000001c0       0x2c .\ARM_GCC_541\Debug\Test_RASPI_PLUS_GVS.o
 .debug_frame   0x000001ec      0x118 .\ARM_GCC_541\Debug\PSoC_Menu.o
 .debug_frame   0x00000304       0x34 .\ARM_GCC_541\Debug\Test_RPI_2C_HUB.o
 .debug_frame   0x00000338      0x16c .\ARM_GCC_541\Debug\cyfitter_cfg.o
 .debug_frame   0x000004a4       0xd8 .\ARM_GCC_541\Debug\Cm3Start.o
 .debug_frame   0x0000057c      0x380 .\ARM_GCC_541\Debug\RPS_PSOC5_Serial_01.a(USBUART.o)
 .debug_frame   0x000008fc      0x3ec .\ARM_GCC_541\Debug\RPS_PSOC5_Serial_01.a(USBUART_cdc.o)
 .debug_frame   0x00000ce8      0x23c .\ARM_GCC_541\Debug\RPS_PSOC5_Serial_01.a(USBUART_drv.o)
 .debug_frame   0x00000f24       0xbc .\ARM_GCC_541\Debug\RPS_PSOC5_Serial_01.a(USBUART_episr.o)
 .debug_frame   0x00000fe0      0x100 .\ARM_GCC_541\Debug\RPS_PSOC5_Serial_01.a(USBUART_hid.o)
 .debug_frame   0x000010e0       0xbc .\ARM_GCC_541\Debug\RPS_PSOC5_Serial_01.a(USBUART_pm.o)
 .debug_frame   0x0000119c      0x224 .\ARM_GCC_541\Debug\RPS_PSOC5_Serial_01.a(USBUART_std.o)
 .debug_frame   0x000013c0       0x38 .\ARM_GCC_541\Debug\RPS_PSOC5_Serial_01.a(USBUART_vnd.o)
 .debug_frame   0x000013f8       0x98 .\ARM_GCC_541\Debug\RPS_PSOC5_Serial_01.a(I2C_EEPROM.o)
 .debug_frame   0x00001490       0x38 .\ARM_GCC_541\Debug\RPS_PSOC5_Serial_01.a(I2C_EEPROM_INT.o)
 .debug_frame   0x000014c8       0x94 .\ARM_GCC_541\Debug\RPS_PSOC5_Serial_01.a(I2C_EEPROM_PM.o)
 .debug_frame   0x0000155c      0x208 .\ARM_GCC_541\Debug\RPS_PSOC5_Serial_01.a(I2C_EEPROM_MASTER.o)
 .debug_frame   0x00001764       0xf4 .\ARM_GCC_541\Debug\RPS_PSOC5_Serial_01.a(USBUART_Dp.o)
 .debug_frame   0x00001858      0xc34 .\ARM_GCC_541\Debug\RPS_PSOC5_Serial_01.a(CyLib.o)
 .debug_frame   0x0000248c      0x234 .\ARM_GCC_541\Debug\RPS_PSOC5_Serial_01.a(cyPm.o)
 .debug_frame   0x000026c0       0xa8 .\ARM_GCC_541\Debug\RPS_PSOC5_Serial_01.a(IO_3.o)
 .debug_frame   0x00002768       0xa8 .\ARM_GCC_541\Debug\RPS_PSOC5_Serial_01.a(IO_12.o)
 .debug_frame   0x00002810       0xa8 .\ARM_GCC_541\Debug\RPS_PSOC5_Serial_01.a(IO_13.o)
 .debug_frame   0x000028b8       0xa8 .\ARM_GCC_541\Debug\RPS_PSOC5_Serial_01.a(IO_6.o)
 .debug_frame   0x00002960       0xa8 .\ARM_GCC_541\Debug\RPS_PSOC5_Serial_01.a(IO_16.o)
 .debug_frame   0x00002a08       0xa8 .\ARM_GCC_541\Debug\RPS_PSOC5_Serial_01.a(IO_2.o)
 .debug_frame   0x00002ab0       0xa8 .\ARM_GCC_541\Debug\RPS_PSOC5_Serial_01.a(IO_14.o)
 .debug_frame   0x00002b58       0xa8 .\ARM_GCC_541\Debug\RPS_PSOC5_Serial_01.a(IO_5.o)
 .debug_frame   0x00002c00       0xa8 .\ARM_GCC_541\Debug\RPS_PSOC5_Serial_01.a(IO_19.o)
 .debug_frame   0x00002ca8       0xa8 .\ARM_GCC_541\Debug\RPS_PSOC5_Serial_01.a(IO_20.o)
 .debug_frame   0x00002d50       0xa8 .\ARM_GCC_541\Debug\RPS_PSOC5_Serial_01.a(IO_26.o)
 .debug_frame   0x00002df8       0xa8 .\ARM_GCC_541\Debug\RPS_PSOC5_Serial_01.a(IO_21.o)
 .debug_frame   0x00002ea0       0xa8 .\ARM_GCC_541\Debug\RPS_PSOC5_Serial_01.a(IO_17.o)
 .debug_frame   0x00002f48       0xa8 .\ARM_GCC_541\Debug\RPS_PSOC5_Serial_01.a(IO_18.o)
 .debug_frame   0x00002ff0       0xa8 .\ARM_GCC_541\Debug\RPS_PSOC5_Serial_01.a(IO_27.o)
 .debug_frame   0x00003098       0xa8 .\ARM_GCC_541\Debug\RPS_PSOC5_Serial_01.a(IO_22.o)
 .debug_frame   0x00003140       0xa8 .\ARM_GCC_541\Debug\RPS_PSOC5_Serial_01.a(IO_23.o)
 .debug_frame   0x000031e8       0xa8 .\ARM_GCC_541\Debug\RPS_PSOC5_Serial_01.a(IO_24.o)
 .debug_frame   0x00003290       0xa8 .\ARM_GCC_541\Debug\RPS_PSOC5_Serial_01.a(IO_7.o)
 .debug_frame   0x00003338       0xa8 .\ARM_GCC_541\Debug\RPS_PSOC5_Serial_01.a(IO_15.o)
 .debug_frame   0x000033e0       0xa8 .\ARM_GCC_541\Debug\RPS_PSOC5_Serial_01.a(IO_4.o)
 .debug_frame   0x00003488       0xa8 .\ARM_GCC_541\Debug\RPS_PSOC5_Serial_01.a(IO_25.o)
 .debug_frame   0x00003530       0xa8 .\ARM_GCC_541\Debug\RPS_PSOC5_Serial_01.a(IO_9.o)
 .debug_frame   0x000035d8       0xa8 .\ARM_GCC_541\Debug\RPS_PSOC5_Serial_01.a(IO_10.o)
 .debug_frame   0x00003680       0xa8 .\ARM_GCC_541\Debug\RPS_PSOC5_Serial_01.a(IO_8.o)
 .debug_frame   0x00003728       0xa8 .\ARM_GCC_541\Debug\RPS_PSOC5_Serial_01.a(IO_11.o)
 .debug_frame   0x000037d0      0x200 .\ARM_GCC_541\Debug\RPS_PSOC5_Serial_01.a(CyScBoostClk.o)
 .debug_frame   0x000039d0       0x38 .\ARM_GCC_541\Debug\RPS_PSOC5_Serial_01.a(USBUART_cls.o)
 .debug_frame   0x00003a08      0x260 .\ARM_GCC_541\Debug\RPS_PSOC5_Serial_01.a(CyFlash.o)
 .debug_frame   0x00003c68      0x228 .\ARM_GCC_541\Debug\RPS_PSOC5_Serial_01.a(CySpc.o)
 .debug_frame   0x00003e90       0x20 c:/program files (x86)/cypress/psoc creator/4.2/psoc creator/import/gnu/arm/5.4.1/bin/../lib/gcc/arm-none-eabi/5.4.1/../../../../arm-none-eabi/lib/armv7-m\libg_nano.a(lib_a-errno.o)
 .debug_frame   0x00003eb0       0x28 c:/program files (x86)/cypress/psoc creator/4.2/psoc creator/import/gnu/arm/5.4.1/bin/../lib/gcc/arm-none-eabi/5.4.1/../../../../arm-none-eabi/lib/armv7-m\libg_nano.a(lib_a-exit.o)
 .debug_frame   0x00003ed8       0x2c c:/program files (x86)/cypress/psoc creator/4.2/psoc creator/import/gnu/arm/5.4.1/bin/../lib/gcc/arm-none-eabi/5.4.1/../../../../arm-none-eabi/lib/armv7-m\libg_nano.a(lib_a-init.o)
 .debug_frame   0x00003f04       0x28 c:/program files (x86)/cypress/psoc creator/4.2/psoc creator/import/gnu/arm/5.4.1/bin/../lib/gcc/arm-none-eabi/5.4.1/../../../../arm-none-eabi/lib/armv7-m\libg_nano.a(lib_a-memcpy-stub.o)
 .debug_frame   0x00003f2c       0x20 c:/program files (x86)/cypress/psoc creator/4.2/psoc creator/import/gnu/arm/5.4.1/bin/../lib/gcc/arm-none-eabi/5.4.1/../../../../arm-none-eabi/lib/armv7-m\libg_nano.a(lib_a-memset.o)
 .debug_frame   0x00003f4c       0x70 c:/program files (x86)/cypress/psoc creator/4.2/psoc creator/import/gnu/arm/5.4.1/bin/../lib/gcc/arm-none-eabi/5.4.1/../../../../arm-none-eabi/lib/armv7-m\libg_nano.a(lib_a-sprintf.o)
 .debug_frame   0x00003fbc       0x28 c:/program files (x86)/cypress/psoc creator/4.2/psoc creator/import/gnu/arm/5.4.1/bin/../lib/gcc/arm-none-eabi/5.4.1/../../../../arm-none-eabi/lib/armv7-m\libg_nano.a(lib_a-strcat.o)
 .debug_frame   0x00003fe4       0x90 c:/program files (x86)/cypress/psoc creator/4.2/psoc creator/import/gnu/arm/5.4.1/bin/../lib/gcc/arm-none-eabi/5.4.1/../../../../arm-none-eabi/lib/armv7-m\libg_nano.a(lib_a-nano-svfprintf.o)
 .debug_frame   0x00004074       0x60 c:/program files (x86)/cypress/psoc creator/4.2/psoc creator/import/gnu/arm/5.4.1/bin/../lib/gcc/arm-none-eabi/5.4.1/../../../../arm-none-eabi/lib/armv7-m\libg_nano.a(lib_a-nano-vfprintf_i.o)
 .debug_frame   0x000040d4       0x28 c:/program files (x86)/cypress/psoc creator/4.2/psoc creator/import/gnu/arm/5.4.1/bin/../lib/gcc/arm-none-eabi/5.4.1/../../../../arm-none-eabi/lib/armv7-m\libg_nano.a(lib_a-memchr-stub.o)
 .debug_frame   0x000040fc       0x28 c:/program files (x86)/cypress/psoc creator/4.2/psoc creator/import/gnu/arm/5.4.1/bin/../lib/gcc/arm-none-eabi/5.4.1/../../../../arm-none-eabi/lib/armv7-m\libg_nano.a(lib_a-memmove.o)
 .debug_frame   0x00004124       0x38 c:/program files (x86)/cypress/psoc creator/4.2/psoc creator/import/gnu/arm/5.4.1/bin/../lib/gcc/arm-none-eabi/5.4.1/../../../../arm-none-eabi/lib/armv7-m\libg_nano.a(lib_a-nano-freer.o)
 .debug_frame   0x0000415c       0x2c c:/program files (x86)/cypress/psoc creator/4.2/psoc creator/import/gnu/arm/5.4.1/bin/../lib/gcc/arm-none-eabi/5.4.1/../../../../arm-none-eabi/lib/armv7-m\libg_nano.a(lib_a-nano-mallocr.o)
 .debug_frame   0x00004188       0x3c c:/program files (x86)/cypress/psoc creator/4.2/psoc creator/import/gnu/arm/5.4.1/bin/../lib/gcc/arm-none-eabi/5.4.1/../../../../arm-none-eabi/lib/armv7-m\libg_nano.a(lib_a-nano-reallocr.o)
 .debug_frame   0x000041c4       0x2c c:/program files (x86)/cypress/psoc creator/4.2/psoc creator/import/gnu/arm/5.4.1/bin/../lib/gcc/arm-none-eabi/5.4.1/../../../../arm-none-eabi/lib/armv7-m\libg_nano.a(lib_a-sbrkr.o)
 .debug_frame   0x000041f0       0x30 c:/program files (x86)/cypress/psoc creator/4.2/psoc creator/import/gnu/arm/5.4.1/bin/../lib/gcc/arm-none-eabi/5.4.1/../../../../arm-none-eabi/lib/armv7-m\libg_nano.a(lib_a-mlock.o)
 .debug_frame   0x00004220       0x20 c:/program files (x86)/cypress/psoc creator/4.2/psoc creator/import/gnu/arm/5.4.1/bin/../lib/gcc/arm-none-eabi/5.4.1/../../../../arm-none-eabi/lib/armv7-m\libg_nano.a(lib_a-nano-msizer.o)
 .debug_frame   0x00004240       0x5c c:/program files (x86)/cypress/psoc creator/4.2/psoc creator/import/gnu/arm/5.4.1/bin/../lib/gcc/arm-none-eabi/5.4.1/../../../../arm-none-eabi/lib/armv7-m\libg_nano.a(lib_a-reent.o)

.debug_str      0x00000000     0x39bb
 *(.debug_str)
 .debug_str     0x00000000      0x1ae .\ARM_GCC_541\Debug\main.o
                                0x1f6 (size before relaxing)
 .debug_str     0x000001ae       0xcd .\ARM_GCC_541\Debug\Test_RPP-UIO_16.o
                                0x288 (size before relaxing)
 .debug_str     0x0000027b       0x3f .\ARM_GCC_541\Debug\RasPi_Pins.o
                                0x297 (size before relaxing)
 .debug_str     0x000002ba      0x161 .\ARM_GCC_541\Debug\ExtEEPROM.o
                                0x335 (size before relaxing)
 .debug_str     0x0000041b       0x11 .\ARM_GCC_541\Debug\EEPROM__Images.o
                                0x206 (size before relaxing)
 .debug_str     0x0000042c       0x1e .\ARM_GCC_541\Debug\Test_RASPI_GVS.o
                                0x276 (size before relaxing)
 .debug_str     0x0000044a       0x21 .\ARM_GCC_541\Debug\Test_RASPI_PLUS_GVS.o
                                0x279 (size before relaxing)
 .debug_str     0x0000046b       0xf0 .\ARM_GCC_541\Debug\PSoC_Menu.o
                                0x340 (size before relaxing)
 .debug_str     0x0000055b       0x12 .\ARM_GCC_541\Debug\Test_RPI_2C_HUB.o
                                0x1d2 (size before relaxing)
 .debug_str     0x0000056d      0x24e .\ARM_GCC_541\Debug\cyfitter_cfg.o
                                0x3c4 (size before relaxing)
 .debug_str     0x000007bb       0x7f .\ARM_GCC_541\Debug\cymetadata.o
                                0x1fb (size before relaxing)
 .debug_str     0x0000083a      0x11d .\ARM_GCC_541\Debug\Cm3Start.o
                                0x2ee (size before relaxing)
 .debug_str     0x00000957      0x448 .\ARM_GCC_541\Debug\RPS_PSOC5_Serial_01.a(USBUART.o)
                                0x616 (size before relaxing)
 .debug_str     0x00000d9f      0x4d9 .\ARM_GCC_541\Debug\RPS_PSOC5_Serial_01.a(USBUART_cdc.o)
                                0x731 (size before relaxing)
 .debug_str     0x00001278      0x296 .\ARM_GCC_541\Debug\RPS_PSOC5_Serial_01.a(USBUART_drv.o)
                                0x611 (size before relaxing)
 .debug_str     0x0000150e       0x80 .\ARM_GCC_541\Debug\RPS_PSOC5_Serial_01.a(USBUART_episr.o)
                                0x2de (size before relaxing)
 .debug_str     0x0000158e      0x120 .\ARM_GCC_541\Debug\RPS_PSOC5_Serial_01.a(USBUART_hid.o)
                                0x3ac (size before relaxing)
 .debug_str     0x000016ae       0xac .\ARM_GCC_541\Debug\RPS_PSOC5_Serial_01.a(USBUART_pm.o)
                                0x282 (size before relaxing)
 .debug_str     0x0000175a      0x29a .\ARM_GCC_541\Debug\RPS_PSOC5_Serial_01.a(USBUART_std.o)
                                0x771 (size before relaxing)
 .debug_str     0x000019f4       0x5f .\ARM_GCC_541\Debug\RPS_PSOC5_Serial_01.a(USBUART_vnd.o)
                                0x28e (size before relaxing)
 .debug_str     0x00001a53      0x12f .\ARM_GCC_541\Debug\RPS_PSOC5_Serial_01.a(I2C_EEPROM.o)
                                0x2f5 (size before relaxing)
 .debug_str     0x00001b82       0xb7 .\ARM_GCC_541\Debug\RPS_PSOC5_Serial_01.a(I2C_EEPROM_INT.o)
                                0x2c0 (size before relaxing)
 .debug_str     0x00001c39       0x79 .\ARM_GCC_541\Debug\RPS_PSOC5_Serial_01.a(I2C_EEPROM_PM.o)
                                0x288 (size before relaxing)
 .debug_str     0x00001cb2      0x1d2 .\ARM_GCC_541\Debug\RPS_PSOC5_Serial_01.a(I2C_EEPROM_MASTER.o)
                                0x460 (size before relaxing)
 .debug_str     0x00001e84       0xbe .\ARM_GCC_541\Debug\RPS_PSOC5_Serial_01.a(USBUART_Dp.o)
                                0x258 (size before relaxing)
 .debug_str     0x00001f42      0x813 .\ARM_GCC_541\Debug\RPS_PSOC5_Serial_01.a(CyLib.o)
                                0xa25 (size before relaxing)
 .debug_str     0x00002755      0x371 .\ARM_GCC_541\Debug\RPS_PSOC5_Serial_01.a(cyPm.o)
                                0x55a (size before relaxing)
 .debug_str     0x00002ac6       0x56 .\ARM_GCC_541\Debug\RPS_PSOC5_Serial_01.a(IO_3.o)
                                0x1f4 (size before relaxing)
 .debug_str     0x00002b1c       0x5b .\ARM_GCC_541\Debug\RPS_PSOC5_Serial_01.a(IO_12.o)
                                0x1f9 (size before relaxing)
 .debug_str     0x00002b77       0x5b .\ARM_GCC_541\Debug\RPS_PSOC5_Serial_01.a(IO_13.o)
                                0x1f9 (size before relaxing)
 .debug_str     0x00002bd2       0x56 .\ARM_GCC_541\Debug\RPS_PSOC5_Serial_01.a(IO_6.o)
                                0x1f4 (size before relaxing)
 .debug_str     0x00002c28       0x5b .\ARM_GCC_541\Debug\RPS_PSOC5_Serial_01.a(IO_16.o)
                                0x1f9 (size before relaxing)
 .debug_str     0x00002c83       0x56 .\ARM_GCC_541\Debug\RPS_PSOC5_Serial_01.a(IO_2.o)
                                0x1f4 (size before relaxing)
 .debug_str     0x00002cd9       0x5b .\ARM_GCC_541\Debug\RPS_PSOC5_Serial_01.a(IO_14.o)
                                0x1f9 (size before relaxing)
 .debug_str     0x00002d34       0x56 .\ARM_GCC_541\Debug\RPS_PSOC5_Serial_01.a(IO_5.o)
                                0x1f4 (size before relaxing)
 .debug_str     0x00002d8a       0x5b .\ARM_GCC_541\Debug\RPS_PSOC5_Serial_01.a(IO_19.o)
                                0x1f9 (size before relaxing)
 .debug_str     0x00002de5       0x5b .\ARM_GCC_541\Debug\RPS_PSOC5_Serial_01.a(IO_20.o)
                                0x1f9 (size before relaxing)
 .debug_str     0x00002e40       0x5b .\ARM_GCC_541\Debug\RPS_PSOC5_Serial_01.a(IO_26.o)
                                0x1f9 (size before relaxing)
 .debug_str     0x00002e9b       0x5b .\ARM_GCC_541\Debug\RPS_PSOC5_Serial_01.a(IO_21.o)
                                0x1f9 (size before relaxing)
 .debug_str     0x00002ef6       0x5b .\ARM_GCC_541\Debug\RPS_PSOC5_Serial_01.a(IO_17.o)
                                0x1f9 (size before relaxing)
 .debug_str     0x00002f51       0x5b .\ARM_GCC_541\Debug\RPS_PSOC5_Serial_01.a(IO_18.o)
                                0x1f9 (size before relaxing)
 .debug_str     0x00002fac       0x5b .\ARM_GCC_541\Debug\RPS_PSOC5_Serial_01.a(IO_27.o)
                                0x1f9 (size before relaxing)
 .debug_str     0x00003007       0x5b .\ARM_GCC_541\Debug\RPS_PSOC5_Serial_01.a(IO_22.o)
                                0x1f9 (size before relaxing)
 .debug_str     0x00003062       0x5b .\ARM_GCC_541\Debug\RPS_PSOC5_Serial_01.a(IO_23.o)
                                0x1f9 (size before relaxing)
 .debug_str     0x000030bd       0x5b .\ARM_GCC_541\Debug\RPS_PSOC5_Serial_01.a(IO_24.o)
                                0x1f9 (size before relaxing)
 .debug_str     0x00003118       0x56 .\ARM_GCC_541\Debug\RPS_PSOC5_Serial_01.a(IO_7.o)
                                0x1f4 (size before relaxing)
 .debug_str     0x0000316e       0x5b .\ARM_GCC_541\Debug\RPS_PSOC5_Serial_01.a(IO_15.o)
                                0x1f9 (size before relaxing)
 .debug_str     0x000031c9       0x56 .\ARM_GCC_541\Debug\RPS_PSOC5_Serial_01.a(IO_4.o)
                                0x1f4 (size before relaxing)
 .debug_str     0x0000321f       0x5b .\ARM_GCC_541\Debug\RPS_PSOC5_Serial_01.a(IO_25.o)
                                0x1f9 (size before relaxing)
 .debug_str     0x0000327a       0x56 .\ARM_GCC_541\Debug\RPS_PSOC5_Serial_01.a(IO_9.o)
                                0x1f4 (size before relaxing)
 .debug_str     0x000032d0       0x5b .\ARM_GCC_541\Debug\RPS_PSOC5_Serial_01.a(IO_10.o)
                                0x1f9 (size before relaxing)
 .debug_str     0x0000332b       0x56 .\ARM_GCC_541\Debug\RPS_PSOC5_Serial_01.a(IO_8.o)
                                0x1f4 (size before relaxing)
 .debug_str     0x00003381       0x5b .\ARM_GCC_541\Debug\RPS_PSOC5_Serial_01.a(IO_11.o)
                                0x1f9 (size before relaxing)
 .debug_str     0x000033dc      0x1e3 .\ARM_GCC_541\Debug\RPS_PSOC5_Serial_01.a(CyScBoostClk.o)
                                0x386 (size before relaxing)
 .debug_str     0x000035bf       0x3f .\ARM_GCC_541\Debug\RPS_PSOC5_Serial_01.a(USBUART_cls.o)
                                0x2a6 (size before relaxing)
 .debug_str     0x000035fe      0x122 .\ARM_GCC_541\Debug\RPS_PSOC5_Serial_01.a(USBUART_descr.o)
                                0x3c7 (size before relaxing)
 .debug_str     0x00003720      0x16e .\ARM_GCC_541\Debug\RPS_PSOC5_Serial_01.a(CyFlash.o)
                                0x336 (size before relaxing)
 .debug_str     0x0000388e      0x12d .\ARM_GCC_541\Debug\RPS_PSOC5_Serial_01.a(CySpc.o)
                                0x318 (size before relaxing)

.debug_loc
 *(.debug_loc)

.debug_macinfo
 *(.debug_macinfo)

.debug_ranges   0x00000000      0xe38
 *(.debug_ranges)
 .debug_ranges  0x00000000       0x10 .\ARM_GCC_541\Debug\main.o
 .debug_ranges  0x00000010       0x18 .\ARM_GCC_541\Debug\Test_RPP-UIO_16.o
 .debug_ranges  0x00000028       0x18 .\ARM_GCC_541\Debug\RasPi_Pins.o
 .debug_ranges  0x00000040       0x28 .\ARM_GCC_541\Debug\ExtEEPROM.o
 .debug_ranges  0x00000068       0x10 .\ARM_GCC_541\Debug\Test_RASPI_GVS.o
 .debug_ranges  0x00000078       0x10 .\ARM_GCC_541\Debug\Test_RASPI_PLUS_GVS.o
 .debug_ranges  0x00000088       0x40 .\ARM_GCC_541\Debug\PSoC_Menu.o
 .debug_ranges  0x000000c8       0x10 .\ARM_GCC_541\Debug\Test_RPI_2C_HUB.o
 .debug_ranges  0x000000d8       0x50 .\ARM_GCC_541\Debug\cyfitter_cfg.o
 .debug_ranges  0x00000128       0x38 .\ARM_GCC_541\Debug\Cm3Start.o
 .debug_ranges  0x00000160       0xb8 .\ARM_GCC_541\Debug\RPS_PSOC5_Serial_01.a(USBUART.o)
 .debug_ranges  0x00000218       0xd8 .\ARM_GCC_541\Debug\RPS_PSOC5_Serial_01.a(USBUART_cdc.o)
 .debug_ranges  0x000002f0       0x88 .\ARM_GCC_541\Debug\RPS_PSOC5_Serial_01.a(USBUART_drv.o)
 .debug_ranges  0x00000378       0x30 .\ARM_GCC_541\Debug\RPS_PSOC5_Serial_01.a(USBUART_episr.o)
 .debug_ranges  0x000003a8       0x38 .\ARM_GCC_541\Debug\RPS_PSOC5_Serial_01.a(USBUART_hid.o)
 .debug_ranges  0x000003e0       0x30 .\ARM_GCC_541\Debug\RPS_PSOC5_Serial_01.a(USBUART_pm.o)
 .debug_ranges  0x00000410       0x70 .\ARM_GCC_541\Debug\RPS_PSOC5_Serial_01.a(USBUART_std.o)
 .debug_ranges  0x00000480       0x10 .\ARM_GCC_541\Debug\RPS_PSOC5_Serial_01.a(USBUART_vnd.o)
 .debug_ranges  0x00000490       0x28 .\ARM_GCC_541\Debug\RPS_PSOC5_Serial_01.a(I2C_EEPROM.o)
 .debug_ranges  0x000004b8       0x10 .\ARM_GCC_541\Debug\RPS_PSOC5_Serial_01.a(I2C_EEPROM_INT.o)
 .debug_ranges  0x000004c8       0x28 .\ARM_GCC_541\Debug\RPS_PSOC5_Serial_01.a(I2C_EEPROM_PM.o)
 .debug_ranges  0x000004f0       0x70 .\ARM_GCC_541\Debug\RPS_PSOC5_Serial_01.a(I2C_EEPROM_MASTER.o)
 .debug_ranges  0x00000560       0x38 .\ARM_GCC_541\Debug\RPS_PSOC5_Serial_01.a(USBUART_Dp.o)
 .debug_ranges  0x00000598      0x298 .\ARM_GCC_541\Debug\RPS_PSOC5_Serial_01.a(CyLib.o)
 .debug_ranges  0x00000830       0x88 .\ARM_GCC_541\Debug\RPS_PSOC5_Serial_01.a(cyPm.o)
 .debug_ranges  0x000008b8       0x28 .\ARM_GCC_541\Debug\RPS_PSOC5_Serial_01.a(IO_3.o)
 .debug_ranges  0x000008e0       0x28 .\ARM_GCC_541\Debug\RPS_PSOC5_Serial_01.a(IO_12.o)
 .debug_ranges  0x00000908       0x28 .\ARM_GCC_541\Debug\RPS_PSOC5_Serial_01.a(IO_13.o)
 .debug_ranges  0x00000930       0x28 .\ARM_GCC_541\Debug\RPS_PSOC5_Serial_01.a(IO_6.o)
 .debug_ranges  0x00000958       0x28 .\ARM_GCC_541\Debug\RPS_PSOC5_Serial_01.a(IO_16.o)
 .debug_ranges  0x00000980       0x28 .\ARM_GCC_541\Debug\RPS_PSOC5_Serial_01.a(IO_2.o)
 .debug_ranges  0x000009a8       0x28 .\ARM_GCC_541\Debug\RPS_PSOC5_Serial_01.a(IO_14.o)
 .debug_ranges  0x000009d0       0x28 .\ARM_GCC_541\Debug\RPS_PSOC5_Serial_01.a(IO_5.o)
 .debug_ranges  0x000009f8       0x28 .\ARM_GCC_541\Debug\RPS_PSOC5_Serial_01.a(IO_19.o)
 .debug_ranges  0x00000a20       0x28 .\ARM_GCC_541\Debug\RPS_PSOC5_Serial_01.a(IO_20.o)
 .debug_ranges  0x00000a48       0x28 .\ARM_GCC_541\Debug\RPS_PSOC5_Serial_01.a(IO_26.o)
 .debug_ranges  0x00000a70       0x28 .\ARM_GCC_541\Debug\RPS_PSOC5_Serial_01.a(IO_21.o)
 .debug_ranges  0x00000a98       0x28 .\ARM_GCC_541\Debug\RPS_PSOC5_Serial_01.a(IO_17.o)
 .debug_ranges  0x00000ac0       0x28 .\ARM_GCC_541\Debug\RPS_PSOC5_Serial_01.a(IO_18.o)
 .debug_ranges  0x00000ae8       0x28 .\ARM_GCC_541\Debug\RPS_PSOC5_Serial_01.a(IO_27.o)
 .debug_ranges  0x00000b10       0x28 .\ARM_GCC_541\Debug\RPS_PSOC5_Serial_01.a(IO_22.o)
 .debug_ranges  0x00000b38       0x28 .\ARM_GCC_541\Debug\RPS_PSOC5_Serial_01.a(IO_23.o)
 .debug_ranges  0x00000b60       0x28 .\ARM_GCC_541\Debug\RPS_PSOC5_Serial_01.a(IO_24.o)
 .debug_ranges  0x00000b88       0x28 .\ARM_GCC_541\Debug\RPS_PSOC5_Serial_01.a(IO_7.o)
 .debug_ranges  0x00000bb0       0x28 .\ARM_GCC_541\Debug\RPS_PSOC5_Serial_01.a(IO_15.o)
 .debug_ranges  0x00000bd8       0x28 .\ARM_GCC_541\Debug\RPS_PSOC5_Serial_01.a(IO_4.o)
 .debug_ranges  0x00000c00       0x28 .\ARM_GCC_541\Debug\RPS_PSOC5_Serial_01.a(IO_25.o)