Archive member included to satisfy reference by file (symbol)

.\ARM_GCC_541\Debug\RPS_PSOC5_Serial_01.a(USBUART.o)
                              .\ARM_GCC_541\Debug\main.o (USBUART_Start)
.\ARM_GCC_541\Debug\RPS_PSOC5_Serial_01.a(USBUART_cdc.o)
                              .\ARM_GCC_541\Debug\main.o (USBUART_CDC_Init)
.\ARM_GCC_541\Debug\RPS_PSOC5_Serial_01.a(USBUART_drv.o)
                              .\ARM_GCC_541\Debug\RPS_PSOC5_Serial_01.a(USBUART.o) (USBUART_EP)
.\ARM_GCC_541\Debug\RPS_PSOC5_Serial_01.a(USBUART_episr.o)
                              .\ARM_GCC_541\Debug\RPS_PSOC5_Serial_01.a(USBUART.o) (USBUART_EP_1_ISR)
.\ARM_GCC_541\Debug\RPS_PSOC5_Serial_01.a(USBUART_hid.o)
                              .\ARM_GCC_541\Debug\RPS_PSOC5_Serial_01.a(USBUART.o) (USBUART_hidProtocol)
.\ARM_GCC_541\Debug\RPS_PSOC5_Serial_01.a(USBUART_pm.o)
                              .\ARM_GCC_541\Debug\RPS_PSOC5_Serial_01.a(USBUART.o) (USBUART_DP_ISR)
.\ARM_GCC_541\Debug\RPS_PSOC5_Serial_01.a(USBUART_std.o)
                              .\ARM_GCC_541\Debug\RPS_PSOC5_Serial_01.a(USBUART_drv.o) (USBUART_HandleStandardRqst)
.\ARM_GCC_541\Debug\RPS_PSOC5_Serial_01.a(USBUART_vnd.o)
                              .\ARM_GCC_541\Debug\RPS_PSOC5_Serial_01.a(USBUART_drv.o) (USBUART_HandleVendorRqst)
.\ARM_GCC_541\Debug\RPS_PSOC5_Serial_01.a(USBUART_Dp.o)
                              .\ARM_GCC_541\Debug\RPS_PSOC5_Serial_01.a(USBUART.o) (USBUART_Dp_ClearInterrupt)
.\ARM_GCC_541\Debug\RPS_PSOC5_Serial_01.a(CyLib.o)
                              .\ARM_GCC_541\Debug\Cm3Start.o (CyResetStatus)
.\ARM_GCC_541\Debug\RPS_PSOC5_Serial_01.a(cyPm.o)
                              .\ARM_GCC_541\Debug\RPS_PSOC5_Serial_01.a(CyLib.o) (CyPmReadStatus)
.\ARM_GCC_541\Debug\RPS_PSOC5_Serial_01.a(IO_3.o)
                              .\ARM_GCC_541\Debug\RasPi_Pins.o (IO_3_Write)
.\ARM_GCC_541\Debug\RPS_PSOC5_Serial_01.a(IO_12.o)
                              .\ARM_GCC_541\Debug\RasPi_Pins.o (IO_12_Write)
.\ARM_GCC_541\Debug\RPS_PSOC5_Serial_01.a(IO_13.o)
                              .\ARM_GCC_541\Debug\RasPi_Pins.o (IO_13_Write)
.\ARM_GCC_541\Debug\RPS_PSOC5_Serial_01.a(IO_6.o)
                              .\ARM_GCC_541\Debug\RasPi_Pins.o (IO_6_Write)
.\ARM_GCC_541\Debug\RPS_PSOC5_Serial_01.a(IO_16.o)
                              .\ARM_GCC_541\Debug\RasPi_Pins.o (IO_16_Write)
.\ARM_GCC_541\Debug\RPS_PSOC5_Serial_01.a(IO_2.o)
                              .\ARM_GCC_541\Debug\RasPi_Pins.o (IO_2_Write)
.\ARM_GCC_541\Debug\RPS_PSOC5_Serial_01.a(IO_14.o)
                              .\ARM_GCC_541\Debug\RasPi_Pins.o (IO_14_Write)
.\ARM_GCC_541\Debug\RPS_PSOC5_Serial_01.a(IO_5.o)
                              .\ARM_GCC_541\Debug\RasPi_Pins.o (IO_5_Write)
.\ARM_GCC_541\Debug\RPS_PSOC5_Serial_01.a(IO_19.o)
                              .\ARM_GCC_541\Debug\RasPi_Pins.o (IO_19_Write)
.\ARM_GCC_541\Debug\RPS_PSOC5_Serial_01.a(IO_20.o)
                              .\ARM_GCC_541\Debug\RasPi_Pins.o (IO_20_Write)
.\ARM_GCC_541\Debug\RPS_PSOC5_Serial_01.a(IO_26.o)
                              .\ARM_GCC_541\Debug\RasPi_Pins.o (IO_26_Write)
.\ARM_GCC_541\Debug\RPS_PSOC5_Serial_01.a(IO_21.o)
                              .\ARM_GCC_541\Debug\RasPi_Pins.o (IO_21_Write)
.\ARM_GCC_541\Debug\RPS_PSOC5_Serial_01.a(IO_17.o)
                              .\ARM_GCC_541\Debug\RasPi_Pins.o (IO_17_Write)
.\ARM_GCC_541\Debug\RPS_PSOC5_Serial_01.a(IO_18.o)
                              .\ARM_GCC_541\Debug\RasPi_Pins.o (IO_18_Write)
.\ARM_GCC_541\Debug\RPS_PSOC5_Serial_01.a(IO_27.o)
                              .\ARM_GCC_541\Debug\RasPi_Pins.o (IO_27_Write)
.\ARM_GCC_541\Debug\RPS_PSOC5_Serial_01.a(IO_22.o)
                              .\ARM_GCC_541\Debug\RasPi_Pins.o (IO_22_Write)
.\ARM_GCC_541\Debug\RPS_PSOC5_Serial_01.a(IO_23.o)
                              .\ARM_GCC_541\Debug\RasPi_Pins.o (IO_23_Write)
.\ARM_GCC_541\Debug\RPS_PSOC5_Serial_01.a(IO_24.o)
                              .\ARM_GCC_541\Debug\RasPi_Pins.o (IO_24_Write)
.\ARM_GCC_541\Debug\RPS_PSOC5_Serial_01.a(IO_7.o)
                              .\ARM_GCC_541\Debug\RasPi_Pins.o (IO_7_Write)
.\ARM_GCC_541\Debug\RPS_PSOC5_Serial_01.a(IO_15.o)
                              .\ARM_GCC_541\Debug\RasPi_Pins.o (IO_15_Write)
.\ARM_GCC_541\Debug\RPS_PSOC5_Serial_01.a(IO_4.o)
                              .\ARM_GCC_541\Debug\RasPi_Pins.o (IO_4_Write)
.\ARM_GCC_541\Debug\RPS_PSOC5_Serial_01.a(IO_25.o)
                              .\ARM_GCC_541\Debug\RasPi_Pins.o (IO_25_Write)
.\ARM_GCC_541\Debug\RPS_PSOC5_Serial_01.a(IO_9.o)
                              .\ARM_GCC_541\Debug\RasPi_Pins.o (IO_9_Write)
.\ARM_GCC_541\Debug\RPS_PSOC5_Serial_01.a(IO_10.o)
                              .\ARM_GCC_541\Debug\RasPi_Pins.o (IO_10_Write)
.\ARM_GCC_541\Debug\RPS_PSOC5_Serial_01.a(IO_8.o)
                              .\ARM_GCC_541\Debug\RasPi_Pins.o (IO_8_Write)
.\ARM_GCC_541\Debug\RPS_PSOC5_Serial_01.a(IO_11.o)
[...]
Memory Configuration

Name             Origin             Length             Attributes
rom              0x00000000         0x00020000         xr
ram              0x1fffc000         0x00008000         xrw
*default*        0x00000000         0xffffffff

Linker script and memory map

LOAD c:/program files (x86)/cypress/psoc creator/4.2/psoc creator/import/gnu/arm/5.4.1/bin/../lib/gcc/arm-none-eabi/5.4.1/armv7-m/crti.o
LOAD c:/program files (x86)/cypress/psoc creator/4.2/psoc creator/import/gnu/arm/5.4.1/bin/../lib/gcc/arm-none-eabi/5.4.1/armv7-m/crtbegin.o
LOAD c:/program files (x86)/cypress/psoc creator/4.2/psoc creator/import/gnu/arm/5.4.1/bin/../lib/gcc/arm-none-eabi/5.4.1/../../../../arm-none-eabi/lib/armv7-m/crt0.o
START GROUP
LOAD .\ARM_GCC_541\Debug\main.o
LOAD .\ARM_GCC_541\Debug\testCards.o
LOAD .\ARM_GCC_541\Debug\program_RPI_EEPROM.o
LOAD .\ARM_GCC_541\Debug\Test_RPP-UIO_16.o
LOAD .\ARM_GCC_541\Debug\RasPi_Pins.o
LOAD .\ARM_GCC_541\Debug\Z80_SIO_emul.o
LOAD .\ARM_GCC_541\Debug\ExtEEPROM.o
LOAD .\ARM_GCC_541\Debug\cyfitter_cfg.o
LOAD .\ARM_GCC_541\Debug\cymetadata.o
LOAD .\ARM_GCC_541\Debug\Cm3Start.o
LOAD .\ARM_GCC_541\Debug\RPS_PSOC5_Serial_01.a
LOAD C:\Program Files (x86)\Cypress\PSoC Creator\4.2\PSoC Creator\psoc\content\cycomponentlibrary\CyComponentLibrary.cylib\CortexM3\ARM_GCC_541\Debug\CyComponentLibrary.a
END GROUP
START GROUP
LOAD c:/program files (x86)/cypress/psoc creator/4.2/psoc creator/import/gnu/arm/5.4.1/bin/../lib/gcc/arm-none-eabi/5.4.1/armv7-m\libgcc.a
LOAD c:/program files (x86)/cypress/psoc creator/4.2/psoc creator/import/gnu/arm/5.4.1/bin/../lib/gcc/arm-none-eabi/5.4.1/../../../../arm-none-eabi/lib/armv7-m\libg_nano.a
LOAD c:/program files (x86)/cypress/psoc creator/4.2/psoc creator/import/gnu/arm/5.4.1/bin/../lib/gcc/arm-none-eabi/5.4.1/../../../../arm-none-eabi/lib/armv7-m\libc_nano.a
END GROUP
START GROUP
LOAD c:/program files (x86)/cypress/psoc creator/4.2/psoc creator/import/gnu/arm/5.4.1/bin/../lib/gcc/arm-none-eabi/5.4.1/armv7-m\libgcc.a
LOAD c:/program files (x86)/cypress/psoc creator/4.2/psoc creator/import/gnu/arm/5.4.1/bin/../lib/gcc/arm-none-eabi/5.4.1/../../../../arm-none-eabi/lib/armv7-m\libc_nano.a
END GROUP
LOAD c:/program files (x86)/cypress/psoc creator/4.2/psoc creator/import/gnu/arm/5.4.1/bin/../lib/gcc/arm-none-eabi/5.4.1/armv7-m/crtend.o
LOAD c:/program files (x86)/cypress/psoc creator/4.2/psoc creator/import/gnu/arm/5.4.1/bin/../lib/gcc/arm-none-eabi/5.4.1/armv7-m/crtn.o
START GROUP
LOAD c:/program files (x86)/cypress/psoc creator/4.2/psoc creator/import/gnu/arm/5.4.1/bin/../lib/gcc/arm-none-eabi/5.4.1/armv7-m\libgcc.a
LOAD c:/program files (x86)/cypress/psoc creator/4.2/psoc creator/import/gnu/arm/5.4.1/bin/../lib/gcc/arm-none-eabi/5.4.1/../../../../arm-none-eabi/lib/armv7-m\libc.a
LOAD c:/program files (x86)/cypress/psoc creator/4.2/psoc creator/import/gnu/arm/5.4.1/bin/../lib/gcc/arm-none-eabi/5.4.1/../../../../arm-none-eabi/lib/armv7-m\libnosys.a
END GROUP
                0x00000000                CY_APPL_ORIGIN = 0x0
                0x00000100                CY_FLASH_ROW_SIZE = 0x100
                0x00000020                CY_ECC_ROW_SIZE = 0x20
                0x00000000                CY_EE_IN_BTLDR = 0x0
                0x00000000                CY_APPL_LOADABLE = 0x0
                0x00000800                CY_EE_SIZE = 0x800
                0x00000001                CY_APPL_NUM = 0x1
                0x00000001                CY_APPL_MAX = 0x1
                0x00000040                CY_METADATA_SIZE = 0x40
                0x00000000                CY_APPL_LOADABLE = 0x0
                0x00000000                CY_CHECKSUM_EXCLUDE_SIZE = ALIGN (0x0, CY_FLASH_ROW_SIZE)
                [!provide]                PROVIDE (__cy_heap_start, _end)
                0x00000001                PROVIDE (__cy_region_num, ((__cy_regions_end - __cy_regions) / 0x10))
                0x20004000                PROVIDE (__cy_stack, (ORIGIN (ram) + LENGTH (ram)))
                [!provide]                PROVIDE (__cy_heap_end, (__cy_stack - 0x800))

.cybootloader   0x00000000        0x0
 *(.cybootloader)
                0x00000000                appl1_start = CY_APPL_ORIGIN?CY_APPL_ORIGIN:ALIGN (CY_FLASH_ROW_SIZE)
                0x0000ff00                appl2_start = (appl1_start + ALIGN ((((LENGTH (rom) - appl1_start) - (0x2 * CY_FLASH_ROW_SIZE)) / 0x2), CY_FLASH_ROW_SIZE))
                0x00000000                appl_start = (CY_APPL_NUM == 0x1)?appl1_start:appl2_start
                0x00000000                ecc_offset = ((appl_start / CY_FLASH_ROW_SIZE) * CY_ECC_ROW_SIZE)
                0x00000000                ee_offset = (CY_APPL_LOADABLE && ! (CY_EE_IN_BTLDR))?((CY_EE_SIZE / CY_APPL_MAX) * (CY_APPL_NUM - 0x1)):0x0
                0x00000800                ee_size = (CY_APPL_LOADABLE && ! (CY_EE_IN_BTLDR))?(CY_EE_SIZE / CY_APPL_MAX):CY_EE_SIZE
                [!provide]                PROVIDE (CY_ECC_OFFSET, ecc_offset)

.text           0x00000000     0x495c
 CREATE_OBJECT_SYMBOLS
                0x00000000                PROVIDE (__cy_interrupt_vector, RomVectors)
 *(.romvectors)
 .romvectors    0x00000000       0x10 .\ARM_GCC_541\Debug\Cm3Start.o
                0x00000000                RomVectors
                0x00000001                ASSERT ((. != __cy_interrupt_vector), No interrupt vector)
                0x00000001                ASSERT (CY_APPL_ORIGIN?(SIZEOF (.cybootloader) <= CY_APPL_ORIGIN):0x1, Wrong image location)
                0x00000010                PROVIDE (__cy_reset, Reset)
 *(.text.Reset)
 .text.Reset    0x00000010       0x18 .\ARM_GCC_541\Debug\Cm3Start.o
                0x00000010                Reset
                0x00000001                ASSERT ((. != __cy_reset), No reset code)
 *(.dma_init)
                0x00000001                ASSERT ((((appl_start + .) <= 0x10000) || 0x1), DMA Init must be within the first 64k of flash)
 *(.text .text.* .gnu.linkonce.t.*)
 .text          0x00000028       0x5c c:/program files (x86)/cypress/psoc creator/4.2/psoc creator/import/gnu/arm/5.4.1/bin/../lib/gcc/arm-none-eabi/5.4.1/armv7-m/crtbegin.o
 .text.main     0x00000084      0x208 .\ARM_GCC_541\Debug\main.o
                0x00000084                main
 .text.blinkLED
                0x0000028c       0x2c .\ARM_GCC_541\Debug\Test_RPP-UIO_16.o
                0x0000028c                blinkLED
 .text.testRPPUIO16
                0x000002b8      0x174 .\ARM_GCC_541\Debug\Test_RPP-UIO_16.o
                0x000002b8                testRPPUIO16
 .text.setRasPiPin
                0x0000042c      0x230 .\ARM_GCC_541\Debug\RasPi_Pins.o
                0x0000042c                setRasPiPin
 .text.readEEPROM
                0x0000065c       0x34 .\ARM_GCC_541\Debug\ExtEEPROM.o
                0x0000065c                readEEPROM
 .text.dumpEEPROM
                0x00000690       0xf0 .\ARM_GCC_541\Debug\ExtEEPROM.o
                0x00000690                dumpEEPROM
 .text.CYMEMZERO
                0x00000780       0x1c .\ARM_GCC_541\Debug\cyfitter_cfg.o
 .text.CYCONFIGCPY
                0x0000079c       0x20 .\ARM_GCC_541\Debug\cyfitter_cfg.o
 .text.CYCONFIGCPYCODE
                0x000007bc       0x20 .\ARM_GCC_541\Debug\cyfitter_cfg.o
 .text.CyClockStartupError
                0x000007dc        0xc .\ARM_GCC_541\Debug\cyfitter_cfg.o
 .text.cfg_write_bytes32
                0x000007e8       0x74 .\ARM_GCC_541\Debug\cyfitter_cfg.o
 .text.ClockSetup
                0x0000085c      0x118 .\ARM_GCC_541\Debug\cyfitter_cfg.o
 .text.AnalogSetDefault
                0x00000974       0x44 .\ARM_GCC_541\Debug\cyfitter_cfg.o
 .text.cyfitter_cfg
                0x000009b8      0x150 .\ARM_GCC_541\Debug\cyfitter_cfg.o
                0x000009b8                cyfitter_cfg
 .text.IntDefaultHandler
                0x00000b08       0x14 .\ARM_GCC_541\Debug\Cm3Start.o
                0x00000b08                IntDefaultHandler
 .text._sbrk    0x00000b1c       0x50 .\ARM_GCC_541\Debug\Cm3Start.o
                0x00000b1c                _sbrk
 .text.Start_c  0x00000b6c       0x98 .\ARM_GCC_541\Debug\Cm3Start.o
                0x00000b6c                Start_c
 .text.initialize_psoc
                0x00000c04       0x90 .\ARM_GCC_541\Debug\Cm3Start.o
                0x00000c04                initialize_psoc
 .text.USBUART_Start
                0x00000c94       0x3c .\ARM_GCC_541\Debug\RPS_PSOC5_Serial_01.a(USBUART.o)
                0x00000c94                USBUART_Start
 .text.USBUART_Init
                0x00000cd0      0x1a4 .\ARM_GCC_541\Debug\RPS_PSOC5_Serial_01.a(USBUART.o)
                0x00000cd0                USBUART_Init
 .text.USBUART_InitComponent
                0x00000e74      0x120 .\ARM_GCC_541\Debug\RPS_PSOC5_Serial_01.a(USBUART.o)
                0x00000e74                USBUART_InitComponent
 .text.USBUART_ReInitComponent
                0x00000f94       0x88 .\ARM_GCC_541\Debug\RPS_PSOC5_Serial_01.a(USBUART.o)
                0x00000f94                USBUART_ReInitComponent
 .text.USBUART_GetConfiguration
                0x0000101c       0x18 .\ARM_GCC_541\Debug\RPS_PSOC5_Serial_01.a(USBUART.o)
                0x0000101c                USBUART_GetConfiguration
 .text.USBUART_IsConfigurationChanged
                0x00001034       0x30 .\ARM_GCC_541\Debug\RPS_PSOC5_Serial_01.a(USBUART.o)
                0x00001034                USBUART_IsConfigurationChanged
 .text.USBUART_GetEPState
                0x00001064       0x2c .\ARM_GCC_541\Debug\RPS_PSOC5_Serial_01.a(USBUART.o)
                0x00001064                USBUART_GetEPState
 .text.USBUART_GetEPCount
                0x00001090       0x60 .\ARM_GCC_541\Debug\RPS_PSOC5_Serial_01.a(USBUART.o)
                0x00001090                USBUART_GetEPCount
 .text.USBUART_LoadInEP
                0x000010f0      0x108 .\ARM_GCC_541\Debug\RPS_PSOC5_Serial_01.a(USBUART.o)
                0x000010f0                USBUART_LoadInEP
 .text.USBUART_ReadOutEP
                0x000011f8       0x8c .\ARM_GCC_541\Debug\RPS_PSOC5_Serial_01.a(USBUART.o)
                0x000011f8                USBUART_ReadOutEP
 .text.USBUART_EnableOutEP
                0x00001284       0x5c .\ARM_GCC_541\Debug\RPS_PSOC5_Serial_01.a(USBUART.o)
                0x00001284                USBUART_EnableOutEP
 .text.USBUART_DispatchCDCClassRqst
                0x000012e0       0xe4 .\ARM_GCC_541\Debug\RPS_PSOC5_Serial_01.a(USBUART_cdc.o)
                0x000012e0                USBUART_DispatchCDCClassRqst
 .text.USBUART_GetInterfaceComPort
                0x000013c4       0x60 .\ARM_GCC_541\Debug\RPS_PSOC5_Serial_01.a(USBUART_cdc.o)
                0x000013c4                USBUART_GetInterfaceComPort
 .text.USBUART_CDC_Init
                0x00001424       0xa8 .\ARM_GCC_541\Debug\RPS_PSOC5_Serial_01.a(USBUART_cdc.o)
                0x00001424                USBUART_CDC_Init
 .text.USBUART_PutData
                0x000014cc       0x6c .\ARM_GCC_541\Debug\RPS_PSOC5_Serial_01.a(USBUART_cdc.o)
                0x000014cc                USBUART_PutData
 .text.USBUART_DataIsReady
                0x00001538       0x24 .\ARM_GCC_541\Debug\RPS_PSOC5_Serial_01.a(USBUART_cdc.o)
                0x00001538                USBUART_DataIsReady
 .text.USBUART_CDCIsReady
                0x0000155c       0x24 .\ARM_GCC_541\Debug\RPS_PSOC5_Serial_01.a(USBUART_cdc.o)
                0x0000155c                USBUART_CDCIsReady
 .text.USBUART_GetAll
                0x00001580       0x4c .\ARM_GCC_541\Debug\RPS_PSOC5_Serial_01.a(USBUART_cdc.o)
                0x00001580                USBUART_GetAll
 .text.USBUART_Cdc_EpInit
                0x000015cc       0x90 .\ARM_GCC_541\Debug\RPS_PSOC5_Serial_01.a(USBUART_cdc.o)
                0x000015cc                USBUART_Cdc_EpInit
 .text.USBUART_EP_0_ISR
                0x0000165c       0xf8 .\ARM_GCC_541\Debug\RPS_PSOC5_Serial_01.a(USBUART_drv.o)
                0x0000165c                USBUART_EP_0_ISR
 .text.USBUART_HandleSetup
                0x00001754       0x88 .\ARM_GCC_541\Debug\RPS_PSOC5_Serial_01.a(USBUART_drv.o)
                0x00001754                USBUART_HandleSetup
 .text.USBUART_HandleIN
                0x000017dc       0x4c .\ARM_GCC_541\Debug\RPS_PSOC5_Serial_01.a(USBUART_drv.o)
                0x000017dc                USBUART_HandleIN
 .text.USBUART_HandleOUT
                0x00001828       0x58 .\ARM_GCC_541\Debug\RPS_PSOC5_Serial_01.a(USBUART_drv.o)
                0x00001828                USBUART_HandleOUT
 .text.USBUART_LoadEP0
                0x00001880       0xd0 .\ARM_GCC_541\Debug\RPS_PSOC5_Serial_01.a(USBUART_drv.o)
                0x00001880                USBUART_LoadEP0
 .text.USBUART_InitControlRead
                0x00001950       0x70 .\ARM_GCC_541\Debug\RPS_PSOC5_Serial_01.a(USBUART_drv.o)
                0x00001950                USBUART_InitControlRead
 .text.USBUART_InitZeroLengthControlTransfer
                0x000019c0       0x40 .\ARM_GCC_541\Debug\RPS_PSOC5_Serial_01.a(USBUART_drv.o)
                0x000019c0                USBUART_InitZeroLengthControlTransfer
 .text.USBUART_ControlReadDataStage
                0x00001a00        0xc .\ARM_GCC_541\Debug\RPS_PSOC5_Serial_01.a(USBUART_drv.o)
                0x00001a00                USBUART_ControlReadDataStage
 .text.USBUART_ControlReadStatusStage
                0x00001a0c       0x40 .\ARM_GCC_541\Debug\RPS_PSOC5_Serial_01.a(USBUART_drv.o)
                0x00001a0c                USBUART_ControlReadStatusStage
 .text.USBUART_InitControlWrite
                0x00001a4c       0x64 .\ARM_GCC_541\Debug\RPS_PSOC5_Serial_01.a(USBUART_drv.o)
                0x00001a4c                USBUART_InitControlWrite
 .text.USBUART_ControlWriteDataStage
                0x00001ab0       0xb4 .\ARM_GCC_541\Debug\RPS_PSOC5_Serial_01.a(USBUART_drv.o)
                0x00001ab0                USBUART_ControlWriteDataStage
 .text.USBUART_ControlWriteStatusStage
                0x00001b64       0x24 .\ARM_GCC_541\Debug\RPS_PSOC5_Serial_01.a(USBUART_drv.o)
                0x00001b64                USBUART_ControlWriteStatusStage
 .text.USBUART_InitNoDataControlTransfer
                0x00001b88       0x38 .\ARM_GCC_541\Debug\RPS_PSOC5_Serial_01.a(USBUART_drv.o)
                0x00001b88                USBUART_InitNoDataControlTransfer
 .text.USBUART_NoDataControlStatusStage
                0x00001bc0       0x4c .\ARM_GCC_541\Debug\RPS_PSOC5_Serial_01.a(USBUART_drv.o)
                0x00001bc0                USBUART_NoDataControlStatusStage
 .text.USBUART_UpdateStatusBlock
                0x00001c0c       0x40 .\ARM_GCC_541\Debug\RPS_PSOC5_Serial_01.a(USBUART_drv.o)
                0x00001c0c                USBUART_UpdateStatusBlock
 .text.USBUART_InitializeStatusBlock
                0x00001c4c       0x34 .\ARM_GCC_541\Debug\RPS_PSOC5_Serial_01.a(USBUART_drv.o)
                0x00001c4c                USBUART_InitializeStatusBlock
 .text.USBUART_EP_1_ISR
                0x00001c80       0x48 .\ARM_GCC_541\Debug\RPS_PSOC5_Serial_01.a(USBUART_episr.o)
                0x00001c80                USBUART_EP_1_ISR
 .text.USBUART_EP_2_ISR
                0x00001cc8       0x4c .\ARM_GCC_541\Debug\RPS_PSOC5_Serial_01.a(USBUART_episr.o)
                0x00001cc8                USBUART_EP_2_ISR
 .text.USBUART_EP_3_ISR
                0x00001d14       0x54 .\ARM_GCC_541\Debug\RPS_PSOC5_Serial_01.a(USBUART_episr.o)
                0x00001d14                USBUART_EP_3_ISR
 .text.USBUART_SOF_ISR
                0x00001d68        0xc .\ARM_GCC_541\Debug\RPS_PSOC5_Serial_01.a(USBUART_episr.o)
                0x00001d68                USBUART_SOF_ISR
 .text.USBUART_BUS_RESET_ISR
                0x00001d74        0xc .\ARM_GCC_541\Debug\RPS_PSOC5_Serial_01.a(USBUART_episr.o)
                0x00001d74                USBUART_BUS_RESET_ISR
 .text.USBUART_DispatchHIDClassRqst
                0x00001d80      0x1e4 .\ARM_GCC_541\Debug\RPS_PSOC5_Serial_01.a(USBUART_hid.o)
                0x00001d80                USBUART_DispatchHIDClassRqst
 .text.USBUART_FindHidClassDecriptor
                0x00001f64       0x7c .\ARM_GCC_541\Debug\RPS_PSOC5_Serial_01.a(USBUART_hid.o)
                0x00001f64                USBUART_FindHidClassDecriptor
 .text.USBUART_FindReportDescriptor
                0x00001fe0       0x90 .\ARM_GCC_541\Debug\RPS_PSOC5_Serial_01.a(USBUART_hid.o)
                0x00001fe0                USBUART_FindReportDescriptor
 .text.USBUART_FindReport
                0x00002070       0xcc .\ARM_GCC_541\Debug\RPS_PSOC5_Serial_01.a(USBUART_hid.o)
                0x00002070                USBUART_FindReport
 .text.USBUART_DP_ISR
                0x0000213c        0xc .\ARM_GCC_541\Debug\RPS_PSOC5_Serial_01.a(USBUART_pm.o)
                0x0000213c                USBUART_DP_ISR
 .text.USBUART_HandleStandardRqst
                0x00002148      0x4a4 .\ARM_GCC_541\Debug\RPS_PSOC5_Serial_01.a(USBUART_std.o)
                0x00002148                USBUART_HandleStandardRqst
 .text.USBUART_ReadDieID
                0x000025ec       0xd8 .\ARM_GCC_541\Debug\RPS_PSOC5_Serial_01.a(USBUART_std.o)
                0x000025ec                USBUART_ReadDieID
 .text.USBUART_ConfigReg
                0x000026c4      0x138 .\ARM_GCC_541\Debug\RPS_PSOC5_Serial_01.a(USBUART_std.o)
                0x000026c4                USBUART_ConfigReg
 .text.USBUART_Config
                0x000027fc      0x3a4 .\ARM_GCC_541\Debug\RPS_PSOC5_Serial_01.a(USBUART_std.o)
                0x000027fc                USBUART_Config
 .text.USBUART_ConfigAltChanged
                0x00002ba0      0x25c .\ARM_GCC_541\Debug\RPS_PSOC5_Serial_01.a(USBUART_std.o)
                0x00002ba0                USBUART_ConfigAltChanged
 .text.USBUART_GetConfigTablePtr
                0x00002dfc       0x50 .\ARM_GCC_541\Debug\RPS_PSOC5_Serial_01.a(USBUART_std.o)
                0x00002dfc                USBUART_GetConfigTablePtr
 .text.USBUART_GetDeviceTablePtr
                0x00002e4c       0x24 .\ARM_GCC_541\Debug\RPS_PSOC5_Serial_01.a(USBUART_std.o)
                0x00002e4c                USBUART_GetDeviceTablePtr
 .text.USBUART_GetInterfaceClassTablePtr
                0x00002e70       0x4c .\ARM_GCC_541\Debug\RPS_PSOC5_Serial_01.a(USBUART_std.o)
                0x00002e70                USBUART_GetInterfaceClassTablePtr
 .text.USBUART_SetEndpointHalt
                0x00002ebc       0xe8 .\ARM_GCC_541\Debug\RPS_PSOC5_Serial_01.a(USBUART_std.o)
                0x00002ebc                USBUART_SetEndpointHalt
 .text.USBUART_ClearEndpointHalt
                0x00002fa4      0x158 .\ARM_GCC_541\Debug\RPS_PSOC5_Serial_01.a(USBUART_std.o)
                0x00002fa4                USBUART_ClearEndpointHalt
 .text.USBUART_ValidateAlternateSetting
                0x000030fc       0x70 .\ARM_GCC_541\Debug\RPS_PSOC5_Serial_01.a(USBUART_std.o)
                0x000030fc                USBUART_ValidateAlternateSetting
 .text.USBUART_HandleVendorRqst
                0x0000316c       0x54 .\ARM_GCC_541\Debug\RPS_PSOC5_Serial_01.a(USBUART_vnd.o)
                0x0000316c                USBUART_HandleVendorRqst
 .text.USBUART_Dp_ClearInterrupt
                0x000031c0       0x20 .\ARM_GCC_541\Debug\RPS_PSOC5_Serial_01.a(USBUART_Dp.o)
                0x000031c0                USBUART_Dp_ClearInterrupt
 .text.CyHalt   0x000031e0       0x18 .\ARM_GCC_541\Debug\RPS_PSOC5_Serial_01.a(CyLib.o)
                0x000031e0                CyHalt
 .text.CyDelay  0x000031f8       0x44 .\ARM_GCC_541\Debug\RPS_PSOC5_Serial_01.a(CyLib.o)
                0x000031f8                CyDelay
 .text.CyDelayUs
                0x0000323c       0x28 .\ARM_GCC_541\Debug\RPS_PSOC5_Serial_01.a(CyLib.o)
                0x0000323c                CyDelayUs
 .text.CyIntSetVector
                0x00003264       0x50 .\ARM_GCC_541\Debug\RPS_PSOC5_Serial_01.a(CyLib.o)
                0x00003264                CyIntSetVector
 .text.CyIntSetPriority
                0x000032b4       0x48 .\ARM_GCC_541\Debug\RPS_PSOC5_Serial_01.a(CyLib.o)
                0x000032b4                CyIntSetPriority
 .text.CyGetUniqueId
                0x000032fc       0xc4 .\ARM_GCC_541\Debug\RPS_PSOC5_Serial_01.a(CyLib.o)
                0x000032fc                CyGetUniqueId
 .text.IO_3_Write
                0x000033c0       0x38 .\ARM_GCC_541\Debug\RPS_PSOC5_Serial_01.a(IO_3.o)
                0x000033c0                IO_3_Write
 .text.IO_3_SetDriveMode
                0x000033f8       0x3c .\ARM_GCC_541\Debug\RPS_PSOC5_Serial_01.a(IO_3.o)
                0x000033f8                IO_3_SetDriveMode
 .text.IO_12_Write
                0x00003434       0x3c .\ARM_GCC_541\Debug\RPS_PSOC5_Serial_01.a(IO_12.o)
                0x00003434                IO_12_Write
 .text.IO_12_SetDriveMode
                0x00003470       0x3c .\ARM_GCC_541\Debug\RPS_PSOC5_Serial_01.a(IO_12.o)
                0x00003470                IO_12_SetDriveMode
 .text.IO_13_Write
                0x000034ac       0x3c .\ARM_GCC_541\Debug\RPS_PSOC5_Serial_01.a(IO_13.o)
                0x000034ac                IO_13_Write
 .text.IO_13_SetDriveMode
                0x000034e8       0x3c .\ARM_GCC_541\Debug\RPS_PSOC5_Serial_01.a(IO_13.o)
                0x000034e8                IO_13_SetDriveMode
 .text.IO_6_Write
                0x00003524       0x34 .\ARM_GCC_541\Debug\RPS_PSOC5_Serial_01.a(IO_6.o)
                0x00003524                IO_6_Write
 .text.IO_6_SetDriveMode
                0x00003558       0x3c .\ARM_GCC_541\Debug\RPS_PSOC5_Serial_01.a(IO_6.o)
                0x00003558                IO_6_SetDriveMode
 .text.IO_16_Write
                0x00003594       0x3c .\ARM_GCC_541\Debug\RPS_PSOC5_Serial_01.a(IO_16.o)
                0x00003594                IO_16_Write
 .text.IO_16_SetDriveMode
                0x000035d0       0x3c .\ARM_GCC_541\Debug\RPS_PSOC5_Serial_01.a(IO_16.o)
                0x000035d0                IO_16_SetDriveMode
 .text.IO_2_Write
                0x0000360c       0x3c .\ARM_GCC_541\Debug\RPS_PSOC5_Serial_01.a(IO_2.o)
                0x0000360c                IO_2_Write
 .text.IO_2_SetDriveMode
                0x00003648       0x3c .\ARM_GCC_541\Debug\RPS_PSOC5_Serial_01.a(IO_2.o)
                0x00003648                IO_2_SetDriveMode
 .text.IO_14_Write
                0x00003684       0x34 .\ARM_GCC_541\Debug\RPS_PSOC5_Serial_01.a(IO_14.o)
                0x00003684                IO_14_Write
 .text.IO_14_SetDriveMode
                0x000036b8       0x3c .\ARM_GCC_541\Debug\RPS_PSOC5_Serial_01.a(IO_14.o)
                0x000036b8                IO_14_SetDriveMode
 .text.IO_5_Write
                0x000036f4       0x3c .\ARM_GCC_541\Debug\RPS_PSOC5_Serial_01.a(IO_5.o)
                0x000036f4                IO_5_Write
 .text.IO_5_SetDriveMode
                0x00003730       0x3c .\ARM_GCC_541\Debug\RPS_PSOC5_Serial_01.a(IO_5.o)
                0x00003730                IO_5_SetDriveMode
 .text.IO_19_Write
                0x0000376c       0x3c .\ARM_GCC_541\Debug\RPS_PSOC5_Serial_01.a(IO_19.o)
                0x0000376c                IO_19_Write
 .text.IO_19_SetDriveMode
                0x000037a8       0x3c .\ARM_GCC_541\Debug\RPS_PSOC5_Serial_01.a(IO_19.o)
                0x000037a8                IO_19_SetDriveMode
 .text.IO_20_Write
                0x000037e4       0x3c .\ARM_GCC_541\Debug\RPS_PSOC5_Serial_01.a(IO_20.o)
                0x000037e4                IO_20_Write
 .text.IO_20_SetDriveMode
                0x00003820       0x3c .\ARM_GCC_541\Debug\RPS_PSOC5_Serial_01.a(IO_20.o)
                0x00003820                IO_20_SetDriveMode
 .text.IO_26_Write
                0x0000385c       0x3c .\ARM_GCC_541\Debug\RPS_PSOC5_Serial_01.a(IO_26.o)
                0x0000385c                IO_26_Write
 .text.IO_26_SetDriveMode
                0x00003898       0x3c .\ARM_GCC_541\Debug\RPS_PSOC5_Serial_01.a(IO_26.o)
                0x00003898                IO_26_SetDriveMode
 .text.IO_21_Write
                0x000038d4       0x38 .\ARM_GCC_541\Debug\RPS_PSOC5_Serial_01.a(IO_21.o)
                0x000038d4                IO_21_Write
 .text.IO_21_SetDriveMode
                0x0000390c       0x3c .\ARM_GCC_541\Debug\RPS_PSOC5_Serial_01.a(IO_21.o)
                0x0000390c                IO_21_SetDriveMode
 .text.IO_17_Write
                0x00003948       0x34 .\ARM_GCC_541\Debug\RPS_PSOC5_Serial_01.a(IO_17.o)
                0x00003948                IO_17_Write
 .text.IO_17_SetDriveMode
                0x0000397c       0x3c .\ARM_GCC_541\Debug\RPS_PSOC5_Serial_01.a(IO_17.o)
                0x0000397c                IO_17_SetDriveMode
 .text.IO_18_Write
                0x000039b8       0x3c .\ARM_GCC_541\Debug\RPS_PSOC5_Serial_01.a(IO_18.o)
                0x000039b8                IO_18_Write
 .text.IO_18_SetDriveMode
                0x000039f4       0x3c .\ARM_GCC_541\Debug\RPS_PSOC5_Serial_01.a(IO_18.o)
                0x000039f4                IO_18_SetDriveMode
 .text.IO_27_Write
                0x00003a30       0x3c .\ARM_GCC_541\Debug\RPS_PSOC5_Serial_01.a(IO_27.o)
                0x00003a30                IO_27_Write
 .text.IO_27_SetDriveMode
                0x00003a6c       0x3c .\ARM_GCC_541\Debug\RPS_PSOC5_Serial_01.a(IO_27.o)
                0x00003a6c                IO_27_SetDriveMode
 .text.IO_22_Write
                0x00003aa8       0x3c .\ARM_GCC_541\Debug\RPS_PSOC5_Serial_01.a(IO_22.o)
                0x00003aa8                IO_22_Write
 .text.IO_22_SetDriveMode
                0x00003ae4       0x3c .\ARM_GCC_541\Debug\RPS_PSOC5_Serial_01.a(IO_22.o)
                0x00003ae4                IO_22_SetDriveMode
 .text.IO_23_Write
                0x00003b20       0x3c .\ARM_GCC_541\Debug\RPS_PSOC5_Serial_01.a(IO_23.o)
                0x00003b20                IO_23_Write
 .text.IO_23_SetDriveMode
                0x00003b5c       0x3c .\ARM_GCC_541\Debug\RPS_PSOC5_Serial_01.a(IO_23.o)
                0x00003b5c                IO_23_SetDriveMode
 .text.IO_24_Write
                0x00003b98       0x3c .\ARM_GCC_541\Debug\RPS_PSOC5_Serial_01.a(IO_24.o)
                0x00003b98                IO_24_Write
 .text.IO_24_SetDriveMode
                0x00003bd4       0x3c .\ARM_GCC_541\Debug\RPS_PSOC5_Serial_01.a(IO_24.o)
                0x00003bd4                IO_24_SetDriveMode
 .text.IO_7_Write
                0x00003c10       0x34 .\ARM_GCC_541\Debug\RPS_PSOC5_Serial_01.a(IO_7.o)
                0x00003c10                IO_7_Write
 .text.IO_7_SetDriveMode
                0x00003c44       0x3c .\ARM_GCC_541\Debug\RPS_PSOC5_Serial_01.a(IO_7.o)
                0x00003c44                IO_7_SetDriveMode
 .text.IO_15_Write
                0x00003c80       0x3c .\ARM_GCC_541\Debug\RPS_PSOC5_Serial_01.a(IO_15.o)
                0x00003c80                IO_15_Write
 .text.IO_4_Write
                0x00003cbc       0x3c .\ARM_GCC_541\Debug\RPS_PSOC5_Serial_01.a(IO_4.o)
                0x00003cbc                IO_4_Write
 .text.IO_4_SetDriveMode
                0x00003cf8       0x3c .\ARM_GCC_541\Debug\RPS_PSOC5_Serial_01.a(IO_4.o)
                0x00003cf8                IO_4_SetDriveMode
 .text.IO_25_Write
                0x00003d34       0x38 .\ARM_GCC_541\Debug\RPS_PSOC5_Serial_01.a(IO_25.o)
                0x00003d34                IO_25_Write
 .text.IO_25_SetDriveMode
                0x00003d6c       0x3c .\ARM_GCC_541\Debug\RPS_PSOC5_Serial_01.a(IO_25.o)
                0x00003d6c                IO_25_SetDriveMode
 .text.IO_9_Write
                0x00003da8       0x3c .\ARM_GCC_541\Debug\RPS_PSOC5_Serial_01.a(IO_9.o)
                0x00003da8                IO_9_Write
 .text.IO_9_SetDriveMode
                0x00003de4       0x3c .\ARM_GCC_541\Debug\RPS_PSOC5_Serial_01.a(IO_9.o)
                0x00003de4                IO_9_SetDriveMode
 .text.IO_10_Write
                0x00003e20       0x34 .\ARM_GCC_541\Debug\RPS_PSOC5_Serial_01.a(IO_10.o)
                0x00003e20                IO_10_Write
 .text.IO_10_SetDriveMode
                0x00003e54       0x3c .\ARM_GCC_541\Debug\RPS_PSOC5_Serial_01.a(IO_10.o)
                0x00003e54                IO_10_SetDriveMode
 .text.IO_8_Write
                0x00003e90       0x3c .\ARM_GCC_541\Debug\RPS_PSOC5_Serial_01.a(IO_8.o)
                0x00003e90                IO_8_Write
 .text.IO_8_SetDriveMode
                0x00003ecc       0x3c .\ARM_GCC_541\Debug\RPS_PSOC5_Serial_01.a(IO_8.o)
                0x00003ecc                IO_8_SetDriveMode
 .text.IO_11_Write
                0x00003f08       0x3c .\ARM_GCC_541\Debug\RPS_PSOC5_Serial_01.a(IO_11.o)
                0x00003f08                IO_11_Write
 .text.IO_11_SetDriveMode
                0x00003f44       0x3c .\ARM_GCC_541\Debug\RPS_PSOC5_Serial_01.a(IO_11.o)
                0x00003f44                IO_11_SetDriveMode
 .text          0x00003f80       0x54 .\ARM_GCC_541\Debug\RPS_PSOC5_Serial_01.a(CyBootAsmGnu.o)
                0x00003f80                CyDelayCycles
                0x00003fbe                CyEnterCriticalSection
                0x00003fc6                CyExitCriticalSection
 .text.USBUART_DispatchClassRqst
                0x00003fd4       0x94 .\ARM_GCC_541\Debug\RPS_PSOC5_Serial_01.a(USBUART_cls.o)
                0x00003fd4                USBUART_DispatchClassRqst
 .text.__errno  0x00004068        0xc c:/program files (x86)/cypress/psoc creator/4.2/psoc creator/import/gnu/arm/5.4.1/bin/../lib/gcc/arm-none-eabi/5.4.1/../../../../arm-none-eabi/lib/armv7-m\libg_nano.a(lib_a-errno.o)
                0x00004068                __errno
 .text.__libc_init_array
                0x00004074       0x4c c:/program files (x86)/cypress/psoc creator/4.2/psoc creator/import/gnu/arm/5.4.1/bin/../lib/gcc/arm-none-eabi/5.4.1/../../../../arm-none-eabi/lib/armv7-m\libg_nano.a(lib_a-init.o)
                0x00004074                __libc_init_array
 .text.memcpy   0x000040c0       0x16 c:/program files (x86)/cypress/psoc creator/4.2/psoc creator/import/gnu/arm/5.4.1/bin/../lib/gcc/arm-none-eabi/5.4.1/../../../../arm-none-eabi/lib/armv7-m\libg_nano.a(lib_a-memcpy-stub.o)
                0x000040c0                memcpy
 .text.memset   0x000040d6       0x10 c:/program files (x86)/cypress/psoc creator/4.2/psoc creator/import/gnu/arm/5.4.1/bin/../lib/gcc/arm-none-eabi/5.4.1/../../../../arm-none-eabi/lib/armv7-m\libg_nano.a(lib_a-memset.o)
                0x000040d6                memset
 *fill*         0x000040e6        0x2 
 .text.sprintf  0x000040e8       0x48 c:/program files (x86)/cypress/psoc creator/4.2/psoc creator/import/gnu/arm/5.4.1/bin/../lib/gcc/arm-none-eabi/5.4.1/../../../../arm-none-eabi/lib/armv7-m\libg_nano.a(lib_a-sprintf.o)
                0x000040e8                siprintf
                0x000040e8                sprintf
 .text.strcat   0x00004130       0x1e c:/program files (x86)/cypress/psoc creator/4.2/psoc creator/import/gnu/arm/5.4.1/bin/../lib/gcc/arm-none-eabi/5.4.1/../../../../arm-none-eabi/lib/armv7-m\libg_nano.a(lib_a-strcat.o)
                0x00004130                strcat
 .text          0x0000414e       0x10 c:/program files (x86)/cypress/psoc creator/4.2/psoc creator/import/gnu/arm/5.4.1/bin/../lib/gcc/arm-none-eabi/5.4.1/../../../../arm-none-eabi/lib/armv7-m\libg_nano.a(lib_a-strlen.o)
                0x0000414e                strlen
 .text.__ssputs_r
                0x0000415e       0xb2 c:/program files (x86)/cypress/psoc creator/4.2/psoc creator/import/gnu/arm/5.4.1/bin/../lib/gcc/arm-none-eabi/5.4.1/../../../../arm-none-eabi/lib/armv7-m\libg_nano.a(lib_a-nano-svfprintf.o)
                0x0000415e                __ssputs_r
 .text._svfprintf_r
                0x00004210      0x1e8 c:/program files (x86)/cypress/psoc creator/4.2/psoc creator/import/gnu/arm/5.4.1/bin/../lib/gcc/arm-none-eabi/5.4.1/../../../../arm-none-eabi/lib/armv7-m\libg_nano.a(lib_a-nano-svfprintf.o)
                0x00004210                _svfiprintf_r
                0x00004210                _svfprintf_r
 .text._printf_common
                0x000043f8       0xec c:/program files (x86)/cypress/psoc creator/4.2/psoc creator/import/gnu/arm/5.4.1/bin/../lib/gcc/arm-none-eabi/5.4.1/../../../../arm-none-eabi/lib/armv7-m\libg_nano.a(lib_a-nano-vfprintf_i.o)
                0x000043f8                _printf_common
 .text._printf_i
                0x000044e4      0x24c c:/program files (x86)/cypress/psoc creator/4.2/psoc creator/import/gnu/arm/5.4.1/bin/../lib/gcc/arm-none-eabi/5.4.1/../../../../arm-none-eabi/lib/armv7-m\libg_nano.a(lib_a-nano-vfprintf_i.o)
                0x000044e4                _printf_i
 .text.memchr   0x00004730       0x1c c:/program files (x86)/cypress/psoc creator/4.2/psoc creator/import/gnu/arm/5.4.1/bin/../lib/gcc/arm-none-eabi/5.4.1/../../../../arm-none-eabi/lib/armv7-m\libg_nano.a(lib_a-memchr-stub.o)
                0x00004730                memchr
 .text.memmove  0x0000474c       0x36 c:/program files (x86)/cypress/psoc creator/4.2/psoc creator/import/gnu/arm/5.4.1/bin/../lib/gcc/arm-none-eabi/5.4.1/../../../../arm-none-eabi/lib/armv7-m\libg_nano.a(lib_a-memmove.o)
                0x0000474c                memmove
 *fill*         0x00004782        0x2 
 .text._free_r  0x00004784       0x98 c:/program files (x86)/cypress/psoc creator/4.2/psoc creator/import/gnu/arm/5.4.1/bin/../lib/gcc/arm-none-eabi/5.4.1/../../../../arm-none-eabi/lib/armv7-m\libg_nano.a(lib_a-nano-freer.o)
                0x00004784                _free_r
 .text._malloc_r
                0x0000481c       0xbc c:/program files (x86)/cypress/psoc creator/4.2/psoc creator/import/gnu/arm/5.4.1/bin/../lib/gcc/arm-none-eabi/5.4.1/../../../../arm-none-eabi/lib/armv7-m\libg_nano.a(lib_a-nano-mallocr.o)
                0x0000481c                _malloc_r
 .text._realloc_r
                0x000048d8       0x4c c:/program files (x86)/cypress/psoc creator/4.2/psoc creator/import/gnu/arm/5.4.1/bin/../lib/gcc/arm-none-eabi/5.4.1/../../../../arm-none-eabi/lib/armv7-m\libg_nano.a(lib_a-nano-reallocr.o)
                0x000048d8                _realloc_r
 .text._sbrk_r  0x00004924       0x20 c:/program files (x86)/cypress/psoc creator/4.2/psoc creator/import/gnu/arm/5.4.1/bin/../lib/gcc/arm-none-eabi/5.4.1/../../../../arm-none-eabi/lib/armv7-m\libg_nano.a(lib_a-sbrkr.o)
                0x00004924                _sbrk_r
 .text.__malloc_lock
                0x00004944        0x2 c:/program files (x86)/cypress/psoc creator/4.2/psoc creator/import/gnu/arm/5.4.1/bin/../lib/gcc/arm-none-eabi/5.4.1/../../../../arm-none-eabi/lib/armv7-m\libg_nano.a(lib_a-mlock.o)
                0x00004944                __malloc_lock
 .text.__malloc_unlock
                0x00004946        0x2 c:/program files (x86)/cypress/psoc creator/4.2/psoc creator/import/gnu/arm/5.4.1/bin/../lib/gcc/arm-none-eabi/5.4.1/../../../../arm-none-eabi/lib/armv7-m\libg_nano.a(lib_a-mlock.o)
                0x00004946                __malloc_unlock
 .text._malloc_usable_size_r
                0x00004948       0x14 c:/program files (x86)/cypress/psoc creator/4.2/psoc creator/import/gnu/arm/5.4.1/bin/../lib/gcc/arm-none-eabi/5.4.1/../../../../arm-none-eabi/lib/armv7-m\libg_nano.a(lib_a-nano-msizer.o)
                0x00004948                _malloc_usable_size_r
 *(.plt)
 *(.gnu.warning)
 *(.glue_7t)
 .glue_7t       0x0000495c        0x0 linker stubs
 *(.glue_7)
 .glue_7        0x0000495c        0x0 linker stubs
 *(.vfp11_veneer)
 .vfp11_veneer  0x0000495c        0x0 linker stubs
 *(.bootloader)
 *(.ARM.extab* .gnu.linkonce.armextab.*)
 *(.gcc_except_table)

.v4_bx          0x0000495c        0x0
 .v4_bx         0x0000495c        0x0 linker stubs

.iplt           0x0000495c        0x0
 .iplt          0x0000495c        0x0 c:/program files (x86)/cypress/psoc creator/4.2/psoc creator/import/gnu/arm/5.4.1/bin/../lib/gcc/arm-none-eabi/5.4.1/armv7-m/crtbegin.o

.eh_frame_hdr
 *(.eh_frame_hdr)

.eh_frame       0x0000495c        0x4
 *(.eh_frame)
 .eh_frame      0x0000495c        0x0 c:/program files (x86)/cypress/psoc creator/4.2/psoc creator/import/gnu/arm/5.4.1/bin/../lib/gcc/arm-none-eabi/5.4.1/armv7-m/crtbegin.o
 .eh_frame      0x0000495c        0x4 c:/program files (x86)/cypress/psoc creator/4.2/psoc creator/import/gnu/arm/5.4.1/bin/../lib/gcc/arm-none-eabi/5.4.1/armv7-m/crtend.o
                [!provide]                PROVIDE (__exidx_start, .)

.ARM.exidx
 *(.ARM.exidx* .gnu.linkonce.armexidx.*)
                0x00004960                __exidx_end = .

.rodata         0x00004960      0x4b8
 *(.rodata .rodata.* .gnu.linkonce.r.*)
 .rodata        0x00004960       0xd0 .\ARM_GCC_541\Debug\main.o
 .rodata        0x00004a30       0x13 .\ARM_GCC_541\Debug\ExtEEPROM.o
 *fill*         0x00004a43        0x1 
 .rodata        0x00004a44      0x17c .\ARM_GCC_541\Debug\cyfitter_cfg.o
 .rodata        0x00004bc0       0x11 .\ARM_GCC_541\Debug\RPS_PSOC5_Serial_01.a(USBUART_std.o)
 *fill*         0x00004bd1        0x3 
 .rodata        0x00004bd4      0x1d4 .\ARM_GCC_541\Debug\RPS_PSOC5_Serial_01.a(USBUART_descr.o)
                0x00004bd4                USBUART_DEVICE0_DESCR
                0x00004be8                USBUART_DEVICE0_CONFIGURATION0_DESCR
                0x00004c2c                USBUART_STRING_DESCRIPTORS
                0x00004ccc                USBUART_SN_STRING_DESCRIPTOR
                0x00004cd0                USBUART_HIDREPORT_DESCRIPTOR1
                0x00004d08                USBUART_DEVICE0_CONFIGURATION0_EP_SETTINGS_TABLE
                0x00004d20                USBUART_DEVICE0_CONFIGURATION0_INTERFACE_CLASS
                0x00004d24                USBUART_DEVICE0_CONFIGURATION0_TABLE
                0x00004d4c                USBUART_DEVICE0_TABLE
                0x00004d64                USBUART_TABLE
                0x00004d6c                USBUART_MSOS_DESCRIPTOR
                0x00004d80                USBUART_MSOS_CONFIGURATION_DESCR
 .rodata.str1.1
                0x00004da8        0x2 c:/program files (x86)/cypress/psoc creator/4.2/psoc creator/import/gnu/arm/5.4.1/bin/../lib/gcc/arm-none-eabi/5.4.1/../../../../arm-none-eabi/lib/armv7-m\libg_nano.a(lib_a-impure.o)
 .rodata.str1.1
                0x00004daa       0x11 c:/program files (x86)/cypress/psoc creator/4.2/psoc creator/import/gnu/arm/5.4.1/bin/../lib/gcc/arm-none-eabi/5.4.1/../../../../arm-none-eabi/lib/armv7-m\libg_nano.a(lib_a-nano-svfprintf.o)
 .rodata.str1.1
                0x00004dbb       0x22 c:/program files (x86)/cypress/psoc creator/4.2/psoc creator/import/gnu/arm/5.4.1/bin/../lib/gcc/arm-none-eabi/5.4.1/../../../../arm-none-eabi/lib/armv7-m\libg_nano.a(lib_a-nano-vfprintf_i.o)
                0x00004de0                . = ALIGN (0x4)
 *fill*         0x00004ddd        0x3 
 *(.init)
 .init          0x00004de0        0x4 c:/program files (x86)/cypress/psoc creator/4.2/psoc creator/import/gnu/arm/5.4.1/bin/../lib/gcc/arm-none-eabi/5.4.1/armv7-m/crti.o
                0x00004de0                _init
 .init          0x00004de4        0x8 c:/program files (x86)/cypress/psoc creator/4.2/psoc creator/import/gnu/arm/5.4.1/bin/../lib/gcc/arm-none-eabi/5.4.1/armv7-m/crtn.o
                0x00004dec                . = ALIGN (0x4)
                0x00004dec                __preinit_array_start = .
 *(.preinit_array)
                0x00004dec                __preinit_array_end = .
                0x00004dec                . = ALIGN (0x4)
                0x00004dec                __init_array_start = .
 *(SORT(.init_array.*))
 *(.init_array)
 .init_array    0x00004dec        0x4 c:/program files (x86)/cypress/psoc creator/4.2/psoc creator/import/gnu/arm/5.4.1/bin/../lib/gcc/arm-none-eabi/5.4.1/armv7-m/crtbegin.o
 .init_array    0x00004df0        0x4 .\ARM_GCC_541\Debug\Cm3Start.o
                0x00004df4                __init_array_end = .
                0x00004df4                . = ALIGN (0x4)
 *(.fini)
 .fini          0x00004df4        0x4 c:/program files (x86)/cypress/psoc creator/4.2/psoc creator/import/gnu/arm/5.4.1/bin/../lib/gcc/arm-none-eabi/5.4.1/armv7-m/crti.o
                0x00004df4                _fini
 .fini          0x00004df8        0x8 c:/program files (x86)/cypress/psoc creator/4.2/psoc creator/import/gnu/arm/5.4.1/bin/../lib/gcc/arm-none-eabi/5.4.1/armv7-m/crtn.o
                0x00004e00                . = ALIGN (0x4)
                0x00004e00                __fini_array_start = .
 *(.fini_array)
 .fini_array    0x00004e00        0x4 c:/program files (x86)/cypress/psoc creator/4.2/psoc creator/import/gnu/arm/5.4.1/bin/../lib/gcc/arm-none-eabi/5.4.1/armv7-m/crtbegin.o
 *(SORT(.fini_array.*))
                0x00004e04                __fini_array_end = .
                0x00004e04                . = ALIGN (0x4)
 *crtbegin.o(.ctors)
 *(EXCLUDE_FILE(*crtend.o) .ctors)
 *(SORT(.ctors.*))
 *crtend.o(.ctors)
                0x00004e04                . = ALIGN (0x4)
 *crtbegin.o(.dtors)
 *(EXCLUDE_FILE(*crtend.o) .dtors)
 *(SORT(.dtors.*))
 *crtend.o(.dtors)
                0x00004e04                . = ALIGN (0x4)
                0x00004e04                __cy_regions = .
                0x00004e04        0x4 LONG 0x4e18 __cy_region_init_ram
                0x00004e08        0x4 LONG 0x1fffc0c8 __cy_region_start_data
                0x00004e0c        0x4 LONG 0x98 __cy_region_init_size_ram
                0x00004e10        0x4 LONG 0x118 __cy_region_zero_size_ram
                0x00004e14                __cy_regions_end = .
                0x00004e18                . = ALIGN (0x8)
 *fill*         0x00004e14        0x4 
                0x00004e18                _etext = .

.cy_checksum_exclude
                0x00004e18        0x0
 *(.cy_checksum_exclude)

.ramvectors     0x1fffc000       0xc0
                0x1fffc000                __cy_region_start_ram = .
 *(.ramvectors)
 .ramvectors    0x1fffc000       0xc0 .\ARM_GCC_541\Debug\Cm3Start.o
                0x1fffc000                CyRamVectors

.noinit         0x1fffc0c0        0x5
 *(.noinit)
 .noinit        0x1fffc0c0        0x4 .\ARM_GCC_541\Debug\Cm3Start.o
 .noinit        0x1fffc0c4        0x1 .\ARM_GCC_541\Debug\RPS_PSOC5_Serial_01.a(CyLib.o)
                0x1fffc0c4                CyResetStatus

.data           0x1fffc0c8       0x98 load address 0x00004e18
                0x1fffc0c8                __cy_region_start_data = .
 *(.jcr)
 .jcr           0x1fffc0c8        0x0 c:/program files (x86)/cypress/psoc creator/4.2/psoc creator/import/gnu/arm/5.4.1/bin/../lib/gcc/arm-none-eabi/5.4.1/armv7-m/crtbegin.o
 .jcr           0x1fffc0c8        0x4 c:/program files (x86)/cypress/psoc creator/4.2/psoc creator/import/gnu/arm/5.4.1/bin/../lib/gcc/arm-none-eabi/5.4.1/armv7-m/crtend.o
 *(.got.plt)
 *(.got)
 *(.shdata)
 *(.data .data.* .gnu.linkonce.d.*)
 .data          0x1fffc0cc        0x4 .\ARM_GCC_541\Debug\Cm3Start.o
 .data          0x1fffc0d0       0x1a .\ARM_GCC_541\Debug\RPS_PSOC5_Serial_01.a(USBUART_cdc.o)
                0x1fffc0d0                USBUART_linesCoding
 *fill*         0x1fffc0ea        0x2 
 .data          0x1fffc0ec       0x10 .\ARM_GCC_541\Debug\RPS_PSOC5_Serial_01.a(CyLib.o)
                0x1fffc0ec                cydelay_freq_hz
                0x1fffc0f0                cydelay_freq_khz
                0x1fffc0f4                cydelay_freq_mhz
                0x1fffc0f8                cydelay_32k_ms
 .data.impure_data
                0x1fffc0fc       0x60 c:/program files (x86)/cypress/psoc creator/4.2/psoc creator/import/gnu/arm/5.4.1/bin/../lib/gcc/arm-none-eabi/5.4.1/../../../../arm-none-eabi/lib/armv7-m\libg_nano.a(lib_a-impure.o)
 .data._impure_ptr
                0x1fffc15c        0x4 c:/program files (x86)/cypress/psoc creator/4.2/psoc creator/import/gnu/arm/5.4.1/bin/../lib/gcc/arm-none-eabi/5.4.1/../../../../arm-none-eabi/lib/armv7-m\libg_nano.a(lib_a-impure.o)
                0x1fffc15c                _impure_ptr
                0x1fffc160                . = ALIGN (0x8)
 *(.ram)
                0x1fffc160                _edata = .

.igot.plt       0x1fffc160        0x0 load address 0x00004eb0
 .igot.plt      0x1fffc160        0x0 c:/program files (x86)/cypress/psoc creator/4.2/psoc creator/import/gnu/arm/5.4.1/bin/../lib/gcc/arm-none-eabi/5.4.1/armv7-m/crtbegin.o

.bss            0x1fffc160      0x118 load address 0x00004eb0
                0x1fffc160                PROVIDE (__bss_start__, .)
 *(.shbss)
 *(.bss .bss.* .gnu.linkonce.b.*)
 .bss           0x1fffc160       0x1c c:/program files (x86)/cypress/psoc creator/4.2/psoc creator/import/gnu/arm/5.4.1/bin/../lib/gcc/arm-none-eabi/5.4.1/armv7-m/crtbegin.o
 .bss           0x1fffc17c        0x1 .\ARM_GCC_541\Debug\RPS_PSOC5_Serial_01.a(USBUART.o)
                0x1fffc17c                USBUART_initVar
 .bss           0x1fffc17d        0x1 .\ARM_GCC_541\Debug\RPS_PSOC5_Serial_01.a(USBUART_cdc.o)
 *fill*         0x1fffc17e        0x2 
 .bss           0x1fffc180        0x2 .\ARM_GCC_541\Debug\RPS_PSOC5_Serial_01.a(USBUART_std.o)
 *fill*         0x1fffc182        0x2 
 .bss.__malloc_sbrk_start
                0x1fffc184        0x4 c:/program files (x86)/cypress/psoc creator/4.2/psoc creator/import/gnu/arm/5.4.1/bin/../lib/gcc/arm-none-eabi/5.4.1/../../../../arm-none-eabi/lib/armv7-m\libg_nano.a(lib_a-nano-mallocr.o)
                0x1fffc184                __malloc_sbrk_start
 .bss.__malloc_free_list
                0x1fffc188        0x4 c:/program files (x86)/cypress/psoc creator/4.2/psoc creator/import/gnu/arm/5.4.1/bin/../lib/gcc/arm-none-eabi/5.4.1/../../../../arm-none-eabi/lib/armv7-m\libg_nano.a(lib_a-nano-mallocr.o)
                0x1fffc188                __malloc_free_list
 *(COMMON)
 COMMON         0x1fffc18c       0x18 .\ARM_GCC_541\Debug\RPS_PSOC5_Serial_01.a(USBUART_cdc.o)
                0x1fffc18c                USBUART_linesChanged
                0x1fffc190                USBUART_cdcDataInEp
                0x1fffc194                USBUART_cdcCommInInterruptEp
                0x1fffc198                USBUART_cdcDataOutEp
                0x1fffc19c                USBUART_serialStateBitmap
                0x1fffc1a0                USBUART_linesControlBitmap
 COMMON         0x1fffc1a4       0x9a .\ARM_GCC_541\Debug\RPS_PSOC5_Serial_01.a(USBUART_drv.o)
                0x1fffc1a4                USBUART_lastPacketSize
                0x1fffc1a5                USBUART_device
                0x1fffc1a6                USBUART_transferByteCount
                0x1fffc1a8                USBUART_transferState
                0x1fffc1ac                USBUART_interfaceSettingLast
                0x1fffc1b0                USBUART_currentTD
                0x1fffc1bc                USBUART_interfaceNumber
                0x1fffc1c0                USBUART_interfaceClass
                0x1fffc1c4                USBUART_configurationChanged
                0x1fffc1c5                USBUART_ep0Mode
                0x1fffc1c6                USBUART_deviceAddress
                0x1fffc1c7                USBUART_configuration
                0x1fffc1c8                USBUART_ep0Count
                0x1fffc1c9                USBUART_deviceStatus
                0x1fffc1cc                USBUART_EP
                0x1fffc238                USBUART_interfaceSetting
                0x1fffc23a                USBUART_ep0Toggle
                0x1fffc23c                USBUART_interfaceStatus
 *fill*         0x1fffc23e        0x2 
 COMMON         0x1fffc240        0xa .\ARM_GCC_541\Debug\RPS_PSOC5_Serial_01.a(USBUART_hid.o)
                0x1fffc240                USBUART_hidProtocol
                0x1fffc244                USBUART_hidIdleTimer
                0x1fffc248                USBUART_hidIdleRate
 *fill*         0x1fffc24a        0x2 
 COMMON         0x1fffc24c       0x22 .\ARM_GCC_541\Debug\RPS_PSOC5_Serial_01.a(USBUART_descr.o)
                0x1fffc24c                USBUART_idSerialNumberStringDescriptor
 *fill*         0x1fffc26e        0x2 
 COMMON         0x1fffc270        0x4 c:/program files (x86)/cypress/psoc creator/4.2/psoc creator/import/gnu/arm/5.4.1/bin/../lib/gcc/arm-none-eabi/5.4.1/../../../../arm-none-eabi/lib/armv7-m\libg_nano.a(lib_a-reent.o)
                0x1fffc270                errno
                0x1fffc278                . = ALIGN (0x8)
 *fill*         0x1fffc274        0x4 
 *(.ram.b)
                0x1fffc278                _end = .
                0x1fffc278                __end = .
                0x1fffc278                PROVIDE (end, .)
                0x1fffc278                PROVIDE (__bss_end__, .)
                0x00004e18                __cy_region_init_ram = LOADADDR (.data)
                0x00000098                __cy_region_init_size_ram = (_edata - ADDR (.data))
                0x00000118                __cy_region_zero_size_ram = (_end - _edata)

.heap           0x1fffc278       0x80 load address 0x00004eb0
                0x1fffc278                . = _end
                0x1fffc2f8                . = (. + 0x80)
 *fill*         0x1fffc278       0x80 
                0x1fffc2f8                __cy_heap_limit = .

.stack          0x20003800      0x800
                0x20003800                __cy_stack_limit = .
                0x20004000                . = (. + 0x800)
 *fill*         0x20003800      0x800 
                0x00000001                ASSERT ((__cy_stack_limit >= __cy_heap_limit), region RAM overflowed with stack)
                0x00000000                cy_checksum_exclude_size = (CY_APPL_LOADABLE == 0x1)?SIZEOF (.cy_checksum_exclude):0x0
                0x00000001                ASSERT ((cy_checksum_exclude_size <= CY_CHECKSUM_EXCLUDE_SIZE), CY_BOOT: Section .cy_checksum_exclude size exceedes specified limit.)

.cyloadermeta
 *(.cyloadermeta)

.cyloadablemeta
 *(.cyloadablemeta)

.cyconfigecc    0x80000000        0x1
 *(.cyconfigecc)
 .cyconfigecc   0x80000000        0x1 .\ARM_GCC_541\Debug\cymetadata.o
                0x80000000                cy_meta_configecc

.cycustnvl      0x90000000        0x4
 *(.cycustnvl)
 .cycustnvl     0x90000000        0x4 .\ARM_GCC_541\Debug\cymetadata.o
                0x90000000                cy_meta_custnvl

.cywolatch      0x90100000        0x4
 *(.cywolatch)
 .cywolatch     0x90100000        0x4 .\ARM_GCC_541\Debug\cymetadata.o
                0x90100000                cy_meta_wonvl

.cyeeprom       0x90200000        0x0
 *(.cyeeprom)
                0x00000001                ASSERT ((. <= ((0x90200000 + ee_offset) + ee_size)), .cyeeprom data will not fit in EEPROM)

.cyflashprotect
                0x90400000       0x80
 *(.cyflashprotect)
 .cyflashprotect
                0x90400000       0x80 .\ARM_GCC_541\Debug\cymetadata.o
                0x90400000                cy_meta_flashprotect

.cymeta         0x90500000        0xc
 *(.cymeta)
 .cymeta        0x90500000        0xc .\ARM_GCC_541\Debug\cymetadata.o
                0x90500000                cy_metadata

.rel.dyn        0x00004eb0        0x0 load address 0x9050000c
 .rel.iplt      0x00004eb0        0x0 c:/program files (x86)/cypress/psoc creator/4.2/psoc creator/import/gnu/arm/5.4.1/bin/../lib/gcc/arm-none-eabi/5.4.1/armv7-m/crtbegin.o

.stab
 *(.stab)

.stabstr
 *(.stabstr)

.debug
 *(.debug)

.line
 *(.line)

.debug_srcinfo
 *(.debug_srcinfo)

.debug_sfnames
 *(.debug_sfnames)

.debug_aranges  0x00000000     0x1020
 *(.debug_aranges)
 .debug_aranges
                0x00000000       0x20 .\ARM_GCC_541\Debug\main.o
 .debug_aranges
                0x00000020       0x28 .\ARM_GCC_541\Debug\Test_RPP-UIO_16.o
 .debug_aranges
                0x00000048       0x20 .\ARM_GCC_541\Debug\RasPi_Pins.o
 .debug_aranges
                0x00000068       0x28 .\ARM_GCC_541\Debug\ExtEEPROM.o
 .debug_aranges
                0x00000090       0x60 .\ARM_GCC_541\Debug\cyfitter_cfg.o
 .debug_aranges
                0x000000f0       0x18 .\ARM_GCC_541\Debug\cymetadata.o
 .debug_aranges
                0x00000108       0x48 .\ARM_GCC_541\Debug\Cm3Start.o
 .debug_aranges
                0x00000150       0xc8 .\ARM_GCC_541\Debug\RPS_PSOC5_Serial_01.a(USBUART.o)
 .debug_aranges
                0x00000218       0xe8 .\ARM_GCC_541\Debug\RPS_PSOC5_Serial_01.a(USBUART_cdc.o)
 .debug_aranges
                0x00000300       0x98 .\ARM_GCC_541\Debug\RPS_PSOC5_Serial_01.a(USBUART_drv.o)
 .debug_aranges
                0x00000398       0x40 .\ARM_GCC_541\Debug\RPS_PSOC5_Serial_01.a(USBUART_episr.o)
 .debug_aranges
                0x000003d8       0x48 .\ARM_GCC_541\Debug\RPS_PSOC5_Serial_01.a(USBUART_hid.o)
 .debug_aranges
                0x00000420       0x40 .\ARM_GCC_541\Debug\RPS_PSOC5_Serial_01.a(USBUART_pm.o)
 .debug_aranges
                0x00000460       0x80 .\ARM_GCC_541\Debug\RPS_PSOC5_Serial_01.a(USBUART_std.o)
 .debug_aranges
                0x000004e0       0x20 .\ARM_GCC_541\Debug\RPS_PSOC5_Serial_01.a(USBUART_vnd.o)
 .debug_aranges
                0x00000500       0x48 .\ARM_GCC_541\Debug\RPS_PSOC5_Serial_01.a(USBUART_Dp.o)
 .debug_aranges
                0x00000548      0x2a8 .\ARM_GCC_541\Debug\RPS_PSOC5_Serial_01.a(CyLib.o)
 .debug_aranges
                0x000007f0       0x98 .\ARM_GCC_541\Debug\RPS_PSOC5_Serial_01.a(cyPm.o)
 .debug_aranges
                0x00000888       0x38 .\ARM_GCC_541\Debug\RPS_PSOC5_Serial_01.a(IO_3.o)
 .debug_aranges
                0x000008c0       0x38 .\ARM_GCC_541\Debug\RPS_PSOC5_Serial_01.a(IO_12.o)
 .debug_aranges
                0x000008f8       0x38 .\ARM_GCC_541\Debug\RPS_PSOC5_Serial_01.a(IO_13.o)
 .debug_aranges
                0x00000930       0x38 .\ARM_GCC_541\Debug\RPS_PSOC5_Serial_01.a(IO_6.o)
 .debug_aranges
                0x00000968       0x38 .\ARM_GCC_541\Debug\RPS_PSOC5_Serial_01.a(IO_16.o)
 .debug_aranges
                0x000009a0       0x38 .\ARM_GCC_541\Debug\RPS_PSOC5_Serial_01.a(IO_2.o)
 .debug_aranges
                0x000009d8       0x38 .\ARM_GCC_541\Debug\RPS_PSOC5_Serial_01.a(IO_14.o)
 .debug_aranges
                0x00000a10       0x38 .\ARM_GCC_541\Debug\RPS_PSOC5_Serial_01.a(IO_5.o)
 .debug_aranges
                0x00000a48       0x38 .\ARM_GCC_541\Debug\RPS_PSOC5_Serial_01.a(IO_19.o)
 .debug_aranges
                0x00000a80       0x38 .\ARM_GCC_541\Debug\RPS_PSOC5_Serial_01.a(IO_20.o)
 .debug_aranges
                0x00000ab8       0x38 .\ARM_GCC_541\Debug\RPS_PSOC5_Serial_01.a(IO_26.o)
 .debug_aranges
                0x00000af0       0x38 .\ARM_GCC_541\Debug\RPS_PSOC5_Serial_01.a(IO_21.o)
 .debug_aranges
                0x00000b28       0x38 .\ARM_GCC_541\Debug\RPS_PSOC5_Serial_01.a(IO_17.o)
 .debug_aranges
                0x00000b60       0x38 .\ARM_GCC_541\Debug\RPS_PSOC5_Serial_01.a(IO_18.o)
 .debug_aranges
                0x00000b98       0x38 .\ARM_GCC_541\Debug\RPS_PSOC5_Serial_01.a(IO_27.o)
 .debug_aranges
                0x00000bd0       0x38 .\ARM_GCC_541\Debug\RPS_PSOC5_Serial_01.a(IO_22.o)
 .debug_aranges
                0x00000c08       0x38 .\ARM_GCC_541\Debug\RPS_PSOC5_Serial_01.a(IO_23.o)
 .debug_aranges
                0x00000c40       0x38 .\ARM_GCC_541\Debug\RPS_PSOC5_Serial_01.a(IO_24.o)
 .debug_aranges
                0x00000c78       0x38 .\ARM_GCC_541\Debug\RPS_PSOC5_Serial_01.a(IO_7.o)
 .debug_aranges
                0x00000cb0       0x38 .\ARM_GCC_541\Debug\RPS_PSOC5_Serial_01.a(IO_15.o)
 .debug_aranges
                0x00000ce8       0x38 .\ARM_GCC_541\Debug\RPS_PSOC5_Serial_01.a(IO_4.o)
 .debug_aranges
                0x00000d20       0x38 .\ARM_GCC_541\Debug\RPS_PSOC5_Serial_01.a(IO_25.o)
 .debug_aranges
                0x00000d58       0x38 .\ARM_GCC_541\Debug\RPS_PSOC5_Serial_01.a(IO_9.o)
 .debug_aranges
                0x00000d90       0x38 .\ARM_GCC_541\Debug\RPS_PSOC5_Serial_01.a(IO_10.o)
 .debug_aranges
                0x00000dc8       0x38 .\ARM_GCC_541\Debug\RPS_PSOC5_Serial_01.a(IO_8.o)
 .debug_aranges
                0x00000e00       0x38 .\ARM_GCC_541\Debug\RPS_PSOC5_Serial_01.a(IO_11.o)
 .debug_aranges
                0x00000e38       0x20 .\ARM_GCC_541\Debug\RPS_PSOC5_Serial_01.a(CyBootAsmGnu.o)
 .debug_aranges
                0x00000e58       0x80 .\ARM_GCC_541\Debug\RPS_PSOC5_Serial_01.a(CyScBoostClk.o)
 .debug_aranges
                0x00000ed8       0x20 .\ARM_GCC_541\Debug\RPS_PSOC5_Serial_01.a(USBUART_cls.o)
 .debug_aranges
                0x00000ef8       0x18 .\ARM_GCC_541\Debug\RPS_PSOC5_Serial_01.a(USBUART_descr.o)
 .debug_aranges
                0x00000f10       0x90 .\ARM_GCC_541\Debug\RPS_PSOC5_Serial_01.a(CyFlash.o)
 .debug_aranges
                0x00000fa0       0x80 .\ARM_GCC_541\Debug\RPS_PSOC5_Serial_01.a(CySpc.o)

.debug_pubnames
 *(.debug_pubnames)

.debug_info     0x00000000     0x7ae3
 *(.debug_info .gnu.linkonce.wi.*)
 .debug_info    0x00000000      0x189 .\ARM_GCC_541\Debug\main.o
 .debug_info    0x00000189      0x1a4 .\ARM_GCC_541\Debug\Test_RPP-UIO_16.o
 .debug_info    0x0000032d      0x1a1 .\ARM_GCC_541\Debug\RasPi_Pins.o
 .debug_info    0x000004ce      0x1ae .\ARM_GCC_541\Debug\ExtEEPROM.o
 .debug_info    0x0000067c      0x4c1 .\ARM_GCC_541\Debug\cyfitter_cfg.o
 .debug_info    0x00000b3d      0x134 .\ARM_GCC_541\Debug\cymetadata.o
 .debug_info    0x00000c71      0x32b .\ARM_GCC_541\Debug\Cm3Start.o
 .debug_info    0x00000f9c      0x747 .\ARM_GCC_541\Debug\RPS_PSOC5_Serial_01.a(USBUART.o)
 .debug_info    0x000016e3      0x924 .\ARM_GCC_541\Debug\RPS_PSOC5_Serial_01.a(USBUART_cdc.o)
 .debug_info    0x00002007      0x52d .\ARM_GCC_541\Debug\RPS_PSOC5_Serial_01.a(USBUART_drv.o)
 .debug_info    0x00002534      0x23b .\ARM_GCC_541\Debug\RPS_PSOC5_Serial_01.a(USBUART_episr.o)
 .debug_info    0x0000276f      0x37b .\ARM_GCC_541\Debug\RPS_PSOC5_Serial_01.a(USBUART_hid.o)
 .debug_info    0x00002aea      0x18d .\ARM_GCC_541\Debug\RPS_PSOC5_Serial_01.a(USBUART_pm.o)
 .debug_info    0x00002c77      0x961 .\ARM_GCC_541\Debug\RPS_PSOC5_Serial_01.a(USBUART_std.o)
 .debug_info    0x000035d8      0x1a9 .\ARM_GCC_541\Debug\RPS_PSOC5_Serial_01.a(USBUART_vnd.o)
 .debug_info    0x00003781      0x171 .\ARM_GCC_541\Debug\RPS_PSOC5_Serial_01.a(USBUART_Dp.o)
 .debug_info    0x000038f2      0xe88 .\ARM_GCC_541\Debug\RPS_PSOC5_Serial_01.a(CyLib.o)
 .debug_info    0x0000477a      0x57a .\ARM_GCC_541\Debug\RPS_PSOC5_Serial_01.a(cyPm.o)
 .debug_info    0x00004cf4      0x11e .\ARM_GCC_541\Debug\RPS_PSOC5_Serial_01.a(IO_3.o)
 .debug_info    0x00004e12      0x11e .\ARM_GCC_541\Debug\RPS_PSOC5_Serial_01.a(IO_12.o)
 .debug_info    0x00004f30      0x11e .\ARM_GCC_541\Debug\RPS_PSOC5_Serial_01.a(IO_13.o)
 .debug_info    0x0000504e      0x11e .\ARM_GCC_541\Debug\RPS_PSOC5_Serial_01.a(IO_6.o)
 .debug_info    0x0000516c      0x11e .\ARM_GCC_541\Debug\RPS_PSOC5_Serial_01.a(IO_16.o)
 .debug_info    0x0000528a      0x11e .\ARM_GCC_541\Debug\RPS_PSOC5_Serial_01.a(IO_2.o)
 .debug_info    0x000053a8      0x11e .\ARM_GCC_541\Debug\RPS_PSOC5_Serial_01.a(IO_14.o)
 .debug_info    0x000054c6      0x11e .\ARM_GCC_541\Debug\RPS_PSOC5_Serial_01.a(IO_5.o)
 .debug_info    0x000055e4      0x11e .\ARM_GCC_541\Debug\RPS_PSOC5_Serial_01.a(IO_19.o)
 .debug_info    0x00005702      0x11e .\ARM_GCC_541\Debug\RPS_PSOC5_Serial_01.a(IO_20.o)
 .debug_info    0x00005820      0x11e .\ARM_GCC_541\Debug\RPS_PSOC5_Serial_01.a(IO_26.o)
 .debug_info    0x0000593e      0x11e .\ARM_GCC_541\Debug\RPS_PSOC5_Serial_01.a(IO_21.o)
 .debug_info    0x00005a5c      0x11e .\ARM_GCC_541\Debug\RPS_PSOC5_Serial_01.a(IO_17.o)
 .debug_info    0x00005b7a      0x11e .\ARM_GCC_541\Debug\RPS_PSOC5_Serial_01.a(IO_18.o)
 .debug_info    0x00005c98      0x11e .\ARM_GCC_541\Debug\RPS_PSOC5_Serial_01.a(IO_27.o)
 .debug_info    0x00005db6      0x11e .\ARM_GCC_541\Debug\RPS_PSOC5_Serial_01.a(IO_22.o)
 .debug_info    0x00005ed4      0x11e .\ARM_GCC_541\Debug\RPS_PSOC5_Serial_01.a(IO_23.o)
 .debug_info    0x00005ff2      0x11e .\ARM_GCC_541\Debug\RPS_PSOC5_Serial_01.a(IO_24.o)
 .debug_info    0x00006110      0x11e .\ARM_GCC_541\Debug\RPS_PSOC5_Serial_01.a(IO_7.o)
 .debug_info    0x0000622e      0x11e .\ARM_GCC_541\Debug\RPS_PSOC5_Serial_01.a(IO_15.o)
 .debug_info    0x0000634c      0x11e .\ARM_GCC_541\Debug\RPS_PSOC5_Serial_01.a(IO_4.o)
 .debug_info    0x0000646a      0x11e .\ARM_GCC_541\Debug\RPS_PSOC5_Serial_01.a(IO_25.o)
 .debug_info    0x00006588      0x11e .\ARM_GCC_541\Debug\RPS_PSOC5_Serial_01.a(IO_9.o)
 .debug_info    0x000066a6      0x11e .\ARM_GCC_541\Debug\RPS_PSOC5_Serial_01.a(IO_10.o)
 .debug_info    0x000067c4      0x11e .\ARM_GCC_541\Debug\RPS_PSOC5_Serial_01.a(IO_8.o)
 .debug_info    0x000068e2      0x11e .\ARM_GCC_541\Debug\RPS_PSOC5_Serial_01.a(IO_11.o)
 .debug_info    0x00006a00       0xa7 .\ARM_GCC_541\Debug\RPS_PSOC5_Serial_01.a(CyBootAsmGnu.o)
 .debug_info    0x00006aa7      0x299 .\ARM_GCC_541\Debug\RPS_PSOC5_Serial_01.a(CyScBoostClk.o)
 .debug_info    0x00006d40      0x1c8 .\ARM_GCC_541\Debug\RPS_PSOC5_Serial_01.a(USBUART_cls.o)
 .debug_info    0x00006f08      0x30b .\ARM_GCC_541\Debug\RPS_PSOC5_Serial_01.a(USBUART_descr.o)
 .debug_info    0x00007213      0x410 .\ARM_GCC_541\Debug\RPS_PSOC5_Serial_01.a(CyFlash.o)
 .debug_info    0x00007623      0x4c0 .\ARM_GCC_541\Debug\RPS_PSOC5_Serial_01.a(CySpc.o)

.debug_abbrev   0x00000000     0x2a3b
 *(.debug_abbrev)
 .debug_abbrev  0x00000000       0xc9 .\ARM_GCC_541\Debug\main.o
 .debug_abbrev  0x000000c9       0xb7 .\ARM_GCC_541\Debug\Test_RPP-UIO_16.o
 .debug_abbrev  0x00000180       0x9f .\ARM_GCC_541\Debug\RasPi_Pins.o
 .debug_abbrev  0x0000021f      0x107 .\ARM_GCC_541\Debug\ExtEEPROM.o
 .debug_abbrev  0x00000326      0x19f .\ARM_GCC_541\Debug\cyfitter_cfg.o
 .debug_abbrev  0x000004c5       0x5d .\ARM_GCC_541\Debug\cymetadata.o
 .debug_abbrev  0x00000522      0x1d6 .\ARM_GCC_541\Debug\Cm3Start.o
 .debug_abbrev  0x000006f8      0x1f3 .\ARM_GCC_541\Debug\RPS_PSOC5_Serial_01.a(USBUART.o)
 .debug_abbrev  0x000008eb      0x233 .\ARM_GCC_541\Debug\RPS_PSOC5_Serial_01.a(USBUART_cdc.o)
 .debug_abbrev  0x00000b1e      0x161 .\ARM_GCC_541\Debug\RPS_PSOC5_Serial_01.a(USBUART_drv.o)
 .debug_abbrev  0x00000c7f       0xfd .\ARM_GCC_541\Debug\RPS_PSOC5_Serial_01.a(USBUART_episr.o)
 .debug_abbrev  0x00000d7c      0x15e .\ARM_GCC_541\Debug\RPS_PSOC5_Serial_01.a(USBUART_hid.o)
 .debug_abbrev  0x00000eda       0xd1 .\ARM_GCC_541\Debug\RPS_PSOC5_Serial_01.a(USBUART_pm.o)
 .debug_abbrev  0x00000fab      0x1c2 .\ARM_GCC_541\Debug\RPS_PSOC5_Serial_01.a(USBUART_std.o)
 .debug_abbrev  0x0000116d       0xc5 .\ARM_GCC_541\Debug\RPS_PSOC5_Serial_01.a(USBUART_vnd.o)
 .debug_abbrev  0x00001232       0x90 .\ARM_GCC_541\Debug\RPS_PSOC5_Serial_01.a(USBUART_Dp.o)
 .debug_abbrev  0x000012c2      0x217 .\ARM_GCC_541\Debug\RPS_PSOC5_Serial_01.a(CyLib.o)
 .debug_abbrev  0x000014d9      0x161 .\ARM_GCC_541\Debug\RPS_PSOC5_Serial_01.a(cyPm.o)
 .debug_abbrev  0x0000163a       0x90 .\ARM_GCC_541\Debug\RPS_PSOC5_Serial_01.a(IO_3.o)
 .debug_abbrev  0x000016ca       0x90 .\ARM_GCC_541\Debug\RPS_PSOC5_Serial_01.a(IO_12.o)
 .debug_abbrev  0x0000175a       0x90 .\ARM_GCC_541\Debug\RPS_PSOC5_Serial_01.a(IO_13.o)
 .debug_abbrev  0x000017ea       0x90 .\ARM_GCC_541\Debug\RPS_PSOC5_Serial_01.a(IO_6.o)
 .debug_abbrev  0x0000187a       0x90 .\ARM_GCC_541\Debug\RPS_PSOC5_Serial_01.a(IO_16.o)
 .debug_abbrev  0x0000190a       0x90 .\ARM_GCC_541\Debug\RPS_PSOC5_Serial_01.a(IO_2.o)
 .debug_abbrev  0x0000199a       0x90 .\ARM_GCC_541\Debug\RPS_PSOC5_Serial_01.a(IO_14.o)
 .debug_abbrev  0x00001a2a       0x90 .\ARM_GCC_541\Debug\RPS_PSOC5_Serial_01.a(IO_5.o)
 .debug_abbrev  0x00001aba       0x90 .\ARM_GCC_541\Debug\RPS_PSOC5_Serial_01.a(IO_19.o)
 .debug_abbrev  0x00001b4a       0x90 .\ARM_GCC_541\Debug\RPS_PSOC5_Serial_01.a(IO_20.o)
 .debug_abbrev  0x00001bda       0x90 .\ARM_GCC_541\Debug\RPS_PSOC5_Serial_01.a(IO_26.o)
 .debug_abbrev  0x00001c6a       0x90 .\ARM_GCC_541\Debug\RPS_PSOC5_Serial_01.a(IO_21.o)
 .debug_abbrev  0x00001cfa       0x90 .\ARM_GCC_541\Debug\RPS_PSOC5_Serial_01.a(IO_17.o)
 .debug_abbrev  0x00001d8a       0x90 .\ARM_GCC_541\Debug\RPS_PSOC5_Serial_01.a(IO_18.o)
 .debug_abbrev  0x00001e1a       0x90 .\ARM_GCC_541\Debug\RPS_PSOC5_Serial_01.a(IO_27.o)
 .debug_abbrev  0x00001eaa       0x90 .\ARM_GCC_541\Debug\RPS_PSOC5_Serial_01.a(IO_22.o)
 .debug_abbrev  0x00001f3a       0x90 .\ARM_GCC_541\Debug\RPS_PSOC5_Serial_01.a(IO_23.o)
 .debug_abbrev  0x00001fca       0x90 .\ARM_GCC_541\Debug\RPS_PSOC5_Serial_01.a(IO_24.o)
 .debug_abbrev  0x0000205a       0x90 .\ARM_GCC_541\Debug\RPS_PSOC5_Serial_01.a(IO_7.o)
 .debug_abbrev  0x000020ea       0x90 .\ARM_GCC_541\Debug\RPS_PSOC5_Serial_01.a(IO_15.o)
 .debug_abbrev  0x0000217a       0x90 .\ARM_GCC_541\Debug\RPS_PSOC5_Serial_01.a(IO_4.o)
 .debug_abbrev  0x0000220a       0x90 .\ARM_GCC_541\Debug\RPS_PSOC5_Serial_01.a(IO_25.o)
 .debug_abbrev  0x0000229a       0x90 .\ARM_GCC_541\Debug\RPS_PSOC5_Serial_01.a(IO_9.o)
 .debug_abbrev  0x0000232a       0x90 .\ARM_GCC_541\Debug\RPS_PSOC5_Serial_01.a(IO_10.o)
 .debug_abbrev  0x000023ba       0x90 .\ARM_GCC_541\Debug\RPS_PSOC5_Serial_01.a(IO_8.o)
 .debug_abbrev  0x0000244a       0x90 .\ARM_GCC_541\Debug\RPS_PSOC5_Serial_01.a(IO_11.o)
 .debug_abbrev  0x000024da       0x14 .\ARM_GCC_541\Debug\RPS_PSOC5_Serial_01.a(CyBootAsmGnu.o)
 .debug_abbrev  0x000024ee      0x11d .\ARM_GCC_541\Debug\RPS_PSOC5_Serial_01.a(CyScBoostClk.o)
 .debug_abbrev  0x0000260b       0xc5 .\ARM_GCC_541\Debug\RPS_PSOC5_Serial_01.a(USBUART_cls.o)
 .debug_abbrev  0x000026d0       0xb4 .\ARM_GCC_541\Debug\RPS_PSOC5_Serial_01.a(USBUART_descr.o)
 .debug_abbrev  0x00002784      0x14b .\ARM_GCC_541\Debug\RPS_PSOC5_Serial_01.a(CyFlash.o)
 .debug_abbrev  0x000028cf      0x16c .\ARM_GCC_541\Debug\RPS_PSOC5_Serial_01.a(CySpc.o)

.debug_line     0x00000000     0x40c4
 *(.debug_line)
 .debug_line    0x00000000      0x1b5 .\ARM_GCC_541\Debug\main.o
 .debug_line    0x000001b5        0x0 .\ARM_GCC_541\Debug\testCards.o
 .debug_line    0x000001b5        0x0 .\ARM_GCC_541\Debug\program_RPI_EEPROM.o
 .debug_line    0x000001b5      0x1c8 .\ARM_GCC_541\Debug\Test_RPP-UIO_16.o
 .debug_line    0x0000037d      0x1cd .\ARM_GCC_541\Debug\RasPi_Pins.o
 .debug_line    0x0000054a        0x0 .\ARM_GCC_541\Debug\Z80_SIO_emul.o
 .debug_line    0x0000054a      0x1d3 .\ARM_GCC_541\Debug\ExtEEPROM.o
 .debug_line    0x0000071d      0x1f5 .\ARM_GCC_541\Debug\cyfitter_cfg.o
 .debug_line    0x00000912      0x141 .\ARM_GCC_541\Debug\cymetadata.o
 .debug_line    0x00000a53      0x1dc .\ARM_GCC_541\Debug\Cm3Start.o
 .debug_line    0x00000c2f      0x327 .\ARM_GCC_541\Debug\RPS_PSOC5_Serial_01.a(USBUART.o)
 .debug_line    0x00000f56      0x30c .\ARM_GCC_541\Debug\RPS_PSOC5_Serial_01.a(USBUART_cdc.o)
 .debug_line    0x00001262      0x21f .\ARM_GCC_541\Debug\RPS_PSOC5_Serial_01.a(USBUART_drv.o)
 .debug_line    0x00001481       0xf2 .\ARM_GCC_541\Debug\RPS_PSOC5_Serial_01.a(USBUART_episr.o)
 .debug_line    0x00001573      0x179 .\ARM_GCC_541\Debug\RPS_PSOC5_Serial_01.a(USBUART_hid.o)
 .debug_line    0x000016ec       0xe6 .\ARM_GCC_541\Debug\RPS_PSOC5_Serial_01.a(USBUART_pm.o)
 .debug_line    0x000017d2      0x470 .\ARM_GCC_541\Debug\RPS_PSOC5_Serial_01.a(USBUART_std.o)
 .debug_line    0x00001c42       0x8f .\ARM_GCC_541\Debug\RPS_PSOC5_Serial_01.a(USBUART_vnd.o)
 .debug_line    0x00001cd1       0xbf .\ARM_GCC_541\Debug\RPS_PSOC5_Serial_01.a(USBUART_Dp.o)
 .debug_line    0x00001d90      0x8b5 .\ARM_GCC_541\Debug\RPS_PSOC5_Serial_01.a(CyLib.o)
 .debug_line    0x00002645      0x38e .\ARM_GCC_541\Debug\RPS_PSOC5_Serial_01.a(cyPm.o)
 .debug_line    0x000029d3       0x94 .\ARM_GCC_541\Debug\RPS_PSOC5_Serial_01.a(IO_3.o)
 .debug_line    0x00002a67       0x95 .\ARM_GCC_541\Debug\RPS_PSOC5_Serial_01.a(IO_12.o)
 .debug_line    0x00002afc       0x95 .\ARM_GCC_541\Debug\RPS_PSOC5_Serial_01.a(IO_13.o)
 .debug_line    0x00002b91       0x94 .\ARM_GCC_541\Debug\RPS_PSOC5_Serial_01.a(IO_6.o)
 .debug_line    0x00002c25       0x95 .\ARM_GCC_541\Debug\RPS_PSOC5_Serial_01.a(IO_16.o)
 .debug_line    0x00002cba       0x94 .\ARM_GCC_541\Debug\RPS_PSOC5_Serial_01.a(IO_2.o)
 .debug_line    0x00002d4e       0x95 .\ARM_GCC_541\Debug\RPS_PSOC5_Serial_01.a(IO_14.o)
 .debug_line    0x00002de3       0x94 .\ARM_GCC_541\Debug\RPS_PSOC5_Serial_01.a(IO_5.o)
 .debug_line    0x00002e77       0x95 .\ARM_GCC_541\Debug\RPS_PSOC5_Serial_01.a(IO_19.o)
 .debug_line    0x00002f0c       0x95 .\ARM_GCC_541\Debug\RPS_PSOC5_Serial_01.a(IO_20.o)
 .debug_line    0x00002fa1       0x95 .\ARM_GCC_541\Debug\RPS_PSOC5_Serial_01.a(IO_26.o)
 .debug_line    0x00003036       0x95 .\ARM_GCC_541\Debug\RPS_PSOC5_Serial_01.a(IO_21.o)
 .debug_line    0x000030cb       0x95 .\ARM_GCC_541\Debug\RPS_PSOC5_Serial_01.a(IO_17.o)
 .debug_line    0x00003160       0x95 .\ARM_GCC_541\Debug\RPS_PSOC5_Serial_01.a(IO_18.o)
 .debug_line    0x000031f5       0x95 .\ARM_GCC_541\Debug\RPS_PSOC5_Serial_01.a(IO_27.o)
 .debug_line    0x0000328a       0x95 .\ARM_GCC_541\Debug\RPS_PSOC5_Serial_01.a(IO_22.o)
 .debug_line    0x0000331f       0x95 .\ARM_GCC_541\Debug\RPS_PSOC5_Serial_01.a(IO_23.o)
 .debug_line    0x000033b4       0x95 .\ARM_GCC_541\Debug\RPS_PSOC5_Serial_01.a(IO_24.o)
 .debug_line    0x00003449       0x94 .\ARM_GCC_541\Debug\RPS_PSOC5_Serial_01.a(IO_7.o)
 .debug_line    0x000034dd       0x95 .\ARM_GCC_541\Debug\RPS_PSOC5_Serial_01.a(IO_15.o)
 .debug_line    0x00003572       0x94 .\ARM_GCC_541\Debug\RPS_PSOC5_Serial_01.a(IO_4.o)
 .debug_line    0x00003606       0x95 .\ARM_GCC_541\Debug\RPS_PSOC5_Serial_01.a(IO_25.o)
 .debug_line    0x0000369b       0x94 .\ARM_GCC_541\Debug\RPS_PSOC5_Serial_01.a(IO_9.o)
 .debug_line    0x0000372f       0x95 .\ARM_GCC_541\Debug\RPS_PSOC5_Serial_01.a(IO_10.o)
 .debug_line    0x000037c4       0x94 .\ARM_GCC_541\Debug\RPS_PSOC5_Serial_01.a(IO_8.o)
 .debug_line    0x00003858       0x95 .\ARM_GCC_541\Debug\RPS_PSOC5_Serial_01.a(IO_11.o)
 .debug_line    0x000038ed       0x7d .\ARM_GCC_541\Debug\RPS_PSOC5_Serial_01.a(CyBootAsmGnu.o)
 .debug_line    0x0000396a      0x1cf .\ARM_GCC_541\Debug\RPS_PSOC5_Serial_01.a(CyScBoostClk.o)
 .debug_line    0x00003b39       0x97 .\ARM_GCC_541\Debug\RPS_PSOC5_Serial_01.a(USBUART_cls.o)
 .debug_line    0x00003bd0       0x61 .\ARM_GCC_541\Debug\RPS_PSOC5_Serial_01.a(USBUART_descr.o)
 .debug_line    0x00003c31      0x242 .\ARM_GCC_541\Debug\RPS_PSOC5_Serial_01.a(CyFlash.o)
 .debug_line    0x00003e73      0x251 .\ARM_GCC_541\Debug\RPS_PSOC5_Serial_01.a(CySpc.o)

.debug_frame    0x00000000     0x3d1c
 *(.debug_frame)
 .debug_frame   0x00000000       0x38 .\ARM_GCC_541\Debug\main.o
 .debug_frame   0x00000038       0x54 .\ARM_GCC_541\Debug\Test_RPP-UIO_16.o
 .debug_frame   0x0000008c       0x38 .\ARM_GCC_541\Debug\RasPi_Pins.o
 .debug_frame   0x000000c4       0x60 .\ARM_GCC_541\Debug\ExtEEPROM.o
 .debug_frame   0x00000124      0x16c .\ARM_GCC_541\Debug\cyfitter_cfg.o
 .debug_frame   0x00000290       0xd8 .\ARM_GCC_541\Debug\Cm3Start.o
 .debug_frame   0x00000368      0x380 .\ARM_GCC_541\Debug\RPS_PSOC5_Serial_01.a(USBUART.o)
 .debug_frame   0x000006e8      0x3ec .\ARM_GCC_541\Debug\RPS_PSOC5_Serial_01.a(USBUART_cdc.o)
 .debug_frame   0x00000ad4      0x23c .\ARM_GCC_541\Debug\RPS_PSOC5_Serial_01.a(USBUART_drv.o)
 .debug_frame   0x00000d10       0xbc .\ARM_GCC_541\Debug\RPS_PSOC5_Serial_01.a(USBUART_episr.o)
 .debug_frame   0x00000dcc      0x100 .\ARM_GCC_541\Debug\RPS_PSOC5_Serial_01.a(USBUART_hid.o)
 .debug_frame   0x00000ecc       0xbc .\ARM_GCC_541\Debug\RPS_PSOC5_Serial_01.a(USBUART_pm.o)
 .debug_frame   0x00000f88      0x224 .\ARM_GCC_541\Debug\RPS_PSOC5_Serial_01.a(USBUART_std.o)
 .debug_frame   0x000011ac       0x38 .\ARM_GCC_541\Debug\RPS_PSOC5_Serial_01.a(USBUART_vnd.o)
 .debug_frame   0x000011e4       0xf4 .\ARM_GCC_541\Debug\RPS_PSOC5_Serial_01.a(USBUART_Dp.o)
 .debug_frame   0x000012d8      0xc34 .\ARM_GCC_541\Debug\RPS_PSOC5_Serial_01.a(CyLib.o)
 .debug_frame   0x00001f0c      0x234 .\ARM_GCC_541\Debug\RPS_PSOC5_Serial_01.a(cyPm.o)
 .debug_frame   0x00002140       0xa8 .\ARM_GCC_541\Debug\RPS_PSOC5_Serial_01.a(IO_3.o)
 .debug_frame   0x000021e8       0xa8 .\ARM_GCC_541\Debug\RPS_PSOC5_Serial_01.a(IO_12.o)
 .debug_frame   0x00002290       0xa8 .\ARM_GCC_541\Debug\RPS_PSOC5_Serial_01.a(IO_13.o)
 .debug_frame   0x00002338       0xa8 .\ARM_GCC_541\Debug\RPS_PSOC5_Serial_01.a(IO_6.o)
 .debug_frame   0x000023e0       0xa8 .\ARM_GCC_541\Debug\RPS_PSOC5_Serial_01.a(IO_16.o)
 .debug_frame   0x00002488       0xa8 .\ARM_GCC_541\Debug\RPS_PSOC5_Serial_01.a(IO_2.o)
 .debug_frame   0x00002530       0xa8 .\ARM_GCC_541\Debug\RPS_PSOC5_Serial_01.a(IO_14.o)
 .debug_frame   0x000025d8       0xa8 .\ARM_GCC_541\Debug\RPS_PSOC5_Serial_01.a(IO_5.o)
 .debug_frame   0x00002680       0xa8 .\ARM_GCC_541\Debug\RPS_PSOC5_Serial_01.a(IO_19.o)
 .debug_frame   0x00002728       0xa8 .\ARM_GCC_541\Debug\RPS_PSOC5_Serial_01.a(IO_20.o)
 .debug_frame   0x000027d0       0xa8 .\ARM_GCC_541\Debug\RPS_PSOC5_Serial_01.a(IO_26.o)
 .debug_frame   0x00002878       0xa8 .\ARM_GCC_541\Debug\RPS_PSOC5_Serial_01.a(IO_21.o)
 .debug_frame   0x00002920       0xa8 .\ARM_GCC_541\Debug\RPS_PSOC5_Serial_01.a(IO_17.o)
 .debug_frame   0x000029c8       0xa8 .\ARM_GCC_541\Debug\RPS_PSOC5_Serial_01.a(IO_18.o)
 .debug_frame   0x00002a70       0xa8 .\ARM_GCC_541\Debug\RPS_PSOC5_Serial_01.a(IO_27.o)
 .debug_frame   0x00002b18       0xa8 .\ARM_GCC_541\Debug\RPS_PSOC5_Serial_01.a(IO_22.o)
 .debug_frame   0x00002bc0       0xa8 .\ARM_GCC_541\Debug\RPS_PSOC5_Serial_01.a(IO_23.o)
 .debug_frame   0x00002c68       0xa8 .\ARM_GCC_541\Debug\RPS_PSOC5_Serial_01.a(IO_24.o)
 .debug_frame   0x00002d10       0xa8 .\ARM_GCC_541\Debug\RPS_PSOC5_Serial_01.a(IO_7.o)
 .debug_frame   0x00002db8       0xa8 .\ARM_GCC_541\Debug\RPS_PSOC5_Serial_01.a(IO_15.o)
 .debug_frame   0x00002e60       0xa8 .\ARM_GCC_541\Debug\RPS_PSOC5_Serial_01.a(IO_4.o)
 .debug_frame   0x00002f08       0xa8 .\ARM_GCC_541\Debug\RPS_PSOC5_Serial_01.a(IO_25.o)
 .debug_frame   0x00002fb0       0xa8 .\ARM_GCC_541\Debug\RPS_PSOC5_Serial_01.a(IO_9.o)
 .debug_frame   0x00003058       0xa8 .\ARM_GCC_541\Debug\RPS_PSOC5_Serial_01.a(IO_10.o)
 .debug_frame   0x00003100       0xa8 .\ARM_GCC_541\Debug\RPS_PSOC5_Serial_01.a(IO_8.o)
 .debug_frame   0x000031a8       0xa8 .\ARM_GCC_541\Debug\RPS_PSOC5_Serial_01.a(IO_11.o)
 .debug_frame   0x00003250      0x200 .\ARM_GCC_541\Debug\RPS_PSOC5_Serial_01.a(CyScBoostClk.o)
 .debug_frame   0x00003450       0x38 .\ARM_GCC_541\Debug\RPS_PSOC5_Serial_01.a(USBUART_cls.o)
 .debug_frame   0x00003488      0x260 .\ARM_GCC_541\Debug\RPS_PSOC5_Serial_01.a(CyFlash.o)
 .debug_frame   0x000036e8      0x228 .\ARM_GCC_541\Debug\RPS_PSOC5_Serial_01.a(CySpc.o)
 .debug_frame   0x00003910       0x20 c:/program files (x86)/cypress/psoc creator/4.2/psoc creator/import/gnu/arm/5.4.1/bin/../lib/gcc/arm-none-eabi/5.4.1/../../../../arm-none-eabi/lib/armv7-m\libg_nano.a(lib_a-errno.o)
 .debug_frame   0x00003930       0x28 c:/program files (x86)/cypress/psoc creator/4.2/psoc creator/import/gnu/arm/5.4.1/bin/../lib/gcc/arm-none-eabi/5.4.1/../../../../arm-none-eabi/lib/armv7-m\libg_nano.a(lib_a-exit.o)
 .debug_frame   0x00003958       0x2c c:/program files (x86)/cypress/psoc creator/4.2/psoc creator/import/gnu/arm/5.4.1/bin/../lib/gcc/arm-none-eabi/5.4.1/../../../../arm-none-eabi/lib/armv7-m\libg_nano.a(lib_a-init.o)
 .debug_frame   0x00003984       0x28 c:/program files (x86)/cypress/psoc creator/4.2/psoc creator/import/gnu/arm/5.4.1/bin/../lib/gcc/arm-none-eabi/5.4.1/../../../../arm-none-eabi/lib/armv7-m\libg_nano.a(lib_a-memcpy-stub.o)
 .debug_frame   0x000039ac       0x20 c:/program files (x86)/cypress/psoc creator/4.2/psoc creator/import/gnu/arm/5.4.1/bin/../lib/gcc/arm-none-eabi/5.4.1/../../../../arm-none-eabi/lib/armv7-m\libg_nano.a(lib_a-memset.o)
 .debug_frame   0x000039cc       0x70 c:/program files (x86)/cypress/psoc creator/4.2/psoc creator/import/gnu/arm/5.4.1/bin/../lib/gcc/arm-none-eabi/5.4.1/../../../../arm-none-eabi/lib/armv7-m\libg_nano.a(lib_a-sprintf.o)
 .debug_frame   0x00003a3c       0x28 c:/program files (x86)/cypress/psoc creator/4.2/psoc creator/import/gnu/arm/5.4.1/bin/../lib/gcc/arm-none-eabi/5.4.1/../../../../arm-none-eabi/lib/armv7-m\libg_nano.a(lib_a-strcat.o)
 .debug_frame   0x00003a64       0x90 c:/program files (x86)/cypress/psoc creator/4.2/psoc creator/import/gnu/arm/5.4.1/bin/../lib/gcc/arm-none-eabi/5.4.1/../../../../arm-none-eabi/lib/armv7-m\libg_nano.a(lib_a-nano-svfprintf.o)
 .debug_frame   0x00003af4       0x60 c:/program files (x86)/cypress/psoc creator/4.2/psoc creator/import/gnu/arm/5.4.1/bin/../lib/gcc/arm-none-eabi/5.4.1/../../../../arm-none-eabi/lib/armv7-m\libg_nano.a(lib_a-nano-vfprintf_i.o)
 .debug_frame   0x00003b54       0x28 c:/program files (x86)/cypress/psoc creator/4.2/psoc creator/import/gnu/arm/5.4.1/bin/../lib/gcc/arm-none-eabi/5.4.1/../../../../arm-none-eabi/lib/armv7-m\libg_nano.a(lib_a-memchr-stub.o)
 .debug_frame   0x00003b7c       0x28 c:/program files (x86)/cypress/psoc creator/4.2/psoc creator/import/gnu/arm/5.4.1/bin/../lib/gcc/arm-none-eabi/5.4.1/../../../../arm-none-eabi/lib/armv7-m\libg_nano.a(lib_a-memmove.o)
 .debug_frame   0x00003ba4       0x38 c:/program files (x86)/cypress/psoc creator/4.2/psoc creator/import/gnu/arm/5.4.1/bin/../lib/gcc/arm-none-eabi/5.4.1/../../../../arm-none-eabi/lib/armv7-m\libg_nano.a(lib_a-nano-freer.o)
 .debug_frame   0x00003bdc       0x2c c:/program files (x86)/cypress/psoc creator/4.2/psoc creator/import/gnu/arm/5.4.1/bin/../lib/gcc/arm-none-eabi/5.4.1/../../../../arm-none-eabi/lib/armv7-m\libg_nano.a(lib_a-nano-mallocr.o)
 .debug_frame   0x00003c08       0x3c c:/program files (x86)/cypress/psoc creator/4.2/psoc creator/import/gnu/arm/5.4.1/bin/../lib/gcc/arm-none-eabi/5.4.1/../../../../arm-none-eabi/lib/armv7-m\libg_nano.a(lib_a-nano-reallocr.o)
 .debug_frame   0x00003c44       0x2c c:/program files (x86)/cypress/psoc creator/4.2/psoc creator/import/gnu/arm/5.4.1/bin/../lib/gcc/arm-none-eabi/5.4.1/../../../../arm-none-eabi/lib/armv7-m\libg_nano.a(lib_a-sbrkr.o)
 .debug_frame   0x00003c70       0x30 c:/program files (x86)/cypress/psoc creator/4.2/psoc creator/import/gnu/arm/5.4.1/bin/../lib/gcc/arm-none-eabi/5.4.1/../../../../arm-none-eabi/lib/armv7-m\libg_nano.a(lib_a-mlock.o)
 .debug_frame   0x00003ca0       0x20 c:/program files (x86)/cypress/psoc creator/4.2/psoc creator/import/gnu/arm/5.4.1/bin/../lib/gcc/arm-none-eabi/5.4.1/../../../../arm-none-eabi/lib/armv7-m\libg_nano.a(lib_a-nano-msizer.o)
 .debug_frame   0x00003cc0       0x5c c:/program files (x86)/cypress/psoc creator/4.2/psoc creator/import/gnu/arm/5.4.1/bin/../lib/gcc/arm-none-eabi/5.4.1/../../../../arm-none-eabi/lib/armv7-m\libg_nano.a(lib_a-reent.o)

.debug_str      0x00000000     0x336a
 *(.debug_str)
 .debug_str     0x00000000      0x1cd .\ARM_GCC_541\Debug\main.o
                                0x215 (size before relaxing)
 .debug_str     0x000001cd        0xc .\ARM_GCC_541\Debug\testCards.o
                                 0xf7 (size before relaxing)
 .debug_str     0x000001d9       0x6e .\ARM_GCC_541\Debug\program_RPI_EEPROM.o
                                 0xfc (size before relaxing)
 .debug_str     0x00000247       0xcd .\ARM_GCC_541\Debug\Test_RPP-UIO_16.o
                                0x288 (size before relaxing)
 .debug_str     0x00000314       0x29 .\ARM_GCC_541\Debug\RasPi_Pins.o
                                0x281 (size before relaxing)
 .debug_str     0x0000033d        0xf .\ARM_GCC_541\Debug\Z80_SIO_emul.o
                                 0xfa (size before relaxing)
 .debug_str     0x0000034c       0x3e .\ARM_GCC_541\Debug\ExtEEPROM.o
                                0x21d (size before relaxing)
 .debug_str     0x0000038a      0x1fc .\ARM_GCC_541\Debug\cyfitter_cfg.o
                                0x3c4 (size before relaxing)
 .debug_str     0x00000586       0x7f .\ARM_GCC_541\Debug\cymetadata.o
                                0x1fb (size before relaxing)
 .debug_str     0x00000605      0x123 .\ARM_GCC_541\Debug\Cm3Start.o
                                0x2ee (size before relaxing)
 .debug_str     0x00000728      0x448 .\ARM_GCC_541\Debug\RPS_PSOC5_Serial_01.a(USBUART.o)
                                0x616 (size before relaxing)
 .debug_str     0x00000b70      0x4df .\ARM_GCC_541\Debug\RPS_PSOC5_Serial_01.a(USBUART_cdc.o)
                                0x731 (size before relaxing)
 .debug_str     0x0000104f      0x296 .\ARM_GCC_541\Debug\RPS_PSOC5_Serial_01.a(USBUART_drv.o)
                                0x611 (size before relaxing)
 .debug_str     0x000012e5       0x80 .\ARM_GCC_541\Debug\RPS_PSOC5_Serial_01.a(USBUART_episr.o)
                                0x2de (size before relaxing)
 .debug_str     0x00001365      0x120 .\ARM_GCC_541\Debug\RPS_PSOC5_Serial_01.a(USBUART_hid.o)
                                0x3ac (size before relaxing)
 .debug_str     0x00001485       0xac .\ARM_GCC_541\Debug\RPS_PSOC5_Serial_01.a(USBUART_pm.o)
                                0x282 (size before relaxing)
 .debug_str     0x00001531      0x29a .\ARM_GCC_541\Debug\RPS_PSOC5_Serial_01.a(USBUART_std.o)
                                0x771 (size before relaxing)
 .debug_str     0x000017cb       0x5f .\ARM_GCC_541\Debug\RPS_PSOC5_Serial_01.a(USBUART_vnd.o)
                                0x28e (size before relaxing)
 .debug_str     0x0000182a       0xbe .\ARM_GCC_541\Debug\RPS_PSOC5_Serial_01.a(USBUART_Dp.o)
                                0x258 (size before relaxing)
 .debug_str     0x000018e8      0x81c .\ARM_GCC_541\Debug\RPS_PSOC5_Serial_01.a(CyLib.o)
                                0xa25 (size before relaxing)
 .debug_str     0x00002104      0x371 .\ARM_GCC_541\Debug\RPS_PSOC5_Serial_01.a(cyPm.o)
                                0x55a (size before relaxing)
 .debug_str     0x00002475       0x56 .\ARM_GCC_541\Debug\RPS_PSOC5_Serial_01.a(IO_3.o)
                                0x1f4 (size before relaxing)
 .debug_str     0x000024cb       0x5b .\ARM_GCC_541\Debug\RPS_PSOC5_Serial_01.a(IO_12.o)
                                0x1f9 (size before relaxing)
 .debug_str     0x00002526       0x5b .\ARM_GCC_541\Debug\RPS_PSOC5_Serial_01.a(IO_13.o)
                                0x1f9 (size before relaxing)
 .debug_str     0x00002581       0x56 .\ARM_GCC_541\Debug\RPS_PSOC5_Serial_01.a(IO_6.o)
                                0x1f4 (size before relaxing)
 .debug_str     0x000025d7       0x5b .\ARM_GCC_541\Debug\RPS_PSOC5_Serial_01.a(IO_16.o)
                                0x1f9 (size before relaxing)
 .debug_str     0x00002632       0x56 .\ARM_GCC_541\Debug\RPS_PSOC5_Serial_01.a(IO_2.o)
                                0x1f4 (size before relaxing)
 .debug_str     0x00002688       0x5b .\ARM_GCC_541\Debug\RPS_PSOC5_Serial_01.a(IO_14.o)
                                0x1f9 (size before relaxing)
 .debug_str     0x000026e3       0x56 .\ARM_GCC_541\Debug\RPS_PSOC5_Serial_01.a(IO_5.o)
                                0x1f4 (size before relaxing)
 .debug_str     0x00002739       0x5b .\ARM_GCC_541\Debug\RPS_PSOC5_Serial_01.a(IO_19.o)
                                0x1f9 (size before relaxing)
 .debug_str     0x00002794       0x5b .\ARM_GCC_541\Debug\RPS_PSOC5_Serial_01.a(IO_20.o)
                                0x1f9 (size before relaxing)
 .debug_str     0x000027ef       0x5b .\ARM_GCC_541\Debug\RPS_PSOC5_Serial_01.a(IO_26.o)
                                0x1f9 (size before relaxing)
 .debug_str     0x0000284a       0x5b .\ARM_GCC_541\Debug\RPS_PSOC5_Serial_01.a(IO_21.o)
                                0x1f9 (size before relaxing)
 .debug_str     0x000028a5       0x5b .\ARM_GCC_541\Debug\RPS_PSOC5_Serial_01.a(IO_17.o)
                                0x1f9 (size before relaxing)
 .debug_str     0x00002900       0x5b .\ARM_GCC_541\Debug\RPS_PSOC5_Serial_01.a(IO_18.o)
                                0x1f9 (size before relaxing)
 .debug_str     0x0000295b       0x5b .\ARM_GCC_541\Debug\RPS_PSOC5_Serial_01.a(IO_27.o)
                                0x1f9 (size before relaxing)
 .debug_str     0x000029b6       0x5b .\ARM_GCC_541\Debug\RPS_PSOC5_Serial_01.a(IO_22.o)
                                0x1f9 (size before relaxing)
 .debug_str     0x00002a11       0x5b .\ARM_GCC_541\Debug\RPS_PSOC5_Serial_01.a(IO_23.o)
                                0x1f9 (size before relaxing)
 .debug_str     0x00002a6c       0x5b .\ARM_GCC_541\Debug\RPS_PSOC5_Serial_01.a(IO_24.o)
                                0x1f9 (size before relaxing)
 .debug_str     0x00002ac7       0x56 .\ARM_GCC_541\Debug\RPS_PSOC5_Serial_01.a(IO_7.o)
                                0x1f4 (size before relaxing)
 .debug_str     0x00002b1d       0x5b .\ARM_GCC_541\Debug\RPS_PSOC5_Serial_01.a(IO_15.o)
                                0x1f9 (size before relaxing)
 .debug_str     0x00002b78       0x56 .\ARM_GCC_541\Debug\RPS_PSOC5_Serial_01.a(IO_4.o)
                                0x1f4 (size before relaxing)
 .debug_str     0x00002bce       0x5b .\ARM_GCC_541\Debug\RPS_PSOC5_Serial_01.a(IO_25.o)
                                0x1f9 (size before relaxing)
 .debug_str     0x00002c29       0x56 .\ARM_GCC_541\Debug\RPS_PSOC5_Serial_01.a(IO_9.o)
                                0x1f4 (size before relaxing)
 .debug_str     0x00002c7f       0x5b .\ARM_GCC_541\Debug\RPS_PSOC5_Serial_01.a(IO_10.o)
                                0x1f9 (size before relaxing)
 .debug_str     0x00002cda       0x56 .\ARM_GCC_541\Debug\RPS_PSOC5_Serial_01.a(IO_8.o)
                                0x1f4 (size before relaxing)
 .debug_str     0x00002d30       0x5b .\ARM_GCC_541\Debug\RPS_PSOC5_Serial_01.a(IO_11.o)
                                0x1f9 (size before relaxing)
 .debug_str     0x00002d8b      0x1e3 .\ARM_GCC_541\Debug\RPS_PSOC5_Serial_01.a(CyScBoostClk.o)
                                0x386 (size before relaxing)
 .debug_str     0x00002f6e       0x3f .\ARM_GCC_541\Debug\RPS_PSOC5_Serial_01.a(USBUART_cls.o)
                                0x2a6 (size before relaxing)
 .debug_str     0x00002fad      0x122 .\ARM_GCC_541\Debug\RPS_PSOC5_Serial_01.a(USBUART_descr.o)
                                0x3c7 (size before relaxing)
 .debug_str     0x000030cf      0x16e .\ARM_GCC_541\Debug\RPS_PSOC5_Serial_01.a(CyFlash.o)
                                0x336 (size before relaxing)
 .debug_str     0x0000323d      0x12d .\ARM_GCC_541\Debug\RPS_PSOC5_Serial_01.a(CySpc.o)
                                0x318 (size before relaxing)

.debug_loc
 *(.debug_loc)

.debug_macinfo
 *(.debug_macinfo)

.debug_ranges   0x00000000      0xce0
 *(.debug_ranges)
 .debug_ranges  0x00000000       0x10 .\ARM_GCC_541\Debug\main.o
 .debug_ranges  0x00000010       0x18 .\ARM_GCC_541\Debug\Test_RPP-UIO_16.o
 .debug_ranges  0x00000028       0x10 .\ARM_GCC_541\Debug\RasPi_Pins.o
 .debug_ranges  0x00000038       0x18 .\ARM_GCC_541\Debug\ExtEEPROM.o
 .debug_ranges  0x00000050       0x50 .\ARM_GCC_541\Debug\cyfitter_cfg.o
 .debug_ranges  0x000000a0       0x38 .\ARM_GCC_541\Debug\Cm3Start.o
 .debug_ranges  0x000000d8       0xb8 .\ARM_GCC_541\Debug\RPS_PSOC5_Serial_01.a(USBUART.o)
 .debug_ranges  0x00000190       0xd8 .\ARM_GCC_541\Debug\RPS_PSOC5_Serial_01.a(USBUART_cdc.o)
 .debug_ranges  0x00000268       0x88 .\ARM_GCC_541\Debug\RPS_PSOC5_Serial_01.a(USBUART_drv.o)
 .debug_ranges  0x000002f0       0x30 .\ARM_GCC_541\Debug\RPS_PSOC5_Serial_01.a(USBUART_episr.o)
 .debug_ranges  0x00000320       0x38 .\ARM_GCC_541\Debug\RPS_PSOC5_Serial_01.a(USBUART_hid.o)
 .debug_ranges  0x00000358       0x30 .\ARM_GCC_541\Debug\RPS_PSOC5_Serial_01.a(USBUART_pm.o)
 .debug_ranges  0x00000388       0x70 .\ARM_GCC_541\Debug\RPS_PSOC5_Serial_01.a(USBUART_std.o)
 .debug_ranges  0x000003f8       0x10 .\ARM_GCC_541\Debug\RPS_PSOC5_Serial_01.a(USBUART_vnd.o)
 .debug_ranges  0x00000408       0x38 .\ARM_GCC_541\Debug\RPS_PSOC5_Serial_01.a(USBUART_Dp.o)
 .debug_ranges  0x00000440      0x298 .\ARM_GCC_541\Debug\RPS_PSOC5_Serial_01.a(CyLib.o)
 .debug_ranges  0x000006d8       0x88 .\ARM_GCC_541\Debug\RPS_PSOC5_Serial_01.a(cyPm.o)
 .debug_ranges  0x00000760       0x28 .\ARM_GCC_541\Debug\RPS_PSOC5_Serial_01.a(IO_3.o)
 .debug_ranges  0x00000788       0x28 .\ARM_GCC_541\Debug\RPS_PSOC5_Serial_01.a(IO_12.o)
 .debug_ranges  0x000007b0       0x28 .\ARM_GCC_541\Debug\RPS_PSOC5_Serial_01.a(IO_13.o)
 .debug_ranges  0x000007d8       0x28 .\ARM_GCC_541\Debug\RPS_PSOC5_Serial_01.a(IO_6.o)
 .debug_ranges  0x00000800       0x28 .\ARM_GCC_541\Debug\RPS_PSOC5_Serial_01.a(IO_16.o)
 .debug_ranges  0x00000828       0x28 .\ARM_GCC_541\Debug\RPS_PSOC5_Serial_01.a(IO_2.o)
 .debug_ranges  0x00000850       0x28 .\ARM_GCC_541\Debug\RPS_PSOC5_Serial_01.a(IO_14.o)
 .debug_ranges  0x00000878       0x28 .\ARM_GCC_541\Debug\RPS_PSOC5_Serial_01.a(IO_5.o)
 .debug_ranges  0x000008a0       0x28 .\ARM_GCC_541\Debug\RPS_PSOC5_Serial_01.a(IO_19.o)
 .debug_ranges  0x000008c8       0x28 .\ARM_GCC_541\Debug\RPS_PSOC5_Serial_01.a(IO_20.o)
 .debug_ranges  0x000008f0       0x28 .\ARM_GCC_541\Debug\RPS_PSOC5_Serial_01.a(IO_26.o)
 .debug_ranges  0x00000918       0x28 .\ARM_GCC_541\Debug\RPS_PSOC5_Serial_01.a(IO_21.o)
 .debug_ranges  0x00000940       0x28 .\ARM_GCC_541\Debug\RPS_PSOC5_Serial_01.a(IO_17.o)
 .debug_ranges  0x00000968       0x28 .\ARM_GCC_541\Debug\RPS_PSOC5_Serial_01.a(IO_18.o)
 .debug_ranges  0x00000990       0x28 .\ARM_GCC_541\Debug\RPS_PSOC5_Serial_01.a(IO_27.o)
 .debug_ranges  0x000009b8       0x28 .\ARM_GCC_541\Debug\RPS_PSOC5_Serial_01.a(IO_22.o)
 .debug_ranges  0x000009e0       0x28 .\ARM_GCC_541\Debug\RPS_PSOC5_Serial_01.a(IO_23.o)
 .debug_ranges  0x00000a08       0x28 .\ARM_GCC_541\Debug\RPS_PSOC5_Serial_01.a(IO_24.o)
 .debug_ranges  0x00000a30       0x28 .\ARM_GCC_541\Debug\RPS_PSOC5_Serial_01.a(IO_7.o)
 .debug_ranges  0x00000a58       0x28 .\ARM_GCC_541\Debug\RPS_PSOC5_Serial_01.a(IO_15.o)
 .debug_ranges  0x00000a80       0x28 .\ARM_GCC_541\Debug\RPS_PSOC5_Serial_01.a(IO_4.o)
 .debug_ranges  0x00000aa8       0x28 .\ARM_GCC_541\Debug\RPS_PSOC5_Serial_01.a(IO_25.o)
 .debug_ranges  0x00000ad0       0x28 .\ARM_GCC_541\Debug\RPS_PSOC5_Serial_01.a(IO_9.o)
 .debug_ranges  0x00000af8       0x28 .\ARM_GCC_541\Debug\RPS_PSOC5_Serial_01.a(IO_10.o)
 .debug_ranges  0x00000b20       0x28 .\ARM_GCC_541\Debug\RPS_PSOC5_Serial_01.a(IO_8.o)
 .debug_ranges  0x00000b48       0x28 .\ARM_GCC_541\Debug\RPS_PSOC5_Serial_01.a(IO_11.o)
 .debug_ranges  0x00000b70       0x70 .\ARM_GCC_541\Debug\RPS_PSOC5_Serial_01.a(CyScBoostClk.o)
 .debug_ranges  0x00000be0       0x10 .\ARM_GCC_541\Debug\RPS_PSOC5_Serial_01.a(USBUART_cls.o)
 .debug_ranges  0x00000bf0       0x80 .\ARM_GCC_541\Debug\RPS_PSOC5_Serial_01.a(CyFlash.o)
 .debug_ranges  0x00000c70       0x70 .\ARM_GCC_541\Debug\RPS_PSOC5_Serial_01.a(CySpc.o)

.comment        0x00000000       0x6e
 .comment       0x00000000       0x6e .\ARM_GCC_541\Debug\main.o
                                 0x6f (size before relaxing)
 .comment       0x0000006e       0x6f .\ARM_GCC_541\Debug\testCards.o
 .comment       0x0000006e       0x6f .\ARM_GCC_541\Debug\program_RPI_EEPROM.o
 .comment       0x0000006e       0x6f .\ARM_GCC_541\Debug\Test_RPP-UIO_16.o
 .comment       0x0000006e       0x6f .\ARM_GCC_541\Debug\RasPi_Pins.o
 .comment       0x0000006e       0x6f .\ARM_GCC_541\Debug\Z80_SIO_emul.o
 .comment       0x0000006e       0x6f .\ARM_GCC_541\Debug\ExtEEPROM.o
 .comment       0x0000006e       0x6f .\ARM_GCC_541\Debug\cyfitter_cfg.o
 .comment       0x0000006e       0x6f .\ARM_GCC_541\Debug\cymetadata.o
 .comment       0x0000006e       0x6f .\ARM_GCC_541\Debug\Cm3Start.o
 .comment       0x0000006e       0x6f .\ARM_GCC_541\Debug\RPS_PSOC5_Serial_01.a(USBUART.o)
 .comment       0x0000006e       0x6f .\ARM_GCC_541\Debug\RPS_PSOC5_Serial_01.a(USBUART_cdc.o)
 .comment       0x0000006e       0x6f .\ARM_GCC_541\Debug\RPS_PSOC5_Serial_01.a(USBUART_drv.o)
 .comment       0x0000006e       0x6f .\ARM_GCC_541\Debug\RPS_PSOC5_Serial_01.a(USBUART_episr.o)
 .comment       0x0000006e       0x6f .\ARM_GCC_541\Debug\RPS_PSOC5_Serial_01.a(USBUART_hid.o)
 .comment       0x0000006e       0x6f .\ARM_GCC_541\Debug\RPS_PSOC5_Serial_01.a(USBUART_pm.o)
 .comment       0x0000006e       0x6f .\ARM_GCC_541\Debug\RPS_PSOC5_Serial_01.a(USBUART_std.o)
 .comment       0x0000006e       0x6f .\ARM_GCC_541\Debug\RPS_PSOC5_Serial_01.a(USBUART_vnd.o)
 .comment       0x0000006e       0x6f .\ARM_GCC_541\Debug\RPS_PSOC5_Serial_01.a(USBUART_Dp.o)
 .comment       0x0000006e       0x6f .\ARM_GCC_541\Debug\RPS_PSOC5_Serial_01.a(CyLib.o)
 .comment       0x0000006e       0x6f .\ARM_GCC_541\Debug\RPS_PSOC5_Serial_01.a(cyPm.o)
 .comment       0x0000006e       0x6f .\ARM_GCC_541\Debug\RPS_PSOC5_Serial_01.a(IO_3.o)
 .comment       0x0000006e       0x6f .\ARM_GCC_541\Debug\RPS_PSOC5_Serial_01.a(IO_12.o)
 .comment       0x0000006e       0x6f .\ARM_GCC_541\Debug\RPS_PSOC5_Serial_01.a(IO_13.o)
 .comment       0x0000006e       0x6f .\ARM_GCC_541\Debug\RPS_PSOC5_Serial_01.a(IO_6.o)
 .comment       0x0000006e       0x6f .\ARM_GCC_541\Debug\RPS_PSOC5_Serial_01.a(IO_16.o)
 .comment       0x0000006e       0x6f .\ARM_GCC_541\Debug\RPS_PSOC5_Serial_01.a(IO_2.o)
 .comment       0x0000006e       0x6f .\ARM_GCC_541\Debug\RPS_PSOC5_Serial_01.a(IO_14.o)
 .comment       0x0000006e       0x6f .\ARM_GCC_541\Debug\RPS_PSOC5_Serial_01.a(IO_5.o)
 .comment       0x0000006e       0x6f .\ARM_GCC_541\Debug\RPS_PSOC5_Serial_01.a(IO_19.o)
 .comment       0x0000006e       0x6f .\ARM_GCC_541\Debug\RPS_PSOC5_Serial_01.a(IO_20.o)
 .comment       0x0000006e       0x6f .\ARM_GCC_541\Debug\RPS_PSOC5_Serial_01.a(IO_26.o)
 .comment       0x0000006e       0x6f .\ARM_GCC_541\Debug\RPS_PSOC5_Serial_01.a(IO_21.o)
 .comment       0x0000006e       0x6f .\ARM_GCC_541\Debug\RPS_PSOC5_Serial_01.a(IO_17.o)
 .comment       0x0000006e       0x6f .\ARM_GCC_541\Debug\RPS_PSOC5_Serial_01.a(IO_18.o)
 .comment       0x0000006e       0x6f .\ARM_GCC_541\Debug\RPS_PSOC5_Serial_01.a(IO_27.o)
 .comment       0x0000006e       0x6f .\ARM_GCC_541\Debug\RPS_PSOC5_Serial_01.a(IO_22.o)
 .comment       0x0000006e       0x6f .\ARM_GCC_541\Debug\RPS_PSOC5_Serial_01.a(IO_23.o)
 .comment       0x0000006e       0x6f .\ARM_GCC_541\Debug\RPS_PSOC5_Serial_01.a(IO_24.o)
 .comment       0x0000006e       0x6f .\ARM_GCC_541\Debug\RPS_PSOC5_Serial_01.a(IO_7.o)
 .comment       0x0000006e       0x6f .\ARM_GCC_541\Debug\RPS_PSOC5_Serial_01.a(IO_15.o)
 .comment       0x0000006e       0x6f .\ARM_GCC_541\Debug\RPS_PSOC5_Serial_01.a(IO_4.o)
 .comment       0x0000006e       0x6f .\ARM_GCC_541\Debug\RPS_PSOC5_Serial_01.a(IO_25.o)
 .comment       0x0000006e       0x6f .\ARM_GCC_541\Debug\RPS_PSOC5_Serial_01.a(IO_9.o)
 .comment       0x0000006e       0x6f .\ARM_GCC_541\Debug\RPS_PSOC5_Serial_01.a(IO_10.o)
 .comment       0x0000006e       0x6f .\ARM_GCC_541\Debug\RPS_PSOC5_Serial_01.a(IO_8.o)
 .comment       0x0000006e       0x6f .\ARM_GCC_541\Debug\RPS_PSOC5_Serial_01.a(IO_11.o)
 .comment       0x0000006e       0x6f .\ARM_GCC_541\Debug\RPS_PSOC5_Serial_01.a(CyScBoostClk.o)
 .comment       0x0000006e       0x6f .\ARM_GCC_541\Debug\RPS_PSOC5_Serial_01.a(USBUART_cls.o)
 .comment       0x0000006e       0x6f .\ARM_GCC_541\Debug\RPS_PSOC5_Serial_01.a(USBUART_descr.o)
 .comment       0x0000006e       0x6f .\ARM_GCC_541\Debug\RPS_PSOC5_Serial_01.a(CyFlash.o)
 .comment       0x0000006e       0x6f .\ARM_GCC_541\Debug\RPS_PSOC5_Serial_01.a(CySpc.o)

.debug_weaknames