Archive member included to satisfy reference by file (symbol)

.\ARM_GCC_541\Debug\RPS_PSOC5_01.a(USBUART.o)
                              .\ARM_GCC_541\Debug\main.o (USBUART_Start)
.\ARM_GCC_541\Debug\RPS_PSOC5_01.a(USBUART_cdc.o)
                              .\ARM_GCC_541\Debug\main.o (USBUART_CDC_Init)
.\ARM_GCC_541\Debug\RPS_PSOC5_01.a(USBUART_drv.o)
                              .\ARM_GCC_541\Debug\RPS_PSOC5_01.a(USBUART.o) (USBUART_EP)
.\ARM_GCC_541\Debug\RPS_PSOC5_01.a(USBUART_episr.o)
                              .\ARM_GCC_541\Debug\RPS_PSOC5_01.a(USBUART.o) (USBUART_EP_1_ISR)
.\ARM_GCC_541\Debug\RPS_PSOC5_01.a(USBUART_hid.o)
                              .\ARM_GCC_541\Debug\RPS_PSOC5_01.a(USBUART.o) (USBUART_hidProtocol)
.\ARM_GCC_541\Debug\RPS_PSOC5_01.a(USBUART_pm.o)
                              .\ARM_GCC_541\Debug\RPS_PSOC5_01.a(USBUART.o) (USBUART_DP_ISR)
.\ARM_GCC_541\Debug\RPS_PSOC5_01.a(USBUART_std.o)
                              .\ARM_GCC_541\Debug\RPS_PSOC5_01.a(USBUART_drv.o) (USBUART_HandleStandardRqst)
.\ARM_GCC_541\Debug\RPS_PSOC5_01.a(USBUART_vnd.o)
                              .\ARM_GCC_541\Debug\RPS_PSOC5_01.a(USBUART_drv.o) (USBUART_HandleVendorRqst)
.\ARM_GCC_541\Debug\RPS_PSOC5_01.a(USBUART_Dp.o)
                              .\ARM_GCC_541\Debug\RPS_PSOC5_01.a(USBUART.o) (USBUART_Dp_ClearInterrupt)
.\ARM_GCC_541\Debug\RPS_PSOC5_01.a(CyLib.o)
                              .\ARM_GCC_541\Debug\Cm3Start.o (CyResetStatus)
.\ARM_GCC_541\Debug\RPS_PSOC5_01.a(cyPm.o)
                              .\ARM_GCC_541\Debug\RPS_PSOC5_01.a(CyLib.o) (CyPmReadStatus)
.\ARM_GCC_541\Debug\RPS_PSOC5_01.a(CyBootAsmGnu.o)
                              .\ARM_GCC_541\Debug\cyfitter_cfg.o (CyDelayCycles)
.\ARM_GCC_541\Debug\RPS_PSOC5_01.a(CyScBoostClk.o)
                              .\ARM_GCC_541\Debug\RPS_PSOC5_01.a(CyLib.o) (CyScBoostClk_Start)
.\ARM_GCC_541\Debug\RPS_PSOC5_01.a(USBUART_cls.o)
                              .\ARM_GCC_541\Debug\RPS_PSOC5_01.a(USBUART_drv.o) (USBUART_DispatchClassRqst)
.\ARM_GCC_541\Debug\RPS_PSOC5_01.a(USBUART_descr.o)
                              .\ARM_GCC_541\Debug\RPS_PSOC5_01.a(USBUART_std.o) (USBUART_DEVICE0_DESCR)
.\ARM_GCC_541\Debug\RPS_PSOC5_01.a(CyFlash.o)
                              .\ARM_GCC_541\Debug\RPS_PSOC5_01.a(cyPm.o) (CyFlash_SetWaitCycles)
.\ARM_GCC_541\Debug\RPS_PSOC5_01.a(CySpc.o)
                              .\ARM_GCC_541\Debug\RPS_PSOC5_01.a(CyFlash.o) (CySpcStart)
c:/program files (x86)/cypress/psoc creator/4.2/psoc creator/import/gnu/arm/5.4.1/bin/../lib/gcc/arm-none-eabi/5.4.1/../../../../arm-none-eabi/lib/armv7-m\libg_nano.a(lib_a-errno.o)
                              .\ARM_GCC_541\Debug\Cm3Start.o (__errno)
c:/program files (x86)/cypress/psoc creator/4.2/psoc creator/import/gnu/arm/5.4.1/bin/../lib/gcc/arm-none-eabi/5.4.1/../../../../arm-none-eabi/lib/armv7-m\libg_nano.a(lib_a-exit.o)
                              c:/program files (x86)/cypress/psoc creator/4.2/psoc creator/import/gnu/arm/5.4.1/bin/../lib/gcc/arm-none-eabi/5.4.1/../../../../arm-none-eabi/lib/armv7-m/crt0.o (exit)
c:/program files (x86)/cypress/psoc creator/4.2/psoc creator/import/gnu/arm/5.4.1/bin/../lib/gcc/arm-none-eabi/5.4.1/../../../../arm-none-eabi/lib/armv7-m\libg_nano.a(lib_a-impure.o)
                              c:/program files (x86)/cypress/psoc creator/4.2/psoc creator/import/gnu/arm/5.4.1/bin/../lib/gcc/arm-none-eabi/5.4.1/../../../../arm-none-eabi/lib/armv7-m\libg_nano.a(lib_a-exit.o) (_global_impure_ptr)
c:/program files (x86)/cypress/psoc creator/4.2/psoc creator/import/gnu/arm/5.4.1/bin/../lib/gcc/arm-none-eabi/5.4.1/../../../../arm-none-eabi/lib/armv7-m\libg_nano.a(lib_a-init.o)
                              c:/program files (x86)/cypress/psoc creator/4.2/psoc creator/import/gnu/arm/5.4.1/bin/../lib/gcc/arm-none-eabi/5.4.1/../../../../arm-none-eabi/lib/armv7-m/crt0.o (__libc_init_array)
c:/program files (x86)/cypress/psoc creator/4.2/psoc creator/import/gnu/arm/5.4.1/bin/../lib/gcc/arm-none-eabi/5.4.1/../../../../arm-none-eabi/lib/armv7-m\libg_nano.a(lib_a-memcpy-stub.o)
                              .\ARM_GCC_541\Debug\cyfitter_cfg.o (memcpy)
c:/program files (x86)/cypress/psoc creator/4.2/psoc creator/import/gnu/arm/5.4.1/bin/../lib/gcc/arm-none-eabi/5.4.1/../../../../arm-none-eabi/lib/armv7-m\libg_nano.a(lib_a-memset.o)
                              c:/program files (x86)/cypress/psoc creator/4.2/psoc creator/import/gnu/arm/5.4.1/bin/../lib/gcc/arm-none-eabi/5.4.1/../../../../arm-none-eabi/lib/armv7-m/crt0.o (memset)
c:/program files (x86)/cypress/psoc creator/4.2/psoc creator/import/gnu/arm/5.4.1/bin/../lib/gcc/arm-none-eabi/5.4.1/../../../../arm-none-eabi/lib/armv7-m\libg_nano.a(lib_a-nano-vfprintf_float.o)
                              .\ARM_GCC_541\Debug\main.o (_printf_float)
[...]
Memory Configuration

Name             Origin             Length             Attributes
rom              0x00000000         0x00020000         xr
ram              0x1fffc000         0x00008000         xrw
*default*        0x00000000         0xffffffff

Linker script and memory map

LOAD c:/program files (x86)/cypress/psoc creator/4.2/psoc creator/import/gnu/arm/5.4.1/bin/../lib/gcc/arm-none-eabi/5.4.1/armv7-m/crti.o
LOAD c:/program files (x86)/cypress/psoc creator/4.2/psoc creator/import/gnu/arm/5.4.1/bin/../lib/gcc/arm-none-eabi/5.4.1/armv7-m/crtbegin.o
LOAD c:/program files (x86)/cypress/psoc creator/4.2/psoc creator/import/gnu/arm/5.4.1/bin/../lib/gcc/arm-none-eabi/5.4.1/../../../../arm-none-eabi/lib/armv7-m/crt0.o
START GROUP
LOAD .\ARM_GCC_541\Debug\main.o
LOAD .\ARM_GCC_541\Debug\cyfitter_cfg.o
LOAD .\ARM_GCC_541\Debug\cymetadata.o
LOAD .\ARM_GCC_541\Debug\Cm3Start.o
LOAD .\ARM_GCC_541\Debug\RPS_PSOC5_01.a
LOAD C:\Program Files (x86)\Cypress\PSoC Creator\4.2\PSoC Creator\psoc\content\cycomponentlibrary\CyComponentLibrary.cylib\CortexM3\ARM_GCC_541\Debug\CyComponentLibrary.a
END GROUP
START GROUP
LOAD c:/program files (x86)/cypress/psoc creator/4.2/psoc creator/import/gnu/arm/5.4.1/bin/../lib/gcc/arm-none-eabi/5.4.1/armv7-m\libgcc.a
LOAD c:/program files (x86)/cypress/psoc creator/4.2/psoc creator/import/gnu/arm/5.4.1/bin/../lib/gcc/arm-none-eabi/5.4.1/../../../../arm-none-eabi/lib/armv7-m\libg_nano.a
LOAD c:/program files (x86)/cypress/psoc creator/4.2/psoc creator/import/gnu/arm/5.4.1/bin/../lib/gcc/arm-none-eabi/5.4.1/../../../../arm-none-eabi/lib/armv7-m\libc_nano.a
END GROUP
START GROUP
LOAD c:/program files (x86)/cypress/psoc creator/4.2/psoc creator/import/gnu/arm/5.4.1/bin/../lib/gcc/arm-none-eabi/5.4.1/armv7-m\libgcc.a
LOAD c:/program files (x86)/cypress/psoc creator/4.2/psoc creator/import/gnu/arm/5.4.1/bin/../lib/gcc/arm-none-eabi/5.4.1/../../../../arm-none-eabi/lib/armv7-m\libc_nano.a
END GROUP
LOAD c:/program files (x86)/cypress/psoc creator/4.2/psoc creator/import/gnu/arm/5.4.1/bin/../lib/gcc/arm-none-eabi/5.4.1/armv7-m/crtend.o
LOAD c:/program files (x86)/cypress/psoc creator/4.2/psoc creator/import/gnu/arm/5.4.1/bin/../lib/gcc/arm-none-eabi/5.4.1/armv7-m/crtn.o
START GROUP
LOAD c:/program files (x86)/cypress/psoc creator/4.2/psoc creator/import/gnu/arm/5.4.1/bin/../lib/gcc/arm-none-eabi/5.4.1/armv7-m\libgcc.a
LOAD c:/program files (x86)/cypress/psoc creator/4.2/psoc creator/import/gnu/arm/5.4.1/bin/../lib/gcc/arm-none-eabi/5.4.1/../../../../arm-none-eabi/lib/armv7-m\libc.a
LOAD c:/program files (x86)/cypress/psoc creator/4.2/psoc creator/import/gnu/arm/5.4.1/bin/../lib/gcc/arm-none-eabi/5.4.1/../../../../arm-none-eabi/lib/armv7-m\libnosys.a
END GROUP
                0x00000000                CY_APPL_ORIGIN = 0x0
                0x00000100                CY_FLASH_ROW_SIZE = 0x100
                0x00000020                CY_ECC_ROW_SIZE = 0x20
                0x00000000                CY_EE_IN_BTLDR = 0x0
                0x00000000                CY_APPL_LOADABLE = 0x0
                0x00000800                CY_EE_SIZE = 0x800
                0x00000001                CY_APPL_NUM = 0x1
                0x00000001                CY_APPL_MAX = 0x1
                0x00000040                CY_METADATA_SIZE = 0x40
                0x00000000                CY_APPL_LOADABLE = 0x0
                0x00000000                CY_CHECKSUM_EXCLUDE_SIZE = ALIGN (0x0, CY_FLASH_ROW_SIZE)
                [!provide]                PROVIDE (__cy_heap_start, _end)
                0x00000001                PROVIDE (__cy_region_num, ((__cy_regions_end - __cy_regions) / 0x10))
                0x20004000                PROVIDE (__cy_stack, (ORIGIN (ram) + LENGTH (ram)))
                [!provide]                PROVIDE (__cy_heap_end, (__cy_stack - 0x800))

.cybootloader   0x00000000        0x0
 *(.cybootloader)
                0x00000000                appl1_start = CY_APPL_ORIGIN?CY_APPL_ORIGIN:ALIGN (CY_FLASH_ROW_SIZE)
                0x0000ff00                appl2_start = (appl1_start + ALIGN ((((LENGTH (rom) - appl1_start) - (0x2 * CY_FLASH_ROW_SIZE)) / 0x2), CY_FLASH_ROW_SIZE))
                0x00000000                appl_start = (CY_APPL_NUM == 0x1)?appl1_start:appl2_start
                0x00000000                ecc_offset = ((appl_start / CY_FLASH_ROW_SIZE) * CY_ECC_ROW_SIZE)
                0x00000000                ee_offset = (CY_APPL_LOADABLE && ! (CY_EE_IN_BTLDR))?((CY_EE_SIZE / CY_APPL_MAX) * (CY_APPL_NUM - 0x1)):0x0
                0x00000800                ee_size = (CY_APPL_LOADABLE && ! (CY_EE_IN_BTLDR))?(CY_EE_SIZE / CY_APPL_MAX):CY_EE_SIZE
                [!provide]                PROVIDE (CY_ECC_OFFSET, ecc_offset)

.text           0x00000000     0x5ae8
 CREATE_OBJECT_SYMBOLS
                0x00000000                PROVIDE (__cy_interrupt_vector, RomVectors)
 *(.romvectors)
 .romvectors    0x00000000       0x10 .\ARM_GCC_541\Debug\Cm3Start.o
                0x00000000                RomVectors
                0x00000001                ASSERT ((. != __cy_interrupt_vector), No interrupt vector)
                0x00000001                ASSERT (CY_APPL_ORIGIN?(SIZEOF (.cybootloader) <= CY_APPL_ORIGIN):0x1, Wrong image location)
                0x00000010                PROVIDE (__cy_reset, Reset)
 *(.text.Reset)
 .text.Reset    0x00000010       0x18 .\ARM_GCC_541\Debug\Cm3Start.o
                0x00000010                Reset
                0x00000001                ASSERT ((. != __cy_reset), No reset code)
 *(.dma_init)
                0x00000001                ASSERT ((((appl_start + .) <= 0x10000) || 0x1), DMA Init must be within the first 64k of flash)
 *(.text .text.* .gnu.linkonce.t.*)
 .text          0x00000028       0x5c c:/program files (x86)/cypress/psoc creator/4.2/psoc creator/import/gnu/arm/5.4.1/bin/../lib/gcc/arm-none-eabi/5.4.1/armv7-m/crtbegin.o
 .text.main     0x00000084      0x144 .\ARM_GCC_541\Debug\main.o
                0x00000084                main
 .text.CYMEMZERO
                0x000001c8       0x1c .\ARM_GCC_541\Debug\cyfitter_cfg.o
 .text.CYCONFIGCPY
                0x000001e4       0x20 .\ARM_GCC_541\Debug\cyfitter_cfg.o
 .text.CYCONFIGCPYCODE
                0x00000204       0x20 .\ARM_GCC_541\Debug\cyfitter_cfg.o
 .text.CyClockStartupError
                0x00000224        0xc .\ARM_GCC_541\Debug\cyfitter_cfg.o
 .text.cfg_write_bytes32
                0x00000230       0x74 .\ARM_GCC_541\Debug\cyfitter_cfg.o
 .text.ClockSetup
                0x000002a4      0x19c .\ARM_GCC_541\Debug\cyfitter_cfg.o
 .text.AnalogSetDefault
                0x00000440       0x44 .\ARM_GCC_541\Debug\cyfitter_cfg.o
 .text.cyfitter_cfg
                0x00000484      0x1d0 .\ARM_GCC_541\Debug\cyfitter_cfg.o
                0x00000484                cyfitter_cfg
 .text.IntDefaultHandler
                0x00000654       0x14 .\ARM_GCC_541\Debug\Cm3Start.o
                0x00000654                IntDefaultHandler
 .text._sbrk    0x00000668       0x50 .\ARM_GCC_541\Debug\Cm3Start.o
                0x00000668                _sbrk
 .text.Start_c  0x000006b8       0x98 .\ARM_GCC_541\Debug\Cm3Start.o
                0x000006b8                Start_c
 .text.initialize_psoc
                0x00000750       0x90 .\ARM_GCC_541\Debug\Cm3Start.o
                0x00000750                initialize_psoc
 .text.USBUART_Start
                0x000007e0       0x3c .\ARM_GCC_541\Debug\RPS_PSOC5_01.a(USBUART.o)
                0x000007e0                USBUART_Start
 .text.USBUART_Init
                0x0000081c      0x1a4 .\ARM_GCC_541\Debug\RPS_PSOC5_01.a(USBUART.o)
                0x0000081c                USBUART_Init
 .text.USBUART_InitComponent
                0x000009c0      0x120 .\ARM_GCC_541\Debug\RPS_PSOC5_01.a(USBUART.o)
                0x000009c0                USBUART_InitComponent
 .text.USBUART_ReInitComponent
                0x00000ae0       0x88 .\ARM_GCC_541\Debug\RPS_PSOC5_01.a(USBUART.o)
                0x00000ae0                USBUART_ReInitComponent
 .text.USBUART_GetConfiguration
                0x00000b68       0x18 .\ARM_GCC_541\Debug\RPS_PSOC5_01.a(USBUART.o)
                0x00000b68                USBUART_GetConfiguration
 .text.USBUART_IsConfigurationChanged
                0x00000b80       0x30 .\ARM_GCC_541\Debug\RPS_PSOC5_01.a(USBUART.o)
                0x00000b80                USBUART_IsConfigurationChanged
 .text.USBUART_GetEPState
                0x00000bb0       0x2c .\ARM_GCC_541\Debug\RPS_PSOC5_01.a(USBUART.o)
                0x00000bb0                USBUART_GetEPState
 .text.USBUART_GetEPCount
                0x00000bdc       0x60 .\ARM_GCC_541\Debug\RPS_PSOC5_01.a(USBUART.o)
                0x00000bdc                USBUART_GetEPCount
 .text.USBUART_LoadInEP
                0x00000c3c      0x108 .\ARM_GCC_541\Debug\RPS_PSOC5_01.a(USBUART.o)
                0x00000c3c                USBUART_LoadInEP
 .text.USBUART_ReadOutEP
                0x00000d44       0x8c .\ARM_GCC_541\Debug\RPS_PSOC5_01.a(USBUART.o)
                0x00000d44                USBUART_ReadOutEP
 .text.USBUART_EnableOutEP
                0x00000dd0       0x5c .\ARM_GCC_541\Debug\RPS_PSOC5_01.a(USBUART.o)
                0x00000dd0                USBUART_EnableOutEP
 .text.USBUART_DispatchCDCClassRqst
                0x00000e2c       0xe4 .\ARM_GCC_541\Debug\RPS_PSOC5_01.a(USBUART_cdc.o)
                0x00000e2c                USBUART_DispatchCDCClassRqst
 .text.USBUART_GetInterfaceComPort
                0x00000f10       0x60 .\ARM_GCC_541\Debug\RPS_PSOC5_01.a(USBUART_cdc.o)
                0x00000f10                USBUART_GetInterfaceComPort
 .text.USBUART_CDC_Init
                0x00000f70       0xa8 .\ARM_GCC_541\Debug\RPS_PSOC5_01.a(USBUART_cdc.o)
                0x00000f70                USBUART_CDC_Init
 .text.USBUART_PutData
                0x00001018       0x6c .\ARM_GCC_541\Debug\RPS_PSOC5_01.a(USBUART_cdc.o)
                0x00001018                USBUART_PutData
 .text.USBUART_DataIsReady
                0x00001084       0x24 .\ARM_GCC_541\Debug\RPS_PSOC5_01.a(USBUART_cdc.o)
                0x00001084                USBUART_DataIsReady
 .text.USBUART_CDCIsReady
                0x000010a8       0x24 .\ARM_GCC_541\Debug\RPS_PSOC5_01.a(USBUART_cdc.o)
                0x000010a8                USBUART_CDCIsReady
 .text.USBUART_GetAll
                0x000010cc       0x4c .\ARM_GCC_541\Debug\RPS_PSOC5_01.a(USBUART_cdc.o)
                0x000010cc                USBUART_GetAll
 .text.USBUART_IsLineChanged
                0x00001118       0x54 .\ARM_GCC_541\Debug\RPS_PSOC5_01.a(USBUART_cdc.o)
                0x00001118                USBUART_IsLineChanged
 .text.USBUART_GetDTERate
                0x0000116c       0x8c .\ARM_GCC_541\Debug\RPS_PSOC5_01.a(USBUART_cdc.o)
                0x0000116c                USBUART_GetDTERate
 .text.USBUART_GetCharFormat
                0x000011f8       0x2c .\ARM_GCC_541\Debug\RPS_PSOC5_01.a(USBUART_cdc.o)
                0x000011f8                USBUART_GetCharFormat
 .text.USBUART_GetParityType
                0x00001224       0x2c .\ARM_GCC_541\Debug\RPS_PSOC5_01.a(USBUART_cdc.o)
                0x00001224                USBUART_GetParityType
 .text.USBUART_GetDataBits
                0x00001250       0x2c .\ARM_GCC_541\Debug\RPS_PSOC5_01.a(USBUART_cdc.o)
                0x00001250                USBUART_GetDataBits
 .text.USBUART_GetLineControl
                0x0000127c       0x24 .\ARM_GCC_541\Debug\RPS_PSOC5_01.a(USBUART_cdc.o)
                0x0000127c                USBUART_GetLineControl
 .text.USBUART_Cdc_EpInit
                0x000012a0       0x90 .\ARM_GCC_541\Debug\RPS_PSOC5_01.a(USBUART_cdc.o)
                0x000012a0                USBUART_Cdc_EpInit
 .text.USBUART_EP_0_ISR
                0x00001330       0xf8 .\ARM_GCC_541\Debug\RPS_PSOC5_01.a(USBUART_drv.o)
                0x00001330                USBUART_EP_0_ISR
 .text.USBUART_HandleSetup
                0x00001428       0x88 .\ARM_GCC_541\Debug\RPS_PSOC5_01.a(USBUART_drv.o)
                0x00001428                USBUART_HandleSetup
 .text.USBUART_HandleIN
                0x000014b0       0x4c .\ARM_GCC_541\Debug\RPS_PSOC5_01.a(USBUART_drv.o)
                0x000014b0                USBUART_HandleIN
 .text.USBUART_HandleOUT
                0x000014fc       0x58 .\ARM_GCC_541\Debug\RPS_PSOC5_01.a(USBUART_drv.o)
                0x000014fc                USBUART_HandleOUT
 .text.USBUART_LoadEP0
                0x00001554       0xd0 .\ARM_GCC_541\Debug\RPS_PSOC5_01.a(USBUART_drv.o)
                0x00001554                USBUART_LoadEP0
 .text.USBUART_InitControlRead
                0x00001624       0x70 .\ARM_GCC_541\Debug\RPS_PSOC5_01.a(USBUART_drv.o)
                0x00001624                USBUART_InitControlRead
 .text.USBUART_InitZeroLengthControlTransfer
                0x00001694       0x40 .\ARM_GCC_541\Debug\RPS_PSOC5_01.a(USBUART_drv.o)
                0x00001694                USBUART_InitZeroLengthControlTransfer
 .text.USBUART_ControlReadDataStage
                0x000016d4        0xc .\ARM_GCC_541\Debug\RPS_PSOC5_01.a(USBUART_drv.o)
                0x000016d4                USBUART_ControlReadDataStage
 .text.USBUART_ControlReadStatusStage
                0x000016e0       0x40 .\ARM_GCC_541\Debug\RPS_PSOC5_01.a(USBUART_drv.o)
                0x000016e0                USBUART_ControlReadStatusStage
 .text.USBUART_InitControlWrite
                0x00001720       0x64 .\ARM_GCC_541\Debug\RPS_PSOC5_01.a(USBUART_drv.o)
                0x00001720                USBUART_InitControlWrite
 .text.USBUART_ControlWriteDataStage
                0x00001784       0xb4 .\ARM_GCC_541\Debug\RPS_PSOC5_01.a(USBUART_drv.o)
                0x00001784                USBUART_ControlWriteDataStage
 .text.USBUART_ControlWriteStatusStage
                0x00001838       0x24 .\ARM_GCC_541\Debug\RPS_PSOC5_01.a(USBUART_drv.o)
                0x00001838                USBUART_ControlWriteStatusStage
 .text.USBUART_InitNoDataControlTransfer
                0x0000185c       0x38 .\ARM_GCC_541\Debug\RPS_PSOC5_01.a(USBUART_drv.o)
                0x0000185c                USBUART_InitNoDataControlTransfer
 .text.USBUART_NoDataControlStatusStage
                0x00001894       0x4c .\ARM_GCC_541\Debug\RPS_PSOC5_01.a(USBUART_drv.o)
                0x00001894                USBUART_NoDataControlStatusStage
 .text.USBUART_UpdateStatusBlock
                0x000018e0       0x40 .\ARM_GCC_541\Debug\RPS_PSOC5_01.a(USBUART_drv.o)
                0x000018e0                USBUART_UpdateStatusBlock
 .text.USBUART_InitializeStatusBlock
                0x00001920       0x34 .\ARM_GCC_541\Debug\RPS_PSOC5_01.a(USBUART_drv.o)
                0x00001920                USBUART_InitializeStatusBlock
 .text.USBUART_EP_1_ISR
                0x00001954       0x48 .\ARM_GCC_541\Debug\RPS_PSOC5_01.a(USBUART_episr.o)
                0x00001954                USBUART_EP_1_ISR
 .text.USBUART_EP_2_ISR
                0x0000199c       0x4c .\ARM_GCC_541\Debug\RPS_PSOC5_01.a(USBUART_episr.o)
                0x0000199c                USBUART_EP_2_ISR
 .text.USBUART_EP_3_ISR
                0x000019e8       0x54 .\ARM_GCC_541\Debug\RPS_PSOC5_01.a(USBUART_episr.o)
                0x000019e8                USBUART_EP_3_ISR
 .text.USBUART_SOF_ISR
                0x00001a3c        0xc .\ARM_GCC_541\Debug\RPS_PSOC5_01.a(USBUART_episr.o)
                0x00001a3c                USBUART_SOF_ISR
 .text.USBUART_BUS_RESET_ISR
                0x00001a48        0xc .\ARM_GCC_541\Debug\RPS_PSOC5_01.a(USBUART_episr.o)
                0x00001a48                USBUART_BUS_RESET_ISR
 .text.USBUART_DispatchHIDClassRqst
                0x00001a54      0x1e4 .\ARM_GCC_541\Debug\RPS_PSOC5_01.a(USBUART_hid.o)
                0x00001a54                USBUART_DispatchHIDClassRqst
 .text.USBUART_FindHidClassDecriptor
                0x00001c38       0x7c .\ARM_GCC_541\Debug\RPS_PSOC5_01.a(USBUART_hid.o)
                0x00001c38                USBUART_FindHidClassDecriptor
 .text.USBUART_FindReportDescriptor
                0x00001cb4       0x90 .\ARM_GCC_541\Debug\RPS_PSOC5_01.a(USBUART_hid.o)
                0x00001cb4                USBUART_FindReportDescriptor
 .text.USBUART_FindReport
                0x00001d44       0xcc .\ARM_GCC_541\Debug\RPS_PSOC5_01.a(USBUART_hid.o)
                0x00001d44                USBUART_FindReport
 .text.USBUART_DP_ISR
                0x00001e10        0xc .\ARM_GCC_541\Debug\RPS_PSOC5_01.a(USBUART_pm.o)
                0x00001e10                USBUART_DP_ISR
 .text.USBUART_HandleStandardRqst
                0x00001e1c      0x4a4 .\ARM_GCC_541\Debug\RPS_PSOC5_01.a(USBUART_std.o)
                0x00001e1c                USBUART_HandleStandardRqst
 .text.USBUART_ReadDieID
                0x000022c0       0xd8 .\ARM_GCC_541\Debug\RPS_PSOC5_01.a(USBUART_std.o)
                0x000022c0                USBUART_ReadDieID
 .text.USBUART_ConfigReg
                0x00002398      0x138 .\ARM_GCC_541\Debug\RPS_PSOC5_01.a(USBUART_std.o)
                0x00002398                USBUART_ConfigReg
 .text.USBUART_Config
                0x000024d0      0x3a4 .\ARM_GCC_541\Debug\RPS_PSOC5_01.a(USBUART_std.o)
                0x000024d0                USBUART_Config
 .text.USBUART_ConfigAltChanged
                0x00002874      0x25c .\ARM_GCC_541\Debug\RPS_PSOC5_01.a(USBUART_std.o)
                0x00002874                USBUART_ConfigAltChanged
 .text.USBUART_GetConfigTablePtr
                0x00002ad0       0x50 .\ARM_GCC_541\Debug\RPS_PSOC5_01.a(USBUART_std.o)
                0x00002ad0                USBUART_GetConfigTablePtr
 .text.USBUART_GetDeviceTablePtr
                0x00002b20       0x24 .\ARM_GCC_541\Debug\RPS_PSOC5_01.a(USBUART_std.o)
                0x00002b20                USBUART_GetDeviceTablePtr
 .text.USBUART_GetInterfaceClassTablePtr
                0x00002b44       0x4c .\ARM_GCC_541\Debug\RPS_PSOC5_01.a(USBUART_std.o)
                0x00002b44                USBUART_GetInterfaceClassTablePtr
 .text.USBUART_SetEndpointHalt
                0x00002b90       0xe8 .\ARM_GCC_541\Debug\RPS_PSOC5_01.a(USBUART_std.o)
                0x00002b90                USBUART_SetEndpointHalt
 .text.USBUART_ClearEndpointHalt
                0x00002c78      0x148 .\ARM_GCC_541\Debug\RPS_PSOC5_01.a(USBUART_std.o)
                0x00002c78                USBUART_ClearEndpointHalt
 .text.USBUART_ValidateAlternateSetting
                0x00002dc0       0x70 .\ARM_GCC_541\Debug\RPS_PSOC5_01.a(USBUART_std.o)
                0x00002dc0                USBUART_ValidateAlternateSetting
 .text.USBUART_HandleVendorRqst
                0x00002e30       0x54 .\ARM_GCC_541\Debug\RPS_PSOC5_01.a(USBUART_vnd.o)
                0x00002e30                USBUART_HandleVendorRqst
 .text.USBUART_Dp_ClearInterrupt
                0x00002e84       0x20 .\ARM_GCC_541\Debug\RPS_PSOC5_01.a(USBUART_Dp.o)
                0x00002e84                USBUART_Dp_ClearInterrupt
 .text.CyHalt   0x00002ea4       0x18 .\ARM_GCC_541\Debug\RPS_PSOC5_01.a(CyLib.o)
                0x00002ea4                CyHalt
 .text.CyDelayUs
                0x00002ebc       0x28 .\ARM_GCC_541\Debug\RPS_PSOC5_01.a(CyLib.o)
                0x00002ebc                CyDelayUs
 .text.CyIntSetVector
                0x00002ee4       0x50 .\ARM_GCC_541\Debug\RPS_PSOC5_01.a(CyLib.o)
                0x00002ee4                CyIntSetVector
 .text.CyIntSetPriority
                0x00002f34       0x48 .\ARM_GCC_541\Debug\RPS_PSOC5_01.a(CyLib.o)
                0x00002f34                CyIntSetPriority
 .text.CyGetUniqueId
                0x00002f7c       0xc4 .\ARM_GCC_541\Debug\RPS_PSOC5_01.a(CyLib.o)
                0x00002f7c                CyGetUniqueId
 .text          0x00003040       0x54 .\ARM_GCC_541\Debug\RPS_PSOC5_01.a(CyBootAsmGnu.o)
                0x00003040                CyDelayCycles
                0x0000307e                CyEnterCriticalSection
                0x00003086                CyExitCriticalSection
 .text.USBUART_DispatchClassRqst
                0x00003094       0x88 .\ARM_GCC_541\Debug\RPS_PSOC5_01.a(USBUART_cls.o)
                0x00003094                USBUART_DispatchClassRqst
 .text.__errno  0x0000311c        0xc c:/program files (x86)/cypress/psoc creator/4.2/psoc creator/import/gnu/arm/5.4.1/bin/../lib/gcc/arm-none-eabi/5.4.1/../../../../arm-none-eabi/lib/armv7-m\libg_nano.a(lib_a-errno.o)
                0x0000311c                __errno
 .text.__libc_init_array
                0x00003128       0x4c c:/program files (x86)/cypress/psoc creator/4.2/psoc creator/import/gnu/arm/5.4.1/bin/../lib/gcc/arm-none-eabi/5.4.1/../../../../arm-none-eabi/lib/armv7-m\libg_nano.a(lib_a-init.o)
                0x00003128                __libc_init_array
 .text.memcpy   0x00003174       0x16 c:/program files (x86)/cypress/psoc creator/4.2/psoc creator/import/gnu/arm/5.4.1/bin/../lib/gcc/arm-none-eabi/5.4.1/../../../../arm-none-eabi/lib/armv7-m\libg_nano.a(lib_a-memcpy-stub.o)
                0x00003174                memcpy
 .text.memset   0x0000318a       0x10 c:/program files (x86)/cypress/psoc creator/4.2/psoc creator/import/gnu/arm/5.4.1/bin/../lib/gcc/arm-none-eabi/5.4.1/../../../../arm-none-eabi/lib/armv7-m\libg_nano.a(lib_a-memset.o)
                0x0000318a                memset
 .text.__cvt    0x0000319a       0xc0 c:/program files (x86)/cypress/psoc creator/4.2/psoc creator/import/gnu/arm/5.4.1/bin/../lib/gcc/arm-none-eabi/5.4.1/../../../../arm-none-eabi/lib/armv7-m\libg_nano.a(lib_a-nano-vfprintf_float.o)
                0x0000319a                __cvt
 .text.__exponent
                0x0000325a       0x62 c:/program files (x86)/cypress/psoc creator/4.2/psoc creator/import/gnu/arm/5.4.1/bin/../lib/gcc/arm-none-eabi/5.4.1/../../../../arm-none-eabi/lib/armv7-m\libg_nano.a(lib_a-nano-vfprintf_float.o)
                0x0000325a                __exponent
 .text._printf_float
                0x000032bc      0x488 c:/program files (x86)/cypress/psoc creator/4.2/psoc creator/import/gnu/arm/5.4.1/bin/../lib/gcc/arm-none-eabi/5.4.1/../../../../arm-none-eabi/lib/armv7-m\libg_nano.a(lib_a-nano-vfprintf_float.o)
                0x000032bc                _printf_float
 .text._printf_common
                0x00003744       0xec c:/program files (x86)/cypress/psoc creator/4.2/psoc creator/import/gnu/arm/5.4.1/bin/../lib/gcc/arm-none-eabi/5.4.1/../../../../arm-none-eabi/lib/armv7-m\libg_nano.a(lib_a-nano-vfprintf_i.o)
                0x00003744                _printf_common
 .text._printf_i
                0x00003830      0x24c c:/program files (x86)/cypress/psoc creator/4.2/psoc creator/import/gnu/arm/5.4.1/bin/../lib/gcc/arm-none-eabi/5.4.1/../../../../arm-none-eabi/lib/armv7-m\libg_nano.a(lib_a-nano-vfprintf_i.o)
                0x00003830                _printf_i
 .text.sprintf  0x00003a7c       0x48 c:/program files (x86)/cypress/psoc creator/4.2/psoc creator/import/gnu/arm/5.4.1/bin/../lib/gcc/arm-none-eabi/5.4.1/../../../../arm-none-eabi/lib/armv7-m\libg_nano.a(lib_a-sprintf.o)
                0x00003a7c                siprintf
                0x00003a7c                sprintf
 .text          0x00003ac4       0x10 c:/program files (x86)/cypress/psoc creator/4.2/psoc creator/import/gnu/arm/5.4.1/bin/../lib/gcc/arm-none-eabi/5.4.1/../../../../arm-none-eabi/lib/armv7-m\libg_nano.a(lib_a-strlen.o)
                0x00003ac4                strlen
 .text.quorem   0x00003ad4      0x116 c:/program files (x86)/cypress/psoc creator/4.2/psoc creator/import/gnu/arm/5.4.1/bin/../lib/gcc/arm-none-eabi/5.4.1/../../../../arm-none-eabi/lib/armv7-m\libg_nano.a(lib_a-dtoa.o)
 *fill*         0x00003bea        0x6 
 .text._dtoa_r  0x00003bf0      0xb30 c:/program files (x86)/cypress/psoc creator/4.2/psoc creator/import/gnu/arm/5.4.1/bin/../lib/gcc/arm-none-eabi/5.4.1/../../../../arm-none-eabi/lib/armv7-m\libg_nano.a(lib_a-dtoa.o)
                0x00003bf0                _dtoa_r
 .text._localeconv_r
                0x00004720        0x8 c:/program files (x86)/cypress/psoc creator/4.2/psoc creator/import/gnu/arm/5.4.1/bin/../lib/gcc/arm-none-eabi/5.4.1/../../../../arm-none-eabi/lib/armv7-m\libg_nano.a(lib_a-locale.o)
                0x00004720                _localeconv_r
 .text.malloc   0x00004728       0x10 c:/program files (x86)/cypress/psoc creator/4.2/psoc creator/import/gnu/arm/5.4.1/bin/../lib/gcc/arm-none-eabi/5.4.1/../../../../arm-none-eabi/lib/armv7-m\libg_nano.a(lib_a-malloc.o)
                0x00004728                malloc
 .text.memchr   0x00004738       0x1c c:/program files (x86)/cypress/psoc creator/4.2/psoc creator/import/gnu/arm/5.4.1/bin/../lib/gcc/arm-none-eabi/5.4.1/../../../../arm-none-eabi/lib/armv7-m\libg_nano.a(lib_a-memchr-stub.o)
                0x00004738                memchr
 .text._Balloc  0x00004754       0x6a c:/program files (x86)/cypress/psoc creator/4.2/psoc creator/import/gnu/arm/5.4.1/bin/../lib/gcc/arm-none-eabi/5.4.1/../../../../arm-none-eabi/lib/armv7-m\libg_nano.a(lib_a-mprec.o)
                0x00004754                _Balloc
 .text._Bfree   0x000047be       0x2e c:/program files (x86)/cypress/psoc creator/4.2/psoc creator/import/gnu/arm/5.4.1/bin/../lib/gcc/arm-none-eabi/5.4.1/../../../../arm-none-eabi/lib/armv7-m\libg_nano.a(lib_a-mprec.o)
                0x000047be                _Bfree
 .text.__multadd
                0x000047ec       0x76 c:/program files (x86)/cypress/psoc creator/4.2/psoc creator/import/gnu/arm/5.4.1/bin/../lib/gcc/arm-none-eabi/5.4.1/../../../../arm-none-eabi/lib/armv7-m\libg_nano.a(lib_a-mprec.o)
                0x000047ec                __multadd
 .text.__hi0bits
                0x00004862       0x40 c:/program files (x86)/cypress/psoc creator/4.2/psoc creator/import/gnu/arm/5.4.1/bin/../lib/gcc/arm-none-eabi/5.4.1/../../../../arm-none-eabi/lib/armv7-m\libg_nano.a(lib_a-mprec.o)
                0x00004862                __hi0bits
 .text.__lo0bits
                0x000048a2       0x5a c:/program files (x86)/cypress/psoc creator/4.2/psoc creator/import/gnu/arm/5.4.1/bin/../lib/gcc/arm-none-eabi/5.4.1/../../../../arm-none-eabi/lib/armv7-m\libg_nano.a(lib_a-mprec.o)
                0x000048a2                __lo0bits
 .text.__i2b    0x000048fc       0x12 c:/program files (x86)/cypress/psoc creator/4.2/psoc creator/import/gnu/arm/5.4.1/bin/../lib/gcc/arm-none-eabi/5.4.1/../../../../arm-none-eabi/lib/armv7-m\libg_nano.a(lib_a-mprec.o)
                0x000048fc                __i2b
 .text.__multiply
                0x0000490e      0x120 c:/program files (x86)/cypress/psoc creator/4.2/psoc creator/import/gnu/arm/5.4.1/bin/../lib/gcc/arm-none-eabi/5.4.1/../../../../arm-none-eabi/lib/armv7-m\libg_nano.a(lib_a-mprec.o)
                0x0000490e                __multiply
 *fill*         0x00004a2e        0x2 
 .text.__pow5mult
                0x00004a30       0x9c c:/program files (x86)/cypress/psoc creator/4.2/psoc creator/import/gnu/arm/5.4.1/bin/../lib/gcc/arm-none-eabi/5.4.1/../../../../arm-none-eabi/lib/armv7-m\libg_nano.a(lib_a-mprec.o)
                0x00004a30                __pow5mult
 .text.__lshift
                0x00004acc       0xa2 c:/program files (x86)/cypress/psoc creator/4.2/psoc creator/import/gnu/arm/5.4.1/bin/../lib/gcc/arm-none-eabi/5.4.1/../../../../arm-none-eabi/lib/armv7-m\libg_nano.a(lib_a-mprec.o)
                0x00004acc                __lshift
 .text.__mcmp   0x00004b6e       0x38 c:/program files (x86)/cypress/psoc creator/4.2/psoc creator/import/gnu/arm/5.4.1/bin/../lib/gcc/arm-none-eabi/5.4.1/../../../../arm-none-eabi/lib/armv7-m\libg_nano.a(lib_a-mprec.o)
                0x00004b6e                __mcmp
 .text.__mdiff  0x00004ba6       0xbe c:/program files (x86)/cypress/psoc creator/4.2/psoc creator/import/gnu/arm/5.4.1/bin/../lib/gcc/arm-none-eabi/5.4.1/../../../../arm-none-eabi/lib/armv7-m\libg_nano.a(lib_a-mprec.o)
                0x00004ba6                __mdiff
 .text.__d2b    0x00004c64       0x9c c:/program files (x86)/cypress/psoc creator/4.2/psoc creator/import/gnu/arm/5.4.1/bin/../lib/gcc/arm-none-eabi/5.4.1/../../../../arm-none-eabi/lib/armv7-m\libg_nano.a(lib_a-mprec.o)
                0x00004c64                __d2b
 .text._calloc_r
                0x00004d00       0x1c c:/program files (x86)/cypress/psoc creator/4.2/psoc creator/import/gnu/arm/5.4.1/bin/../lib/gcc/arm-none-eabi/5.4.1/../../../../arm-none-eabi/lib/armv7-m\libg_nano.a(lib_a-nano-callocr.o)
                0x00004d00                _calloc_r
 .text._free_r  0x00004d1c       0x98 c:/program files (x86)/cypress/psoc creator/4.2/psoc creator/import/gnu/arm/5.4.1/bin/../lib/gcc/arm-none-eabi/5.4.1/../../../../arm-none-eabi/lib/armv7-m\libg_nano.a(lib_a-nano-freer.o)
                0x00004d1c                _free_r
 .text._malloc_r
                0x00004db4       0xbc c:/program files (x86)/cypress/psoc creator/4.2/psoc creator/import/gnu/arm/5.4.1/bin/../lib/gcc/arm-none-eabi/5.4.1/../../../../arm-none-eabi/lib/armv7-m\libg_nano.a(lib_a-nano-mallocr.o)
                0x00004db4                _malloc_r
 .text.__ssputs_r
                0x00004e70       0xb2 c:/program files (x86)/cypress/psoc creator/4.2/psoc creator/import/gnu/arm/5.4.1/bin/../lib/gcc/arm-none-eabi/5.4.1/../../../../arm-none-eabi/lib/armv7-m\libg_nano.a(lib_a-nano-svfprintf.o)
                0x00004e70                __ssputs_r
 *fill*         0x00004f22        0x2 
 .text._svfprintf_r
                0x00004f24      0x1e8 c:/program files (x86)/cypress/psoc creator/4.2/psoc creator/import/gnu/arm/5.4.1/bin/../lib/gcc/arm-none-eabi/5.4.1/../../../../arm-none-eabi/lib/armv7-m\libg_nano.a(lib_a-nano-svfprintf.o)
                0x00004f24                _svfiprintf_r
                0x00004f24                _svfprintf_r
 .text._sbrk_r  0x0000510c       0x20 c:/program files (x86)/cypress/psoc creator/4.2/psoc creator/import/gnu/arm/5.4.1/bin/../lib/gcc/arm-none-eabi/5.4.1/../../../../arm-none-eabi/lib/armv7-m\libg_nano.a(lib_a-sbrkr.o)
                0x0000510c                _sbrk_r
 .text.memmove  0x0000512c       0x36 c:/program files (x86)/cypress/psoc creator/4.2/psoc creator/import/gnu/arm/5.4.1/bin/../lib/gcc/arm-none-eabi/5.4.1/../../../../arm-none-eabi/lib/armv7-m\libg_nano.a(lib_a-memmove.o)
                0x0000512c                memmove
 .text.__malloc_lock
                0x00005162        0x2 c:/program files (x86)/cypress/psoc creator/4.2/psoc creator/import/gnu/arm/5.4.1/bin/../lib/gcc/arm-none-eabi/5.4.1/../../../../arm-none-eabi/lib/armv7-m\libg_nano.a(lib_a-mlock.o)
                0x00005162                __malloc_lock
 .text.__malloc_unlock
                0x00005164        0x2 c:/program files (x86)/cypress/psoc creator/4.2/psoc creator/import/gnu/arm/5.4.1/bin/../lib/gcc/arm-none-eabi/5.4.1/../../../../arm-none-eabi/lib/armv7-m\libg_nano.a(lib_a-mlock.o)
                0x00005164                __malloc_unlock
 .text._realloc_r
                0x00005166       0x4c c:/program files (x86)/cypress/psoc creator/4.2/psoc creator/import/gnu/arm/5.4.1/bin/../lib/gcc/arm-none-eabi/5.4.1/../../../../arm-none-eabi/lib/armv7-m\libg_nano.a(lib_a-nano-reallocr.o)
                0x00005166                _realloc_r
 .text._malloc_usable_size_r
                0x000051b2       0x14 c:/program files (x86)/cypress/psoc creator/4.2/psoc creator/import/gnu/arm/5.4.1/bin/../lib/gcc/arm-none-eabi/5.4.1/../../../../arm-none-eabi/lib/armv7-m\libg_nano.a(lib_a-nano-msizer.o)
                0x000051b2                _malloc_usable_size_r
 *fill*         0x000051c6        0x2 
 .text          0x000051c8      0x370 c:/program files (x86)/cypress/psoc creator/4.2/psoc creator/import/gnu/arm/5.4.1/bin/../lib/gcc/arm-none-eabi/5.4.1/armv7-m\libgcc.a(_arm_addsubdf3.o)
                0x000051c8                __aeabi_drsub
                0x000051d0                __aeabi_dsub
                0x000051d0                __subdf3
                0x000051d4                __aeabi_dadd
                0x000051d4                __adddf3
                0x0000544c                __floatunsidf
                0x0000544c                __aeabi_ui2d
                0x0000546c                __floatsidf
                0x0000546c                __aeabi_i2d
                0x00005490                __aeabi_f2d
                0x00005490                __extendsfdf2
                0x000054cc                __floatundidf
                0x000054cc                __aeabi_ul2d
                0x000054dc                __floatdidf
                0x000054dc                __aeabi_l2d
 .text          0x00005538      0x424 c:/program files (x86)/cypress/psoc creator/4.2/psoc creator/import/gnu/arm/5.4.1/bin/../lib/gcc/arm-none-eabi/5.4.1/armv7-m\libgcc.a(_arm_muldivdf3.o)
                0x00005538                __aeabi_dmul
                0x00005538                __muldf3
                0x0000578c                __divdf3
                0x0000578c                __aeabi_ddiv
 .text          0x0000595c      0x110 c:/program files (x86)/cypress/psoc creator/4.2/psoc creator/import/gnu/arm/5.4.1/bin/../lib/gcc/arm-none-eabi/5.4.1/armv7-m\libgcc.a(_arm_cmpdf2.o)
                0x0000595c                __gtdf2
                0x0000595c                __gedf2
                0x00005964                __ltdf2
                0x00005964                __ledf2
                0x0000596c                __nedf2
                0x0000596c                __eqdf2
                0x0000596c                __cmpdf2
                0x000059e8                __aeabi_cdrcmple
                0x000059f8                __aeabi_cdcmpeq
                0x000059f8                __aeabi_cdcmple
                0x00005a08                __aeabi_dcmpeq
                0x00005a1c                __aeabi_dcmplt
                0x00005a30                __aeabi_dcmple
                0x00005a44                __aeabi_dcmpge
                0x00005a58                __aeabi_dcmpgt
 .text          0x00005a6c       0x2c c:/program files (x86)/cypress/psoc creator/4.2/psoc creator/import/gnu/arm/5.4.1/bin/../lib/gcc/arm-none-eabi/5.4.1/armv7-m\libgcc.a(_arm_unorddf2.o)
                0x00005a6c                __unorddf2
                0x00005a6c                __aeabi_dcmpun
 .text          0x00005a98       0x50 c:/program files (x86)/cypress/psoc creator/4.2/psoc creator/import/gnu/arm/5.4.1/bin/../lib/gcc/arm-none-eabi/5.4.1/armv7-m\libgcc.a(_arm_fixdfsi.o)
                0x00005a98                __aeabi_d2iz
                0x00005a98                __fixdfsi
 *(.plt)
 *(.gnu.warning)
 *(.glue_7t)
 .glue_7t       0x00005ae8        0x0 linker stubs
 *(.glue_7)
 .glue_7        0x00005ae8        0x0 linker stubs
 *(.vfp11_veneer)
 .vfp11_veneer  0x00005ae8        0x0 linker stubs
 *(.bootloader)
 *(.ARM.extab* .gnu.linkonce.armextab.*)
 *(.gcc_except_table)

.v4_bx          0x00005ae8        0x0
 .v4_bx         0x00005ae8        0x0 linker stubs

.iplt           0x00005ae8        0x0
 .iplt          0x00005ae8        0x0 c:/program files (x86)/cypress/psoc creator/4.2/psoc creator/import/gnu/arm/5.4.1/bin/../lib/gcc/arm-none-eabi/5.4.1/armv7-m/crtbegin.o

.eh_frame_hdr
 *(.eh_frame_hdr)

.eh_frame       0x00005ae8        0x4
 *(.eh_frame)
 .eh_frame      0x00005ae8        0x0 c:/program files (x86)/cypress/psoc creator/4.2/psoc creator/import/gnu/arm/5.4.1/bin/../lib/gcc/arm-none-eabi/5.4.1/armv7-m/crtbegin.o
 .eh_frame      0x00005ae8        0x4 c:/program files (x86)/cypress/psoc creator/4.2/psoc creator/import/gnu/arm/5.4.1/bin/../lib/gcc/arm-none-eabi/5.4.1/armv7-m/crtend.o
                [!provide]                PROVIDE (__exidx_start, .)

.ARM.exidx
 *(.ARM.exidx* .gnu.linkonce.armexidx.*)
                0x00005aec                __exidx_end = .

.rodata         0x00005af0      0xa40
 *(.rodata .rodata.* .gnu.linkonce.r.*)
 .rodata        0x00005af0       0x56 .\ARM_GCC_541\Debug\main.o
 *fill*         0x00005b46        0x2 
 .rodata        0x00005b48      0x66b .\ARM_GCC_541\Debug\cyfitter_cfg.o
 *fill*         0x000061b3        0x1 
 .rodata        0x000061b4       0x11 .\ARM_GCC_541\Debug\RPS_PSOC5_01.a(USBUART_std.o)
 *fill*         0x000061c5        0x3 
 .rodata        0x000061c8      0x1d4 .\ARM_GCC_541\Debug\RPS_PSOC5_01.a(USBUART_descr.o)
                0x000061c8                USBUART_DEVICE0_DESCR
                0x000061dc                USBUART_DEVICE0_CONFIGURATION0_DESCR
                0x00006220                USBUART_STRING_DESCRIPTORS
                0x000062c0                USBUART_SN_STRING_DESCRIPTOR
                0x000062c4                USBUART_HIDREPORT_DESCRIPTOR1
                0x000062fc                USBUART_DEVICE0_CONFIGURATION0_EP_SETTINGS_TABLE
                0x00006314                USBUART_DEVICE0_CONFIGURATION0_INTERFACE_CLASS
                0x00006318                USBUART_DEVICE0_CONFIGURATION0_TABLE
                0x00006340                USBUART_DEVICE0_TABLE
                0x00006358                USBUART_TABLE
                0x00006360                USBUART_MSOS_DESCRIPTOR
                0x00006374                USBUART_MSOS_CONFIGURATION_DESCR
 .rodata.str1.1
                0x0000639c        0x2 c:/program files (x86)/cypress/psoc creator/4.2/psoc creator/import/gnu/arm/5.4.1/bin/../lib/gcc/arm-none-eabi/5.4.1/../../../../arm-none-eabi/lib/armv7-m\libg_nano.a(lib_a-impure.o)
 .rodata.str1.1
                0x0000639e       0x12 c:/program files (x86)/cypress/psoc creator/4.2/psoc creator/import/gnu/arm/5.4.1/bin/../lib/gcc/arm-none-eabi/5.4.1/../../../../arm-none-eabi/lib/armv7-m\libg_nano.a(lib_a-nano-vfprintf_float.o)
 .rodata.str1.1
                0x000063b0       0x22 c:/program files (x86)/cypress/psoc creator/4.2/psoc creator/import/gnu/arm/5.4.1/bin/../lib/gcc/arm-none-eabi/5.4.1/../../../../arm-none-eabi/lib/armv7-m\libg_nano.a(lib_a-nano-vfprintf_i.o)
 .rodata.str1.1
                0x000063d2        0xd c:/program files (x86)/cypress/psoc creator/4.2/psoc creator/import/gnu/arm/5.4.1/bin/../lib/gcc/arm-none-eabi/5.4.1/../../../../arm-none-eabi/lib/armv7-m\libg_nano.a(lib_a-dtoa.o)
                                  0xf (size before relaxing)
 .rodata.str1.1
                0x000063df        0x8 c:/program files (x86)/cypress/psoc creator/4.2/psoc creator/import/gnu/arm/5.4.1/bin/../lib/gcc/arm-none-eabi/5.4.1/../../../../arm-none-eabi/lib/armv7-m\libg_nano.a(lib_a-locale.o)
                                  0xb (size before relaxing)
 *fill*         0x000063e7        0x1 
 .rodata.__mprec_tens
                0x000063e8       0xc8 c:/program files (x86)/cypress/psoc creator/4.2/psoc creator/import/gnu/arm/5.4.1/bin/../lib/gcc/arm-none-eabi/5.4.1/../../../../arm-none-eabi/lib/armv7-m\libg_nano.a(lib_a-mprec.o)
                0x000063e8                __mprec_tens
 .rodata.p05.5408
                0x000064b0        0xc c:/program files (x86)/cypress/psoc creator/4.2/psoc creator/import/gnu/arm/5.4.1/bin/../lib/gcc/arm-none-eabi/5.4.1/../../../../arm-none-eabi/lib/armv7-m\libg_nano.a(lib_a-mprec.o)
 *fill*         0x000064bc        0x4 
 .rodata.__mprec_bigtens
                0x000064c0       0x28 c:/program files (x86)/cypress/psoc creator/4.2/psoc creator/import/gnu/arm/5.4.1/bin/../lib/gcc/arm-none-eabi/5.4.1/../../../../arm-none-eabi/lib/armv7-m\libg_nano.a(lib_a-mprec.o)
                0x000064c0                __mprec_bigtens
 .rodata.str1.1
                0x000064e8       0x11 c:/program files (x86)/cypress/psoc creator/4.2/psoc creator/import/gnu/arm/5.4.1/bin/../lib/gcc/arm-none-eabi/5.4.1/../../../../arm-none-eabi/lib/armv7-m\libg_nano.a(lib_a-nano-svfprintf.o)
                0x000064fc                . = ALIGN (0x4)
 *fill*         0x000064f9        0x3 
 *(.init)
 .init          0x000064fc        0x4 c:/program files (x86)/cypress/psoc creator/4.2/psoc creator/import/gnu/arm/5.4.1/bin/../lib/gcc/arm-none-eabi/5.4.1/armv7-m/crti.o
                0x000064fc                _init
 .init          0x00006500        0x8 c:/program files (x86)/cypress/psoc creator/4.2/psoc creator/import/gnu/arm/5.4.1/bin/../lib/gcc/arm-none-eabi/5.4.1/armv7-m/crtn.o
                0x00006508                . = ALIGN (0x4)
                0x00006508                __preinit_array_start = .
 *(.preinit_array)
                0x00006508                __preinit_array_end = .
                0x00006508                . = ALIGN (0x4)
                0x00006508                __init_array_start = .
 *(SORT(.init_array.*))
 *(.init_array)
 .init_array    0x00006508        0x4 c:/program files (x86)/cypress/psoc creator/4.2/psoc creator/import/gnu/arm/5.4.1/bin/../lib/gcc/arm-none-eabi/5.4.1/armv7-m/crtbegin.o
 .init_array    0x0000650c        0x4 .\ARM_GCC_541\Debug\Cm3Start.o
                0x00006510                __init_array_end = .
                0x00006510                . = ALIGN (0x4)
 *(.fini)
 .fini          0x00006510        0x4 c:/program files (x86)/cypress/psoc creator/4.2/psoc creator/import/gnu/arm/5.4.1/bin/../lib/gcc/arm-none-eabi/5.4.1/armv7-m/crti.o
                0x00006510                _fini
 .fini          0x00006514        0x8 c:/program files (x86)/cypress/psoc creator/4.2/psoc creator/import/gnu/arm/5.4.1/bin/../lib/gcc/arm-none-eabi/5.4.1/armv7-m/crtn.o
                0x0000651c                . = ALIGN (0x4)
                0x0000651c                __fini_array_start = .
 *(.fini_array)
 .fini_array    0x0000651c        0x4 c:/program files (x86)/cypress/psoc creator/4.2/psoc creator/import/gnu/arm/5.4.1/bin/../lib/gcc/arm-none-eabi/5.4.1/armv7-m/crtbegin.o
 *(SORT(.fini_array.*))
                0x00006520                __fini_array_end = .
                0x00006520                . = ALIGN (0x4)
 *crtbegin.o(.ctors)
 *(EXCLUDE_FILE(*crtend.o) .ctors)
 *(SORT(.ctors.*))
 *crtend.o(.ctors)
                0x00006520                . = ALIGN (0x4)
 *crtbegin.o(.dtors)
 *(EXCLUDE_FILE(*crtend.o) .dtors)
 *(SORT(.dtors.*))
 *crtend.o(.dtors)
                0x00006520                . = ALIGN (0x4)
                0x00006520                __cy_regions = .
                0x00006520        0x4 LONG 0x6530 __cy_region_init_ram
                0x00006524        0x4 LONG 0x1fffc0c8 __cy_region_start_data
                0x00006528        0x4 LONG 0xf0 __cy_region_init_size_ram
                0x0000652c        0x4 LONG 0x118 __cy_region_zero_size_ram
                0x00006530                __cy_regions_end = .
                0x00006530                . = ALIGN (0x8)
                0x00006530                _etext = .

.cy_checksum_exclude
                0x00006530        0x0
 *(.cy_checksum_exclude)

.ramvectors     0x1fffc000       0xc0
                0x1fffc000                __cy_region_start_ram = .
 *(.ramvectors)
 .ramvectors    0x1fffc000       0xc0 .\ARM_GCC_541\Debug\Cm3Start.o
                0x1fffc000                CyRamVectors

.noinit         0x1fffc0c0        0x5
 *(.noinit)
 .noinit        0x1fffc0c0        0x4 .\ARM_GCC_541\Debug\Cm3Start.o
 .noinit        0x1fffc0c4        0x1 .\ARM_GCC_541\Debug\RPS_PSOC5_01.a(CyLib.o)
                0x1fffc0c4                CyResetStatus

.data           0x1fffc0c8       0xf0 load address 0x00006530
                0x1fffc0c8                __cy_region_start_data = .
 *(.jcr)
 .jcr           0x1fffc0c8        0x0 c:/program files (x86)/cypress/psoc creator/4.2/psoc creator/import/gnu/arm/5.4.1/bin/../lib/gcc/arm-none-eabi/5.4.1/armv7-m/crtbegin.o
 .jcr           0x1fffc0c8        0x4 c:/program files (x86)/cypress/psoc creator/4.2/psoc creator/import/gnu/arm/5.4.1/bin/../lib/gcc/arm-none-eabi/5.4.1/armv7-m/crtend.o
 *(.got.plt)
 *(.got)
 *(.shdata)
 *(.data .data.* .gnu.linkonce.d.*)
 .data          0x1fffc0cc       0x20 .\ARM_GCC_541\Debug\main.o
                0x1fffc0cc                parity
                0x1fffc0e0                stop
 .data          0x1fffc0ec        0x4 .\ARM_GCC_541\Debug\Cm3Start.o
 .data          0x1fffc0f0       0x1a .\ARM_GCC_541\Debug\RPS_PSOC5_01.a(USBUART_cdc.o)
                0x1fffc0f0                USBUART_linesCoding
 *fill*         0x1fffc10a        0x2 
 .data          0x1fffc10c       0x10 .\ARM_GCC_541\Debug\RPS_PSOC5_01.a(CyLib.o)
                0x1fffc10c                cydelay_freq_hz
                0x1fffc110                cydelay_freq_khz
                0x1fffc114                cydelay_freq_mhz
                0x1fffc118                cydelay_32k_ms
 .data.impure_data
                0x1fffc11c       0x60 c:/program files (x86)/cypress/psoc creator/4.2/psoc creator/import/gnu/arm/5.4.1/bin/../lib/gcc/arm-none-eabi/5.4.1/../../../../arm-none-eabi/lib/armv7-m\libg_nano.a(lib_a-impure.o)
 .data._impure_ptr
                0x1fffc17c        0x4 c:/program files (x86)/cypress/psoc creator/4.2/psoc creator/import/gnu/arm/5.4.1/bin/../lib/gcc/arm-none-eabi/5.4.1/../../../../arm-none-eabi/lib/armv7-m\libg_nano.a(lib_a-impure.o)
                0x1fffc17c                _impure_ptr
 .data.lconv    0x1fffc180       0x38 c:/program files (x86)/cypress/psoc creator/4.2/psoc creator/import/gnu/arm/5.4.1/bin/../lib/gcc/arm-none-eabi/5.4.1/../../../../arm-none-eabi/lib/armv7-m\libg_nano.a(lib_a-locale.o)
                0x1fffc1b8                . = ALIGN (0x8)
 *(.ram)
                0x1fffc1b8                _edata = .

.igot.plt       0x1fffc1b8        0x0 load address 0x00006620
 .igot.plt      0x1fffc1b8        0x0 c:/program files (x86)/cypress/psoc creator/4.2/psoc creator/import/gnu/arm/5.4.1/bin/../lib/gcc/arm-none-eabi/5.4.1/armv7-m/crtbegin.o

.bss            0x1fffc1b8      0x118 load address 0x00006620
                0x1fffc1b8                PROVIDE (__bss_start__, .)
 *(.shbss)
 *(.bss .bss.* .gnu.linkonce.b.*)
 .bss           0x1fffc1b8       0x1c c:/program files (x86)/cypress/psoc creator/4.2/psoc creator/import/gnu/arm/5.4.1/bin/../lib/gcc/arm-none-eabi/5.4.1/armv7-m/crtbegin.o
 .bss           0x1fffc1d4        0x1 .\ARM_GCC_541\Debug\RPS_PSOC5_01.a(USBUART.o)
                0x1fffc1d4                USBUART_initVar
 .bss           0x1fffc1d5        0x1 .\ARM_GCC_541\Debug\RPS_PSOC5_01.a(USBUART_cdc.o)
 *fill*         0x1fffc1d6        0x2 
 .bss           0x1fffc1d8        0x2 .\ARM_GCC_541\Debug\RPS_PSOC5_01.a(USBUART_std.o)
 *fill*         0x1fffc1da        0x2 
 .bss.__malloc_sbrk_start
                0x1fffc1dc        0x4 c:/program files (x86)/cypress/psoc creator/4.2/psoc creator/import/gnu/arm/5.4.1/bin/../lib/gcc/arm-none-eabi/5.4.1/../../../../arm-none-eabi/lib/armv7-m\libg_nano.a(lib_a-nano-mallocr.o)
                0x1fffc1dc                __malloc_sbrk_start
 .bss.__malloc_free_list
                0x1fffc1e0        0x4 c:/program files (x86)/cypress/psoc creator/4.2/psoc creator/import/gnu/arm/5.4.1/bin/../lib/gcc/arm-none-eabi/5.4.1/../../../../arm-none-eabi/lib/armv7-m\libg_nano.a(lib_a-nano-mallocr.o)
                0x1fffc1e0                __malloc_free_list
 *(COMMON)
 COMMON         0x1fffc1e4       0x18 .\ARM_GCC_541\Debug\RPS_PSOC5_01.a(USBUART_cdc.o)
                0x1fffc1e4                USBUART_linesChanged
                0x1fffc1e8                USBUART_cdcDataInEp
                0x1fffc1ec                USBUART_cdcCommInInterruptEp
                0x1fffc1f0                USBUART_cdcDataOutEp
                0x1fffc1f4                USBUART_serialStateBitmap
                0x1fffc1f8                USBUART_linesControlBitmap
 COMMON         0x1fffc1fc       0x9a .\ARM_GCC_541\Debug\RPS_PSOC5_01.a(USBUART_drv.o)
                0x1fffc1fc                USBUART_lastPacketSize
                0x1fffc1fd                USBUART_device
                0x1fffc1fe                USBUART_transferByteCount
                0x1fffc200                USBUART_transferState
                0x1fffc204                USBUART_interfaceSettingLast
                0x1fffc208                USBUART_currentTD
                0x1fffc214                USBUART_interfaceNumber
                0x1fffc218                USBUART_interfaceClass
                0x1fffc21c                USBUART_configurationChanged
                0x1fffc21d                USBUART_ep0Mode
                0x1fffc21e                USBUART_deviceAddress
                0x1fffc21f                USBUART_configuration
                0x1fffc220                USBUART_ep0Count
                0x1fffc221                USBUART_deviceStatus
                0x1fffc224                USBUART_EP
                0x1fffc290                USBUART_interfaceSetting
                0x1fffc292                USBUART_ep0Toggle
                0x1fffc294                USBUART_interfaceStatus
 *fill*         0x1fffc296        0x2 
 COMMON         0x1fffc298        0xa .\ARM_GCC_541\Debug\RPS_PSOC5_01.a(USBUART_hid.o)
                0x1fffc298                USBUART_hidProtocol
                0x1fffc29c                USBUART_hidIdleTimer
                0x1fffc2a0                USBUART_hidIdleRate
 *fill*         0x1fffc2a2        0x2 
 COMMON         0x1fffc2a4       0x22 .\ARM_GCC_541\Debug\RPS_PSOC5_01.a(USBUART_descr.o)
                0x1fffc2a4                USBUART_idSerialNumberStringDescriptor
 *fill*         0x1fffc2c6        0x2 
 COMMON         0x1fffc2c8        0x4 c:/program files (x86)/cypress/psoc creator/4.2/psoc creator/import/gnu/arm/5.4.1/bin/../lib/gcc/arm-none-eabi/5.4.1/../../../../arm-none-eabi/lib/armv7-m\libg_nano.a(lib_a-reent.o)
                0x1fffc2c8                errno
                0x1fffc2d0                . = ALIGN (0x8)
 *fill*         0x1fffc2cc        0x4 
 *(.ram.b)
                0x1fffc2d0                _end = .
                0x1fffc2d0                __end = .
                0x1fffc2d0                PROVIDE (end, .)
                0x1fffc2d0                PROVIDE (__bss_end__, .)
                0x00006530                __cy_region_init_ram = LOADADDR (.data)
                0x000000f0                __cy_region_init_size_ram = (_edata - ADDR (.data))
                0x00000118                __cy_region_zero_size_ram = (_end - _edata)

.heap           0x1fffc2d0       0x80 load address 0x00006620
                0x1fffc2d0                . = _end
                0x1fffc350                . = (. + 0x80)
 *fill*         0x1fffc2d0       0x80 
                0x1fffc350                __cy_heap_limit = .

.stack          0x20003800      0x800
                0x20003800                __cy_stack_limit = .
                0x20004000                . = (. + 0x800)
 *fill*         0x20003800      0x800 
                0x00000001                ASSERT ((__cy_stack_limit >= __cy_heap_limit), region RAM overflowed with stack)
                0x00000000                cy_checksum_exclude_size = (CY_APPL_LOADABLE == 0x1)?SIZEOF (.cy_checksum_exclude):0x0
                0x00000001                ASSERT ((cy_checksum_exclude_size <= CY_CHECKSUM_EXCLUDE_SIZE), CY_BOOT: Section .cy_checksum_exclude size exceedes specified limit.)

.cyloadermeta
 *(.cyloadermeta)

.cyloadablemeta
 *(.cyloadablemeta)

.cyconfigecc    0x80000000        0x1
 *(.cyconfigecc)
 .cyconfigecc   0x80000000        0x1 .\ARM_GCC_541\Debug\cymetadata.o
                0x80000000                cy_meta_configecc

.cycustnvl      0x90000000        0x4
 *(.cycustnvl)
 .cycustnvl     0x90000000        0x4 .\ARM_GCC_541\Debug\cymetadata.o
                0x90000000                cy_meta_custnvl

.cywolatch      0x90100000        0x4
 *(.cywolatch)
 .cywolatch     0x90100000        0x4 .\ARM_GCC_541\Debug\cymetadata.o
                0x90100000                cy_meta_wonvl

.cyeeprom       0x90200000        0x0
 *(.cyeeprom)
                0x00000001                ASSERT ((. <= ((0x90200000 + ee_offset) + ee_size)), .cyeeprom data will not fit in EEPROM)

.cyflashprotect
                0x90400000       0x80
 *(.cyflashprotect)
 .cyflashprotect
                0x90400000       0x80 .\ARM_GCC_541\Debug\cymetadata.o
                0x90400000                cy_meta_flashprotect

.cymeta         0x90500000        0xc
 *(.cymeta)
 .cymeta        0x90500000        0xc .\ARM_GCC_541\Debug\cymetadata.o
                0x90500000                cy_metadata

.rel.dyn        0x00006620        0x0 load address 0x9050000c
 .rel.iplt      0x00006620        0x0 c:/program files (x86)/cypress/psoc creator/4.2/psoc creator/import/gnu/arm/5.4.1/bin/../lib/gcc/arm-none-eabi/5.4.1/armv7-m/crtbegin.o

.stab
 *(.stab)

.stabstr
 *(.stabstr)

.debug
 *(.debug)

.line
 *(.line)

.debug_srcinfo
 *(.debug_srcinfo)

.debug_sfnames
 *(.debug_sfnames)

.debug_aranges  0x00000000      0x9f0
 *(.debug_aranges)
 .debug_aranges
                0x00000000       0x20 .\ARM_GCC_541\Debug\main.o
 .debug_aranges
                0x00000020       0x60 .\ARM_GCC_541\Debug\cyfitter_cfg.o
 .debug_aranges
                0x00000080       0x18 .\ARM_GCC_541\Debug\cymetadata.o
 .debug_aranges
                0x00000098       0x48 .\ARM_GCC_541\Debug\Cm3Start.o
 .debug_aranges
                0x000000e0       0xc8 .\ARM_GCC_541\Debug\RPS_PSOC5_01.a(USBUART.o)
 .debug_aranges
                0x000001a8       0xe8 .\ARM_GCC_541\Debug\RPS_PSOC5_01.a(USBUART_cdc.o)
 .debug_aranges
                0x00000290       0x98 .\ARM_GCC_541\Debug\RPS_PSOC5_01.a(USBUART_drv.o)
 .debug_aranges
                0x00000328       0x40 .\ARM_GCC_541\Debug\RPS_PSOC5_01.a(USBUART_episr.o)
 .debug_aranges
                0x00000368       0x48 .\ARM_GCC_541\Debug\RPS_PSOC5_01.a(USBUART_hid.o)
 .debug_aranges
                0x000003b0       0x40 .\ARM_GCC_541\Debug\RPS_PSOC5_01.a(USBUART_pm.o)
 .debug_aranges
                0x000003f0       0x80 .\ARM_GCC_541\Debug\RPS_PSOC5_01.a(USBUART_std.o)
 .debug_aranges
                0x00000470       0x20 .\ARM_GCC_541\Debug\RPS_PSOC5_01.a(USBUART_vnd.o)
 .debug_aranges
                0x00000490       0x48 .\ARM_GCC_541\Debug\RPS_PSOC5_01.a(USBUART_Dp.o)
 .debug_aranges
                0x000004d8      0x2a8 .\ARM_GCC_541\Debug\RPS_PSOC5_01.a(CyLib.o)
 .debug_aranges
                0x00000780       0x98 .\ARM_GCC_541\Debug\RPS_PSOC5_01.a(cyPm.o)
 .debug_aranges
                0x00000818       0x20 .\ARM_GCC_541\Debug\RPS_PSOC5_01.a(CyBootAsmGnu.o)
 .debug_aranges
                0x00000838       0x80 .\ARM_GCC_541\Debug\RPS_PSOC5_01.a(CyScBoostClk.o)
 .debug_aranges
                0x000008b8       0x20 .\ARM_GCC_541\Debug\RPS_PSOC5_01.a(USBUART_cls.o)
 .debug_aranges
                0x000008d8       0x18 .\ARM_GCC_541\Debug\RPS_PSOC5_01.a(USBUART_descr.o)
 .debug_aranges
                0x000008f0       0x88 .\ARM_GCC_541\Debug\RPS_PSOC5_01.a(CyFlash.o)
 .debug_aranges
                0x00000978       0x78 .\ARM_GCC_541\Debug\RPS_PSOC5_01.a(CySpc.o)

.debug_pubnames
 *(.debug_pubnames)

.debug_info     0x00000000     0x59a3
 *(.debug_info .gnu.linkonce.wi.*)
 .debug_info    0x00000000      0x196 .\ARM_GCC_541\Debug\main.o
 .debug_info    0x00000196      0x62b .\ARM_GCC_541\Debug\cyfitter_cfg.o
 .debug_info    0x000007c1      0x134 .\ARM_GCC_541\Debug\cymetadata.o
 .debug_info    0x000008f5      0x32b .\ARM_GCC_541\Debug\Cm3Start.o
 .debug_info    0x00000c20      0x747 .\ARM_GCC_541\Debug\RPS_PSOC5_01.a(USBUART.o)
 .debug_info    0x00001367      0x924 .\ARM_GCC_541\Debug\RPS_PSOC5_01.a(USBUART_cdc.o)
 .debug_info    0x00001c8b      0x52d .\ARM_GCC_541\Debug\RPS_PSOC5_01.a(USBUART_drv.o)
 .debug_info    0x000021b8      0x23b .\ARM_GCC_541\Debug\RPS_PSOC5_01.a(USBUART_episr.o)
 .debug_info    0x000023f3      0x37b .\ARM_GCC_541\Debug\RPS_PSOC5_01.a(USBUART_hid.o)
 .debug_info    0x0000276e      0x18d .\ARM_GCC_541\Debug\RPS_PSOC5_01.a(USBUART_pm.o)
 .debug_info    0x000028fb      0x961 .\ARM_GCC_541\Debug\RPS_PSOC5_01.a(USBUART_std.o)
 .debug_info    0x0000325c      0x1a9 .\ARM_GCC_541\Debug\RPS_PSOC5_01.a(USBUART_vnd.o)
 .debug_info    0x00003405      0x171 .\ARM_GCC_541\Debug\RPS_PSOC5_01.a(USBUART_Dp.o)
 .debug_info    0x00003576      0xe88 .\ARM_GCC_541\Debug\RPS_PSOC5_01.a(CyLib.o)
 .debug_info    0x000043fe      0x57a .\ARM_GCC_541\Debug\RPS_PSOC5_01.a(cyPm.o)
 .debug_info    0x00004978       0x9d .\ARM_GCC_541\Debug\RPS_PSOC5_01.a(CyBootAsmGnu.o)
 .debug_info    0x00004a15      0x299 .\ARM_GCC_541\Debug\RPS_PSOC5_01.a(CyScBoostClk.o)
 .debug_info    0x00004cae      0x1c8 .\ARM_GCC_541\Debug\RPS_PSOC5_01.a(USBUART_cls.o)
 .debug_info    0x00004e76      0x30b .\ARM_GCC_541\Debug\RPS_PSOC5_01.a(USBUART_descr.o)
 .debug_info    0x00005181      0x3c8 .\ARM_GCC_541\Debug\RPS_PSOC5_01.a(CyFlash.o)
 .debug_info    0x00005549      0x45a .\ARM_GCC_541\Debug\RPS_PSOC5_01.a(CySpc.o)

.debug_abbrev   0x00000000     0x193a
 *(.debug_abbrev)
 .debug_abbrev  0x00000000       0xb1 .\ARM_GCC_541\Debug\main.o
 .debug_abbrev  0x000000b1      0x1c2 .\ARM_GCC_541\Debug\cyfitter_cfg.o
 .debug_abbrev  0x00000273       0x5d .\ARM_GCC_541\Debug\cymetadata.o
 .debug_abbrev  0x000002d0      0x1d6 .\ARM_GCC_541\Debug\Cm3Start.o
 .debug_abbrev  0x000004a6      0x1f3 .\ARM_GCC_541\Debug\RPS_PSOC5_01.a(USBUART.o)
 .debug_abbrev  0x00000699      0x233 .\ARM_GCC_541\Debug\RPS_PSOC5_01.a(USBUART_cdc.o)
 .debug_abbrev  0x000008cc      0x161 .\ARM_GCC_541\Debug\RPS_PSOC5_01.a(USBUART_drv.o)
 .debug_abbrev  0x00000a2d       0xfd .\ARM_GCC_541\Debug\RPS_PSOC5_01.a(USBUART_episr.o)
 .debug_abbrev  0x00000b2a      0x15e .\ARM_GCC_541\Debug\RPS_PSOC5_01.a(USBUART_hid.o)
 .debug_abbrev  0x00000c88       0xd1 .\ARM_GCC_541\Debug\RPS_PSOC5_01.a(USBUART_pm.o)
 .debug_abbrev  0x00000d59      0x1c2 .\ARM_GCC_541\Debug\RPS_PSOC5_01.a(USBUART_std.o)
 .debug_abbrev  0x00000f1b       0xc5 .\ARM_GCC_541\Debug\RPS_PSOC5_01.a(USBUART_vnd.o)
 .debug_abbrev  0x00000fe0       0x90 .\ARM_GCC_541\Debug\RPS_PSOC5_01.a(USBUART_Dp.o)
 .debug_abbrev  0x00001070      0x217 .\ARM_GCC_541\Debug\RPS_PSOC5_01.a(CyLib.o)
 .debug_abbrev  0x00001287      0x161 .\ARM_GCC_541\Debug\RPS_PSOC5_01.a(cyPm.o)
 .debug_abbrev  0x000013e8       0x14 .\ARM_GCC_541\Debug\RPS_PSOC5_01.a(CyBootAsmGnu.o)
 .debug_abbrev  0x000013fc      0x11d .\ARM_GCC_541\Debug\RPS_PSOC5_01.a(CyScBoostClk.o)
 .debug_abbrev  0x00001519       0xc5 .\ARM_GCC_541\Debug\RPS_PSOC5_01.a(USBUART_cls.o)
 .debug_abbrev  0x000015de       0xb4 .\ARM_GCC_541\Debug\RPS_PSOC5_01.a(USBUART_descr.o)
 .debug_abbrev  0x00001692      0x13c .\ARM_GCC_541\Debug\RPS_PSOC5_01.a(CyFlash.o)
 .debug_abbrev  0x000017ce      0x16c .\ARM_GCC_541\Debug\RPS_PSOC5_01.a(CySpc.o)

.debug_line     0x00000000     0x2c3c
 *(.debug_line)
 .debug_line    0x00000000      0x1bd .\ARM_GCC_541\Debug\main.o
 .debug_line    0x000001bd      0x230 .\ARM_GCC_541\Debug\cyfitter_cfg.o
 .debug_line    0x000003ed      0x141 .\ARM_GCC_541\Debug\cymetadata.o
 .debug_line    0x0000052e      0x1dc .\ARM_GCC_541\Debug\Cm3Start.o
 .debug_line    0x0000070a      0x327 .\ARM_GCC_541\Debug\RPS_PSOC5_01.a(USBUART.o)
 .debug_line    0x00000a31      0x30c .\ARM_GCC_541\Debug\RPS_PSOC5_01.a(USBUART_cdc.o)
 .debug_line    0x00000d3d      0x21f .\ARM_GCC_541\Debug\RPS_PSOC5_01.a(USBUART_drv.o)
 .debug_line    0x00000f5c       0xf2 .\ARM_GCC_541\Debug\RPS_PSOC5_01.a(USBUART_episr.o)
 .debug_line    0x0000104e      0x179 .\ARM_GCC_541\Debug\RPS_PSOC5_01.a(USBUART_hid.o)
 .debug_line    0x000011c7       0xe6 .\ARM_GCC_541\Debug\RPS_PSOC5_01.a(USBUART_pm.o)
 .debug_line    0x000012ad      0x470 .\ARM_GCC_541\Debug\RPS_PSOC5_01.a(USBUART_std.o)
 .debug_line    0x0000171d       0x8f .\ARM_GCC_541\Debug\RPS_PSOC5_01.a(USBUART_vnd.o)
 .debug_line    0x000017ac       0xbf .\ARM_GCC_541\Debug\RPS_PSOC5_01.a(USBUART_Dp.o)
 .debug_line    0x0000186b      0x8b5 .\ARM_GCC_541\Debug\RPS_PSOC5_01.a(CyLib.o)
 .debug_line    0x00002120      0x38e .\ARM_GCC_541\Debug\RPS_PSOC5_01.a(cyPm.o)
 .debug_line    0x000024ae       0x7d .\ARM_GCC_541\Debug\RPS_PSOC5_01.a(CyBootAsmGnu.o)
 .debug_line    0x0000252b      0x1cf .\ARM_GCC_541\Debug\RPS_PSOC5_01.a(CyScBoostClk.o)
 .debug_line    0x000026fa       0x97 .\ARM_GCC_541\Debug\RPS_PSOC5_01.a(USBUART_cls.o)
 .debug_line    0x00002791       0x61 .\ARM_GCC_541\Debug\RPS_PSOC5_01.a(USBUART_descr.o)
 .debug_line    0x000027f2      0x218 .\ARM_GCC_541\Debug\RPS_PSOC5_01.a(CyFlash.o)
 .debug_line    0x00002a0a      0x232 .\ARM_GCC_541\Debug\RPS_PSOC5_01.a(CySpc.o)

.debug_frame    0x00000000     0x2ee4
 *(.debug_frame)
 .debug_frame   0x00000000       0x3c .\ARM_GCC_541\Debug\main.o
 .debug_frame   0x0000003c      0x16c .\ARM_GCC_541\Debug\cyfitter_cfg.o
 .debug_frame   0x000001a8       0xd8 .\ARM_GCC_541\Debug\Cm3Start.o
 .debug_frame   0x00000280      0x380 .\ARM_GCC_541\Debug\RPS_PSOC5_01.a(USBUART.o)
 .debug_frame   0x00000600      0x3ec .\ARM_GCC_541\Debug\RPS_PSOC5_01.a(USBUART_cdc.o)
 .debug_frame   0x000009ec      0x23c .\ARM_GCC_541\Debug\RPS_PSOC5_01.a(USBUART_drv.o)
 .debug_frame   0x00000c28       0xbc .\ARM_GCC_541\Debug\RPS_PSOC5_01.a(USBUART_episr.o)
 .debug_frame   0x00000ce4      0x100 .\ARM_GCC_541\Debug\RPS_PSOC5_01.a(USBUART_hid.o)
 .debug_frame   0x00000de4       0xbc .\ARM_GCC_541\Debug\RPS_PSOC5_01.a(USBUART_pm.o)
 .debug_frame   0x00000ea0      0x224 .\ARM_GCC_541\Debug\RPS_PSOC5_01.a(USBUART_std.o)
 .debug_frame   0x000010c4       0x38 .\ARM_GCC_541\Debug\RPS_PSOC5_01.a(USBUART_vnd.o)
 .debug_frame   0x000010fc       0xf4 .\ARM_GCC_541\Debug\RPS_PSOC5_01.a(USBUART_Dp.o)
 .debug_frame   0x000011f0      0xc34 .\ARM_GCC_541\Debug\RPS_PSOC5_01.a(CyLib.o)
 .debug_frame   0x00001e24      0x234 .\ARM_GCC_541\Debug\RPS_PSOC5_01.a(cyPm.o)
 .debug_frame   0x00002058      0x200 .\ARM_GCC_541\Debug\RPS_PSOC5_01.a(CyScBoostClk.o)
 .debug_frame   0x00002258       0x38 .\ARM_GCC_541\Debug\RPS_PSOC5_01.a(USBUART_cls.o)
 .debug_frame   0x00002290      0x238 .\ARM_GCC_541\Debug\RPS_PSOC5_01.a(CyFlash.o)
 .debug_frame   0x000024c8      0x1f8 .\ARM_GCC_541\Debug\RPS_PSOC5_01.a(CySpc.o)
 .debug_frame   0x000026c0       0x20 c:/program files (x86)/cypress/psoc creator/4.2/psoc creator/import/gnu/arm/5.4.1/bin/../lib/gcc/arm-none-eabi/5.4.1/../../../../arm-none-eabi/lib/armv7-m\libg_nano.a(lib_a-errno.o)
 .debug_frame   0x000026e0       0x28 c:/program files (x86)/cypress/psoc creator/4.2/psoc creator/import/gnu/arm/5.4.1/bin/../lib/gcc/arm-none-eabi/5.4.1/../../../../arm-none-eabi/lib/armv7-m\libg_nano.a(lib_a-exit.o)
 .debug_frame   0x00002708       0x2c c:/program files (x86)/cypress/psoc creator/4.2/psoc creator/import/gnu/arm/5.4.1/bin/../lib/gcc/arm-none-eabi/5.4.1/../../../../arm-none-eabi/lib/armv7-m\libg_nano.a(lib_a-init.o)
 .debug_frame   0x00002734       0x28 c:/program files (x86)/cypress/psoc creator/4.2/psoc creator/import/gnu/arm/5.4.1/bin/../lib/gcc/arm-none-eabi/5.4.1/../../../../arm-none-eabi/lib/armv7-m\libg_nano.a(lib_a-memcpy-stub.o)
 .debug_frame   0x0000275c       0x20 c:/program files (x86)/cypress/psoc creator/4.2/psoc creator/import/gnu/arm/5.4.1/bin/../lib/gcc/arm-none-eabi/5.4.1/../../../../arm-none-eabi/lib/armv7-m\libg_nano.a(lib_a-memset.o)
 .debug_frame   0x0000277c       0x8c c:/program files (x86)/cypress/psoc creator/4.2/psoc creator/import/gnu/arm/5.4.1/bin/../lib/gcc/arm-none-eabi/5.4.1/../../../../arm-none-eabi/lib/armv7-m\libg_nano.a(lib_a-nano-vfprintf_float.o)
 .debug_frame   0x00002808       0x60 c:/program files (x86)/cypress/psoc creator/4.2/psoc creator/import/gnu/arm/5.4.1/bin/../lib/gcc/arm-none-eabi/5.4.1/../../../../arm-none-eabi/lib/armv7-m\libg_nano.a(lib_a-nano-vfprintf_i.o)
 .debug_frame   0x00002868       0x70 c:/program files (x86)/cypress/psoc creator/4.2/psoc creator/import/gnu/arm/5.4.1/bin/../lib/gcc/arm-none-eabi/5.4.1/../../../../arm-none-eabi/lib/armv7-m\libg_nano.a(lib_a-sprintf.o)
 .debug_frame   0x000028d8       0x6c c:/program files (x86)/cypress/psoc creator/4.2/psoc creator/import/gnu/arm/5.4.1/bin/../lib/gcc/arm-none-eabi/5.4.1/../../../../arm-none-eabi/lib/armv7-m\libg_nano.a(lib_a-dtoa.o)
 .debug_frame   0x00002944       0x98 c:/program files (x86)/cypress/psoc creator/4.2/psoc creator/import/gnu/arm/5.4.1/bin/../lib/gcc/arm-none-eabi/5.4.1/../../../../arm-none-eabi/lib/armv7-m\libg_nano.a(lib_a-locale.o)
 .debug_frame   0x000029dc       0x30 c:/program files (x86)/cypress/psoc creator/4.2/psoc creator/import/gnu/arm/5.4.1/bin/../lib/gcc/arm-none-eabi/5.4.1/../../../../arm-none-eabi/lib/armv7-m\libg_nano.a(lib_a-malloc.o)
 .debug_frame   0x00002a0c       0x28 c:/program files (x86)/cypress/psoc creator/4.2/psoc creator/import/gnu/arm/5.4.1/bin/../lib/gcc/arm-none-eabi/5.4.1/../../../../arm-none-eabi/lib/armv7-m\libg_nano.a(lib_a-memchr-stub.o)
 .debug_frame   0x00002a34      0x234 c:/program files (x86)/cypress/psoc creator/4.2/psoc creator/import/gnu/arm/5.4.1/bin/../lib/gcc/arm-none-eabi/5.4.1/../../../../arm-none-eabi/lib/armv7-m\libg_nano.a(lib_a-mprec.o)
 .debug_frame   0x00002c68       0x2c c:/program files (x86)/cypress/psoc creator/4.2/psoc creator/import/gnu/arm/5.4.1/bin/../lib/gcc/arm-none-eabi/5.4.1/../../../../arm-none-eabi/lib/armv7-m\libg_nano.a(lib_a-nano-callocr.o)
 .debug_frame   0x00002c94       0x38 c:/program files (x86)/cypress/psoc creator/4.2/psoc creator/import/gnu/arm/5.4.1/bin/../lib/gcc/arm-none-eabi/5.4.1/../../../../arm-none-eabi/lib/armv7-m\libg_nano.a(lib_a-nano-freer.o)
 .debug_frame   0x00002ccc       0x2c c:/program files (x86)/cypress/psoc creator/4.2/psoc creator/import/gnu/arm/5.4.1/bin/../lib/gcc/arm-none-eabi/5.4.1/../../../../arm-none-eabi/lib/armv7-m\libg_nano.a(lib_a-nano-mallocr.o)
 .debug_frame   0x00002cf8       0x90 c:/program files (x86)/cypress/psoc creator/4.2/psoc creator/import/gnu/arm/5.4.1/bin/../lib/gcc/arm-none-eabi/5.4.1/../../../../arm-none-eabi/lib/armv7-m\libg_nano.a(lib_a-nano-svfprintf.o)
 .debug_frame   0x00002d88       0x2c c:/program files (x86)/cypress/psoc creator/4.2/psoc creator/import/gnu/arm/5.4.1/bin/../lib/gcc/arm-none-eabi/5.4.1/../../../../arm-none-eabi/lib/armv7-m\libg_nano.a(lib_a-sbrkr.o)
 .debug_frame   0x00002db4       0x20 c:/program files (x86)/cypress/psoc creator/4.2/psoc creator/import/gnu/arm/5.4.1/bin/../lib/gcc/arm-none-eabi/5.4.1/../../../../arm-none-eabi/lib/armv7-m\libg_nano.a(lib_a-strcmp.o)
 .debug_frame   0x00002dd4       0x28 c:/program files (x86)/cypress/psoc creator/4.2/psoc creator/import/gnu/arm/5.4.1/bin/../lib/gcc/arm-none-eabi/5.4.1/../../../../arm-none-eabi/lib/armv7-m\libg_nano.a(lib_a-memmove.o)
 .debug_frame   0x00002dfc       0x30 c:/program files (x86)/cypress/psoc creator/4.2/psoc creator/import/gnu/arm/5.4.1/bin/../lib/gcc/arm-none-eabi/5.4.1/../../../../arm-none-eabi/lib/armv7-m\libg_nano.a(lib_a-mlock.o)
 .debug_frame   0x00002e2c       0x3c c:/program files (x86)/cypress/psoc creator/4.2/psoc creator/import/gnu/arm/5.4.1/bin/../lib/gcc/arm-none-eabi/5.4.1/../../../../arm-none-eabi/lib/armv7-m\libg_nano.a(lib_a-nano-reallocr.o)
 .debug_frame   0x00002e68       0x5c c:/program files (x86)/cypress/psoc creator/4.2/psoc creator/import/gnu/arm/5.4.1/bin/../lib/gcc/arm-none-eabi/5.4.1/../../../../arm-none-eabi/lib/armv7-m\libg_nano.a(lib_a-reent.o)
 .debug_frame   0x00002ec4       0x20 c:/program files (x86)/cypress/psoc creator/4.2/psoc creator/import/gnu/arm/5.4.1/bin/../lib/gcc/arm-none-eabi/5.4.1/../../../../arm-none-eabi/lib/armv7-m\libg_nano.a(lib_a-nano-msizer.o)

.debug_str      0x00000000     0x28e5
 *(.debug_str)
 .debug_str     0x00000000      0x1a5 .\ARM_GCC_541\Debug\main.o
                                0x1ed (size before relaxing)
 .debug_str     0x000001a5      0x2a4 .\ARM_GCC_541\Debug\cyfitter_cfg.o
                                0x462 (size before relaxing)
 .debug_str     0x00000449       0x7f .\ARM_GCC_541\Debug\cymetadata.o
                                0x1f1 (size before relaxing)
 .debug_str     0x000004c8      0x123 .\ARM_GCC_541\Debug\Cm3Start.o
                                0x2e4 (size before relaxing)
 .debug_str     0x000005eb      0x448 .\ARM_GCC_541\Debug\RPS_PSOC5_01.a(USBUART.o)
                                0x60c (size before relaxing)
 .debug_str     0x00000a33      0x4d3 .\ARM_GCC_541\Debug\RPS_PSOC5_01.a(USBUART_cdc.o)
                                0x727 (size before relaxing)
 .debug_str     0x00000f06      0x296 .\ARM_GCC_541\Debug\RPS_PSOC5_01.a(USBUART_drv.o)
                                0x607 (size before relaxing)
 .debug_str     0x0000119c       0x80 .\ARM_GCC_541\Debug\RPS_PSOC5_01.a(USBUART_episr.o)
                                0x2d4 (size before relaxing)
 .debug_str     0x0000121c      0x120 .\ARM_GCC_541\Debug\RPS_PSOC5_01.a(USBUART_hid.o)
                                0x3a2 (size before relaxing)
 .debug_str     0x0000133c       0xac .\ARM_GCC_541\Debug\RPS_PSOC5_01.a(USBUART_pm.o)
                                0x278 (size before relaxing)
 .debug_str     0x000013e8      0x29a .\ARM_GCC_541\Debug\RPS_PSOC5_01.a(USBUART_std.o)
                                0x767 (size before relaxing)
 .debug_str     0x00001682       0x5f .\ARM_GCC_541\Debug\RPS_PSOC5_01.a(USBUART_vnd.o)
                                0x284 (size before relaxing)
 .debug_str     0x000016e1       0xbe .\ARM_GCC_541\Debug\RPS_PSOC5_01.a(USBUART_Dp.o)
                                0x24e (size before relaxing)
 .debug_str     0x0000179f      0x81c .\ARM_GCC_541\Debug\RPS_PSOC5_01.a(CyLib.o)
                                0xa1b (size before relaxing)
 .debug_str     0x00001fbb      0x371 .\ARM_GCC_541\Debug\RPS_PSOC5_01.a(cyPm.o)
                                0x550 (size before relaxing)
 .debug_str     0x0000232c      0x1e3 .\ARM_GCC_541\Debug\RPS_PSOC5_01.a(CyScBoostClk.o)
                                0x37c (size before relaxing)
 .debug_str     0x0000250f       0x3f .\ARM_GCC_541\Debug\RPS_PSOC5_01.a(USBUART_cls.o)
                                0x29c (size before relaxing)
 .debug_str     0x0000254e      0x122 .\ARM_GCC_541\Debug\RPS_PSOC5_01.a(USBUART_descr.o)
                                0x3bd (size before relaxing)
 .debug_str     0x00002670      0x156 .\ARM_GCC_541\Debug\RPS_PSOC5_01.a(CyFlash.o)
                                0x31b (size before relaxing)
 .debug_str     0x000027c6      0x11f .\ARM_GCC_541\Debug\RPS_PSOC5_01.a(CySpc.o)
                                0x300 (size before relaxing)

.debug_loc
 *(.debug_loc)

.debug_macinfo
 *(.debug_macinfo)

.debug_ranges   0x00000000      0x880
 *(.debug_ranges)
 .debug_ranges  0x00000000       0x10 .\ARM_GCC_541\Debug\main.o
 .debug_ranges  0x00000010       0x50 .\ARM_GCC_541\Debug\cyfitter_cfg.o
 .debug_ranges  0x00000060       0x38 .\ARM_GCC_541\Debug\Cm3Start.o
 .debug_ranges  0x00000098       0xb8 .\ARM_GCC_541\Debug\RPS_PSOC5_01.a(USBUART.o)
 .debug_ranges  0x00000150       0xd8 .\ARM_GCC_541\Debug\RPS_PSOC5_01.a(USBUART_cdc.o)
 .debug_ranges  0x00000228       0x88 .\ARM_GCC_541\Debug\RPS_PSOC5_01.a(USBUART_drv.o)
 .debug_ranges  0x000002b0       0x30 .\ARM_GCC_541\Debug\RPS_PSOC5_01.a(USBUART_episr.o)
 .debug_ranges  0x000002e0       0x38 .\ARM_GCC_541\Debug\RPS_PSOC5_01.a(USBUART_hid.o)
 .debug_ranges  0x00000318       0x30 .\ARM_GCC_541\Debug\RPS_PSOC5_01.a(USBUART_pm.o)
 .debug_ranges  0x00000348       0x70 .\ARM_GCC_541\Debug\RPS_PSOC5_01.a(USBUART_std.o)
 .debug_ranges  0x000003b8       0x10 .\ARM_GCC_541\Debug\RPS_PSOC5_01.a(USBUART_vnd.o)
 .debug_ranges  0x000003c8       0x38 .\ARM_GCC_541\Debug\RPS_PSOC5_01.a(USBUART_Dp.o)
 .debug_ranges  0x00000400      0x298 .\ARM_GCC_541\Debug\RPS_PSOC5_01.a(CyLib.o)
 .debug_ranges  0x00000698       0x88 .\ARM_GCC_541\Debug\RPS_PSOC5_01.a(cyPm.o)
 .debug_ranges  0x00000720       0x70 .\ARM_GCC_541\Debug\RPS_PSOC5_01.a(CyScBoostClk.o)
 .debug_ranges  0x00000790       0x10 .\ARM_GCC_541\Debug\RPS_PSOC5_01.a(USBUART_cls.o)
 .debug_ranges  0x000007a0       0x78 .\ARM_GCC_541\Debug\RPS_PSOC5_01.a(CyFlash.o)
 .debug_ranges  0x00000818       0x68 .\ARM_GCC_541\Debug\RPS_PSOC5_01.a(CySpc.o)

.comment        0x00000000       0x6e
 .comment       0x00000000       0x6e .\ARM_GCC_541\Debug\main.o
                                 0x6f (size before relaxing)
 .comment       0x0000006e       0x6f .\ARM_GCC_541\Debug\cyfitter_cfg.o
 .comment       0x0000006e       0x6f .\ARM_GCC_541\Debug\cymetadata.o
 .comment       0x0000006e       0x6f .\ARM_GCC_541\Debug\Cm3Start.o
 .comment       0x0000006e       0x6f .\ARM_GCC_541\Debug\RPS_PSOC5_01.a(USBUART.o)
 .comment       0x0000006e       0x6f .\ARM_GCC_541\Debug\RPS_PSOC5_01.a(USBUART_cdc.o)
 .comment       0x0000006e       0x6f .\ARM_GCC_541\Debug\RPS_PSOC5_01.a(USBUART_drv.o)
 .comment       0x0000006e       0x6f .\ARM_GCC_541\Debug\RPS_PSOC5_01.a(USBUART_episr.o)
 .comment       0x0000006e       0x6f .\ARM_GCC_541\Debug\RPS_PSOC5_01.a(USBUART_hid.o)
 .comment       0x0000006e       0x6f .\ARM_GCC_541\Debug\RPS_PSOC5_01.a(USBUART_pm.o)
 .comment       0x0000006e       0x6f .\ARM_GCC_541\Debug\RPS_PSOC5_01.a(USBUART_std.o)
 .comment       0x0000006e       0x6f .\ARM_GCC_541\Debug\RPS_PSOC5_01.a(USBUART_vnd.o)
 .comment       0x0000006e       0x6f .\ARM_GCC_541\Debug\RPS_PSOC5_01.a(USBUART_Dp.o)
 .comment       0x0000006e       0x6f .\ARM_GCC_541\Debug\RPS_PSOC5_01.a(CyLib.o)
 .comment       0x0000006e       0x6f .\ARM_GCC_541\Debug\RPS_PSOC5_01.a(cyPm.o)
 .comment       0x0000006e       0x6f .\ARM_GCC_541\Debug\RPS_PSOC5_01.a(CyScBoostClk.o)
 .comment       0x0000006e       0x6f .\ARM_GCC_541\Debug\RPS_PSOC5_01.a(USBUART_cls.o)
 .comment       0x0000006e       0x6f .\ARM_GCC_541\Debug\RPS_PSOC5_01.a(USBUART_descr.o)
 .comment       0x0000006e       0x6f .\ARM_GCC_541\Debug\RPS_PSOC5_01.a(CyFlash.o)
 .comment       0x0000006e       0x6f .\ARM_GCC_541\Debug\RPS_PSOC5_01.a(CySpc.o)

.debug_weaknames
 *(.debug_weaknames)

.debug_funcnames
 *(.debug_funcnames)

.debug_typenames
 *(.debug_typenames)

.debug_varnames
 *(.debug_varnames)

.note.gnu.arm.ident
 *(.note.gnu.arm.ident)

.ARM.attributes
                0x00000000       0x29
 *(.ARM.attributes)
 .ARM.attributes
                0x00000000       0x1d c:/program files (x86)/cypress/psoc creator/4.2/psoc creator/import/gnu/arm/5.4.1/bin/../lib/gcc/arm-none-eabi/5.4.1/armv7-m/crti.o
 .ARM.attributes
                0x0000001d       0x2d c:/program files (x86)/cypress/psoc creator/4.2/psoc creator/import/gnu/arm/5.4.1/bin/../lib/gcc/arm-none-eabi/5.4.1/armv7-m/crtbegin.o
 .ARM.attributes
                0x0000004a       0x1b c:/program files (x86)/cypress/psoc creator/4.2/psoc creator/import/gnu/arm/5.4.1/bin/../lib/gcc/arm-none-eabi/5.4.1/../../../../arm-none-eabi/lib/armv7-m/crt0.o
 .ARM.attributes
                0x00000065       0x33 .\ARM_GCC_541\Debug\main.o
 .ARM.attributes
                0x00000098       0x33 .\ARM_GCC_541\Debug\cyfitter_cfg.o
 .ARM.attributes
                0x000000cb       0x33 .\ARM_GCC_541\Debug\cymetadata.o
 .ARM.attributes
                0x000000fe       0x33 .\ARM_GCC_541\Debug\Cm3Start.o
 .ARM.attributes
                0x00000131       0x33 .\ARM_GCC_541\Debug\RPS_PSOC5_01.a(USBUART.o)
 .ARM.attributes
                0x00000164       0x33 .\ARM_GCC_541\Debug\RPS_PSOC5_01.a(USBUART_cdc.o)
 .ARM.attributes
                0x00000197       0x33 .\ARM_GCC_541\Debug\RPS_PSOC5_01.a(USBUART_drv.o)
 .ARM.attributes
                0x000001ca       0x33 .\ARM_GCC_541\Debug\RPS_PSOC5_01.a(USBUART_episr.o)
 .ARM.attributes
                0x000001fd       0x33 .\ARM_GCC_541\Debug\RPS_PSOC5_01.a(USBUART_hid.o)
 .ARM.attributes
                0x00000230       0x33 .\ARM_GCC_541\Debug\RPS_PSOC5_01.a(USBUART_pm.o)
 .ARM.attributes
                0x00000263       0x33 .\ARM_GCC_541\Debug\RPS_PSOC5_01.a(USBUART_std.o)
 .ARM.attributes
                0x00000296       0x33 .\ARM_GCC_541\Debug\RPS_PSOC5_01.a(USBUART_vnd.o)
 .ARM.attributes
                0x000002c9       0x33 .\ARM_GCC_541\Debug\RPS_PSOC5_01.a(USBUART_Dp.o)
 .ARM.attributes
                0x000002fc       0x33 .\ARM_GCC_541\Debug\RPS_PSOC5_01.a(CyLib.o)
 .ARM.attributes
                0x0000032f       0x33 .\ARM_GCC_541\Debug\RPS_PSOC5_01.a(cyPm.o)
 .ARM.attributes
                0x00000362       0x21 .\ARM_GCC_541\Debug\RPS_PSOC5_01.a(CyBootAsmGnu.o)
 .ARM.attributes
                0x00000383       0x33 .\ARM_GCC_541\Debug\RPS_PSOC5_01.a(CyScBoostClk.o)
 .ARM.attributes
                0x000003b6       0x33 .\ARM_GCC_541\Debug\RPS_PSOC5_01.a(USBUART_cls.o)
 .ARM.attributes
                0x000003e9       0x33 .\ARM_GCC_541\Debug\RPS_PSOC5_01.a(USBUART_descr.o)
 .ARM.attributes
                0x0000041c       0x33 .\ARM_GCC_541\Debug\RPS_PSOC5_01.a(CyFlash.o)
 .ARM.attributes
                0x0000044f       0x33 .\ARM_GCC_541\Debug\RPS_PSOC5_01.a(CySpc.o)
 .ARM.attributes
                0x00000482       0x2d c:/program files (x86)/cypress/psoc creator/4.2/psoc creator/import/gnu/arm/5.4.1/bin/../lib/gcc/arm-none-eabi/5.4.1/../../../../arm-none-eabi/lib/armv7-m\libg_nano.a(lib_a-errno.o)
 .ARM.attributes
                0x000004af       0x2d c:/program files (x86)/cypress/psoc creator/4.2/psoc creator/import/gnu/arm/5.4.1/bin/../lib/gcc/arm-none-eabi/5.4.1/../../../../arm-none-eabi/lib/armv7-m\libg_nano.a(lib_a-exit.o)
 .ARM.attributes
                0x000004dc       0x2d c:/program files (x86)/cypress/psoc creator/4.2/psoc creator/import/gnu/arm/5.4.1/bin/../lib/gcc/arm-none-eabi/5.4.1/../../../../arm-none-eabi/lib/armv7-m\libg_nano.a(lib_a-impure.o)
 .ARM.attributes
                0x00000509       0x2d c:/program files (x86)/cypress/psoc creator/4.2/psoc creator/import/gnu/arm/5.4.1/bin/../lib/gcc/arm-none-eabi/5.4.1/../../../../arm-none-eabi/lib/armv7-m\libg_nano.a(lib_a-init.o)
 .ARM.attributes
                0x00000536       0x2d c:/program files (x86)/cypress/psoc creator/4.2/psoc creator/import/gnu/arm/5.4.1/bin/../lib/gcc/arm-none-eabi/5.4.1/../../../../arm-none-eabi/lib/armv7-m\libg_nano.a(lib_a-memcpy-stub.o)
 .ARM.attributes
                0x00000563       0x2d c:/program files (x86)/cypress/psoc creator/4.2/psoc creator/import/gnu/arm/5.4.1/bin/../lib/gcc/arm-none-eabi/5.4.1/../../../../arm-none-eabi/lib/armv7-m\libg_nano.a(lib_a-memset.o)
 .ARM.attributes
                0x00000590       0x2d c:/program files (x86)/cypress/psoc creator/4.2/psoc creator/import/gnu/arm/5.4.1/bin/../lib/gcc/arm-none-eabi/5.4.1/../../../../arm-none-eabi/lib/armv7-m\libg_nano.a(lib_a-nano-vfprintf_float.o)
 .ARM.attributes
                0x000005bd       0x2d c:/program files (x86)/cypress/psoc creator/4.2/psoc creator/import/gnu/arm/5.4.1/bin/../lib/gcc/arm-none-eabi/5.4.1/../../../../arm-none-eabi/lib/armv7-m\libg_nano.a(lib_a-nano-vfprintf_i.o)
 .ARM.attributes
                0x000005ea       0x2d c:/program files (x86)/cypress/psoc creator/4.2/psoc creator/import/gnu/arm/5.4.1/bin/../lib/gcc/arm-none-eabi/5.4.1/../../../../arm-none-eabi/lib/armv7-m\libg_nano.a(lib_a-sprintf.o)
 .ARM.attributes
                0x00000617       0x17 c:/program files (x86)/cypress/psoc creator/4.2/psoc creator/import/gnu/arm/5.4.1/bin/../lib/gcc/arm-none-eabi/5.4.1/../../../../arm-none-eabi/lib/armv7-m\libg_nano.a(lib_a-strlen.o)
 .ARM.attributes
                0x0000062e       0x2d c:/program files (x86)/cypress/psoc creator/4.2/psoc creator/import/gnu/arm/5.4.1/bin/../lib/gcc/arm-none-eabi/5.4.1/../../../../arm-none-eabi/lib/armv7-m\libg_nano.a(lib_a-dtoa.o)
 .ARM.attributes
                0x0000065b       0x2d c:/program files (x86)/cypress/psoc creator/4.2/psoc creator/import/gnu/arm/5.4.1/bin/../lib/gcc/arm-none-eabi/5.4.1/../../../../arm-none-eabi/lib/armv7-m\libg_nano.a(lib_a-locale.o)
 .ARM.attributes
                0x00000688       0x2d c:/program files (x86)/cypress/psoc creator/4.2/psoc creator/import/gnu/arm/5.4.1/bin/../lib/gcc/arm-none-eabi/5.4.1/../../../../arm-none-eabi/lib/armv7-m\libg_nano.a(lib_a-malloc.o)
 .ARM.attributes
                0x000006b5       0x2d c:/program files (x86)/cypress/psoc creator/4.2/psoc creator/import/gnu/arm/5.4.1/bin/../lib/gcc/arm-none-eabi/5.4.1/../../../../arm-none-eabi/lib/armv7-m\libg_nano.a(lib_a-memchr-stub.o)
 .ARM.attributes
                0x000006e2       0x2d c:/program files (x86)/cypress/psoc creator/4.2/psoc creator/import/gnu/arm/5.4.1/bin/../lib/gcc/arm-none-eabi/5.4.1/../../../../arm-none-eabi/lib/armv7-m\libg_nano.a(lib_a-mprec.o)
 .ARM.attributes
                0x0000070f       0x2d c:/program files (x86)/cypress/psoc creator/4.2/psoc creator/import/gnu/arm/5.4.1/bin/../lib/gcc/arm-none-eabi/5.4.1/../../../../arm-none-eabi/lib/armv7-m\libg_nano.a(lib_a-nano-callocr.o)
 .ARM.attributes
                0x0000073c       0x2d c:/program files (x86)/cypress/psoc creator/4.2/psoc creator/import/gnu/arm/5.4.1/bin/../lib/gcc/arm-none-eabi/5.4.1/../../../../arm-none-eabi/lib/armv7-m\libg_nano.a(lib_a-nano-freer.o)
 .ARM.attributes
                0x00000769       0x2d c:/program files (x86)/cypress/psoc creator/4.2/psoc creator/import/gnu/arm/5.4.1/bin/../lib/gcc/arm-none-eabi/5.4.1/../../../../arm-none-eabi/lib/armv7-m\libg_nano.a(lib_a-nano-mallocr.o)
 .ARM.attributes
                0x00000796       0x2d c:/program files (x86)/cypress/psoc creator/4.2/psoc creator/import/gnu/arm/5.4.1/bin/../lib/gcc/arm-none-eabi/5.4.1/../../../../arm-none-eabi/lib/armv7-m\libg_nano.a(lib_a-nano-svfprintf.o)
 .ARM.attributes
                0x000007c3       0x2d c:/program files (x86)/cypress/psoc creator/4.2/psoc creator/import/gnu/arm/5.4.1/bin/../lib/gcc/arm-none-eabi/5.4.1/../../../../arm-none-eabi/lib/armv7-m\libg_nano.a(lib_a-sbrkr.o)
 .ARM.attributes
                0x000007f0       0x1b c:/program files (x86)/cypress/psoc creator/4.2/psoc creator/import/gnu/arm/5.4.1/bin/../lib/gcc/arm-none-eabi/5.4.1/../../../../arm-none-eabi/lib/armv7-m\libg_nano.a(lib_a-strcmp.o)
 .ARM.attributes
                0x0000080b       0x2d c:/program files (x86)/cypress/psoc creator/4.2/psoc creator/import/gnu/arm/5.4.1/bin/../lib/gcc/arm-none-eabi/5.4.1/../../../../arm-none-eabi/lib/armv7-m\libg_nano.a(lib_a-memmove.o)
 .ARM.attributes
                0x00000838       0x2d c:/program files (x86)/cypress/psoc creator/4.2/psoc creator/import/gnu/arm/5.4.1/bin/../lib/gcc/arm-none-eabi/5.4.1/../../../../arm-none-eabi/lib/armv7-m\libg_nano.a(lib_a-mlock.o)
 .ARM.attributes
                0x00000865       0x2d c:/program files (x86)/cypress/psoc creator/4.2/psoc creator/import/gnu/arm/5.4.1/bin/../lib/gcc/arm-none-eabi/5.4.1/../../../../arm-none-eabi/lib/armv7-m\libg_nano.a(lib_a-nano-reallocr.o)
 .ARM.attributes
                0x00000892       0x2d c:/program files (x86)/cypress/psoc creator/4.2/psoc creator/import/gnu/arm/5.4.1/bin/../lib/gcc/arm-none-eabi/5.4.1/../../../../arm-none-eabi/lib/armv7-m\libg_nano.a(lib_a-reent.o)
 .ARM.attributes
                0x000008bf       0x2d c:/program files (x86)/cypress/psoc creator/4.2/psoc creator/import/gnu/arm/5.4.1/bin/../lib/gcc/arm-none-eabi/5.4.1/../../../../arm-none-eabi/lib/armv7-m\libg_nano.a(lib_a-nano-msizer.o)
 .ARM.attributes
                0x000008ec       0x1d c:/program files (x86)/cypress/psoc creator/4.2/psoc creator/import/gnu/arm/5.4.1/bin/../lib/gcc/arm-none-eabi/5.4.1/armv7-m\libgcc.a(_arm_addsubdf3.o)
 .ARM.attributes
                0x00000909       0x1d c:/program files (x86)/cypress/psoc creator/4.2/psoc creator/import/gnu/arm/5.4.1/bin/../lib/gcc/arm-none-eabi/5.4.1/armv7-m\libgcc.a(_arm_muldivdf3.o)
 .ARM.attributes
                0x00000926       0x1d c:/program files (x86)/cypress/psoc creator/4.2/psoc creator/import/gnu/arm/5.4.1/bin/../lib/gcc/arm-none-eabi/5.4.1/armv7-m\libgcc.a(_arm_cmpdf2.o)
 .ARM.attributes
                0x00000943       0x1d c:/program files (x86)/cypress/psoc creator/4.2/psoc creator/import/gnu/arm/5.4.1/bin/../lib/gcc/arm-none-eabi/5.4.1/armv7-m\libgcc.a(_arm_unorddf2.o)
 .ARM.attributes
                0x00000960       0x1d c:/program files (x86)/cypress/psoc creator/4.2/psoc creator/import/gnu/arm/5.4.1/bin/../lib/gcc/arm-none-eabi/5.4.1/armv7-m\libgcc.a(_arm_fixdfsi.o)
 .ARM.attributes
                0x0000097d       0x2d c:/program files (x86)/cypress/psoc creator/4.2/psoc creator/import/gnu/arm/5.4.1/bin/../lib/gcc/arm-none-eabi/5.4.1/armv7-m/crtend.o
 .ARM.attributes
                0x000009aa       0x1d c:/program files (x86)/cypress/psoc creator/4.2/psoc creator/import/gnu/arm/5.4.1/bin/../lib/gcc/arm-none-eabi/5.4.1/armv7-m/crtn.o

/DISCARD/
 *(.note.GNU-stack)
OUTPUT(C:\Users\dgilliland\Documents\GitHub\RPI_PSOC5\RPS_PSOC5_01\RPS_PSOC5_01.cydsn\ARM_GCC_541\Debug\RPS_PSOC5_01.elf elf32-littlearm)
