ARM GAS  C:\DOCUME~1\akay\LOCALS~1\Temp\cc9iQpLn.s 			page 1


   1              		.syntax unified
   2              		.cpu cortex-m3
   3              		.fpu softvfp
   4              		.eabi_attribute 20, 1
   5              		.eabi_attribute 21, 1
   6              		.eabi_attribute 23, 3
   7              		.eabi_attribute 24, 1
   8              		.eabi_attribute 25, 1
   9              		.eabi_attribute 26, 1
  10              		.eabi_attribute 30, 6
  11              		.eabi_attribute 18, 4
  12              		.thumb
  13              		.file	"LCD_PM.c"
  14              		.section	.debug_abbrev,"",%progbits
  15              	.Ldebug_abbrev0:
  16              		.section	.debug_info,"",%progbits
  17              	.Ldebug_info0:
  18              		.section	.debug_line,"",%progbits
  19              	.Ldebug_line0:
  20 0000 9C000000 		.text
  20      02004E00 
  20      00000201 
  20      FB0E0D00 
  20      01010101 
  21              	.Ltext0:
  22              		.cfi_sections	.debug_frame
  23              		.bss
  24              		.align	2
  25              	LCD_backup:
  26 0000 00       		.space	1
  27 0001 000000   		.section	.text.LCD_SaveConfig,"ax",%progbits
  28              		.align	2
  29              		.global	LCD_SaveConfig
  30              		.thumb
  31              		.thumb_func
  32              		.type	LCD_SaveConfig, %function
  33              	LCD_SaveConfig:
  34              	.LFB0:
  35              		.file 1 "./Generated_Source/PSoC5/LCD_PM.c"
   1:./Generated_Source/PSoC5/LCD_PM.c **** /*******************************************************************************
   2:./Generated_Source/PSoC5/LCD_PM.c **** * File Name: LCD_PM.c
   3:./Generated_Source/PSoC5/LCD_PM.c **** * Version 1.50
   4:./Generated_Source/PSoC5/LCD_PM.c **** *
   5:./Generated_Source/PSoC5/LCD_PM.c **** * Description:
   6:./Generated_Source/PSoC5/LCD_PM.c **** *  This file provides the API source code for the Static Segment LCD component.
   7:./Generated_Source/PSoC5/LCD_PM.c **** *
   8:./Generated_Source/PSoC5/LCD_PM.c **** * Note:
   9:./Generated_Source/PSoC5/LCD_PM.c **** *
  10:./Generated_Source/PSoC5/LCD_PM.c **** ********************************************************************************
  11:./Generated_Source/PSoC5/LCD_PM.c **** * Copyright 2008-2010, Cypress Semiconductor Corporation.  All rights reserved.
  12:./Generated_Source/PSoC5/LCD_PM.c **** * You may use this file only in accordance with the license, terms, conditions,
  13:./Generated_Source/PSoC5/LCD_PM.c **** * disclaimers, and limitations in the end user license agreement accompanying
  14:./Generated_Source/PSoC5/LCD_PM.c **** * the software package with which this file was provided.
  15:./Generated_Source/PSoC5/LCD_PM.c **** *******************************************************************************/
  16:./Generated_Source/PSoC5/LCD_PM.c **** 
  17:./Generated_Source/PSoC5/LCD_PM.c **** #include "LCD.h"
  18:./Generated_Source/PSoC5/LCD_PM.c **** 
ARM GAS  C:\DOCUME~1\akay\LOCALS~1\Temp\cc9iQpLn.s 			page 2


  19:./Generated_Source/PSoC5/LCD_PM.c **** 
  20:./Generated_Source/PSoC5/LCD_PM.c **** void LCD_SaveConfig(void) ;
  21:./Generated_Source/PSoC5/LCD_PM.c **** void LCD_RestoreConfig(void) ;
  22:./Generated_Source/PSoC5/LCD_PM.c **** extern void LCD_Enable(void);
  23:./Generated_Source/PSoC5/LCD_PM.c **** 
  24:./Generated_Source/PSoC5/LCD_PM.c **** static LCD_BACKUP_STRUCT LCD_backup;
  25:./Generated_Source/PSoC5/LCD_PM.c **** 
  26:./Generated_Source/PSoC5/LCD_PM.c **** extern uint8 LCD_enableState;
  27:./Generated_Source/PSoC5/LCD_PM.c **** 
  28:./Generated_Source/PSoC5/LCD_PM.c **** 
  29:./Generated_Source/PSoC5/LCD_PM.c **** /*******************************************************************************
  30:./Generated_Source/PSoC5/LCD_PM.c **** * Function Name: LCD_SaveConfig
  31:./Generated_Source/PSoC5/LCD_PM.c **** ********************************************************************************
  32:./Generated_Source/PSoC5/LCD_PM.c **** *
  33:./Generated_Source/PSoC5/LCD_PM.c **** * Summary:
  34:./Generated_Source/PSoC5/LCD_PM.c **** *  Does nothing, provided for consistency.
  35:./Generated_Source/PSoC5/LCD_PM.c **** *
  36:./Generated_Source/PSoC5/LCD_PM.c **** * Parameters:
  37:./Generated_Source/PSoC5/LCD_PM.c **** *  None.
  38:./Generated_Source/PSoC5/LCD_PM.c **** *
  39:./Generated_Source/PSoC5/LCD_PM.c **** * Return:
  40:./Generated_Source/PSoC5/LCD_PM.c **** *  None.
  41:./Generated_Source/PSoC5/LCD_PM.c **** *
  42:./Generated_Source/PSoC5/LCD_PM.c **** *******************************************************************************/
  43:./Generated_Source/PSoC5/LCD_PM.c **** void LCD_SaveConfig(void)
  44:./Generated_Source/PSoC5/LCD_PM.c **** {
  36              		.loc 1 44 0
  37              		.cfi_startproc
  38              		@ args = 0, pretend = 0, frame = 0
  39              		@ frame_needed = 1, uses_anonymous_args = 0
  40              		@ link register save eliminated.
  41 0000 80B4     		push	{r7}
  42              	.LCFI0:
  43              		.cfi_def_cfa_offset 4
  44 0002 00AF     		add	r7, sp, #0
  45              		.cfi_offset 7, -4
  46              	.LCFI1:
  47              		.cfi_def_cfa_register 7
  45:./Generated_Source/PSoC5/LCD_PM.c **** }
  48              		.loc 1 45 0
  49 0004 BD46     		mov	sp, r7
  50 0006 80BC     		pop	{r7}
  51 0008 7047     		bx	lr
  52              		.cfi_endproc
  53              	.LFE0:
  54              		.size	LCD_SaveConfig, .-LCD_SaveConfig
  55 000a 00BF     		.section	.text.LCD_RestoreConfig,"ax",%progbits
  56              		.align	2
  57              		.global	LCD_RestoreConfig
  58              		.thumb
  59              		.thumb_func
  60              		.type	LCD_RestoreConfig, %function
  61              	LCD_RestoreConfig:
  62              	.LFB1:
  46:./Generated_Source/PSoC5/LCD_PM.c **** 
  47:./Generated_Source/PSoC5/LCD_PM.c **** 
  48:./Generated_Source/PSoC5/LCD_PM.c **** /*******************************************************************************
ARM GAS  C:\DOCUME~1\akay\LOCALS~1\Temp\cc9iQpLn.s 			page 3


  49:./Generated_Source/PSoC5/LCD_PM.c **** * Function Name: LCD_RestoreConfig
  50:./Generated_Source/PSoC5/LCD_PM.c **** ********************************************************************************
  51:./Generated_Source/PSoC5/LCD_PM.c **** *
  52:./Generated_Source/PSoC5/LCD_PM.c **** * Summary:
  53:./Generated_Source/PSoC5/LCD_PM.c **** *  Does nothing, provided for consistency.
  54:./Generated_Source/PSoC5/LCD_PM.c **** *  
  55:./Generated_Source/PSoC5/LCD_PM.c **** * Parameters:
  56:./Generated_Source/PSoC5/LCD_PM.c **** *  None.
  57:./Generated_Source/PSoC5/LCD_PM.c **** *
  58:./Generated_Source/PSoC5/LCD_PM.c **** * Return:
  59:./Generated_Source/PSoC5/LCD_PM.c **** *  None.
  60:./Generated_Source/PSoC5/LCD_PM.c **** *
  61:./Generated_Source/PSoC5/LCD_PM.c **** *******************************************************************************/
  62:./Generated_Source/PSoC5/LCD_PM.c **** void LCD_RestoreConfig(void) 
  63:./Generated_Source/PSoC5/LCD_PM.c **** {
  63              		.loc 1 63 0
  64              		.cfi_startproc
  65              		@ args = 0, pretend = 0, frame = 0
  66              		@ frame_needed = 1, uses_anonymous_args = 0
  67              		@ link register save eliminated.
  68 0000 80B4     		push	{r7}
  69              	.LCFI2:
  70              		.cfi_def_cfa_offset 4
  71 0002 00AF     		add	r7, sp, #0
  72              		.cfi_offset 7, -4
  73              	.LCFI3:
  74              		.cfi_def_cfa_register 7
  64:./Generated_Source/PSoC5/LCD_PM.c **** }
  75              		.loc 1 64 0
  76 0004 BD46     		mov	sp, r7
  77 0006 80BC     		pop	{r7}
  78 0008 7047     		bx	lr
  79              		.cfi_endproc
  80              	.LFE1:
  81              		.size	LCD_RestoreConfig, .-LCD_RestoreConfig
  82 000a 00BF     		.section	.text.LCD_Sleep,"ax",%progbits
  83              		.align	2
  84              		.global	LCD_Sleep
  85              		.thumb
  86              		.thumb_func
  87              		.type	LCD_Sleep, %function
  88              	LCD_Sleep:
  89              	.LFB2:
  65:./Generated_Source/PSoC5/LCD_PM.c **** 
  66:./Generated_Source/PSoC5/LCD_PM.c **** 
  67:./Generated_Source/PSoC5/LCD_PM.c **** /*******************************************************************************
  68:./Generated_Source/PSoC5/LCD_PM.c **** * Function Name: LCD_Sleep
  69:./Generated_Source/PSoC5/LCD_PM.c **** ********************************************************************************
  70:./Generated_Source/PSoC5/LCD_PM.c **** *
  71:./Generated_Source/PSoC5/LCD_PM.c **** * Summary:
  72:./Generated_Source/PSoC5/LCD_PM.c **** *  Prepares component for entering the sleep mode.
  73:./Generated_Source/PSoC5/LCD_PM.c **** *
  74:./Generated_Source/PSoC5/LCD_PM.c **** * Parameters:
  75:./Generated_Source/PSoC5/LCD_PM.c **** *  None.
  76:./Generated_Source/PSoC5/LCD_PM.c **** *
  77:./Generated_Source/PSoC5/LCD_PM.c **** * Return:
  78:./Generated_Source/PSoC5/LCD_PM.c **** *  None.
ARM GAS  C:\DOCUME~1\akay\LOCALS~1\Temp\cc9iQpLn.s 			page 4


  79:./Generated_Source/PSoC5/LCD_PM.c **** *
  80:./Generated_Source/PSoC5/LCD_PM.c **** * Reentrant:
  81:./Generated_Source/PSoC5/LCD_PM.c **** *  No.
  82:./Generated_Source/PSoC5/LCD_PM.c **** *
  83:./Generated_Source/PSoC5/LCD_PM.c **** *******************************************************************************/
  84:./Generated_Source/PSoC5/LCD_PM.c **** void LCD_Sleep(void)
  85:./Generated_Source/PSoC5/LCD_PM.c **** {
  90              		.loc 1 85 0
  91              		.cfi_startproc
  92              		@ args = 0, pretend = 0, frame = 0
  93              		@ frame_needed = 1, uses_anonymous_args = 0
  94 0000 80B5     		push	{r7, lr}
  95              	.LCFI4:
  96              		.cfi_def_cfa_offset 8
  97 0002 00AF     		add	r7, sp, #0
  98              		.cfi_offset 14, -4
  99              		.cfi_offset 7, -8
 100              	.LCFI5:
 101              		.cfi_def_cfa_register 7
  86:./Generated_Source/PSoC5/LCD_PM.c ****     LCD_backup.enableState = LCD_enableState;
 102              		.loc 1 86 0
 103 0004 40F20003 		movw	r3, #:lower16:LCD_enableState
 104 0008 C0F20003 		movt	r3, #:upper16:LCD_enableState
 105 000c 1A78     		ldrb	r2, [r3, #0]	@ zero_extendqisi2
 106 000e 40F20003 		movw	r3, #:lower16:LCD_backup
 107 0012 C0F20003 		movt	r3, #:upper16:LCD_backup
 108 0016 1A70     		strb	r2, [r3, #0]
  87:./Generated_Source/PSoC5/LCD_PM.c ****     LCD_SaveConfig();
 109              		.loc 1 87 0
 110 0018 FFF7FEFF 		bl	LCD_SaveConfig
  88:./Generated_Source/PSoC5/LCD_PM.c ****     LCD_Stop();
 111              		.loc 1 88 0
 112 001c FFF7FEFF 		bl	LCD_Stop
  89:./Generated_Source/PSoC5/LCD_PM.c **** }
 113              		.loc 1 89 0
 114 0020 80BD     		pop	{r7, pc}
 115              		.cfi_endproc
 116              	.LFE2:
 117              		.size	LCD_Sleep, .-LCD_Sleep
 118 0022 00BF     		.section	.text.LCD_Wakeup,"ax",%progbits
 119              		.align	2
 120              		.global	LCD_Wakeup
 121              		.thumb
 122              		.thumb_func
 123              		.type	LCD_Wakeup, %function
 124              	LCD_Wakeup:
 125              	.LFB3:
  90:./Generated_Source/PSoC5/LCD_PM.c **** 
  91:./Generated_Source/PSoC5/LCD_PM.c **** 
  92:./Generated_Source/PSoC5/LCD_PM.c **** /*******************************************************************************
  93:./Generated_Source/PSoC5/LCD_PM.c **** * Function Name: LCD_Wakeup
  94:./Generated_Source/PSoC5/LCD_PM.c **** ********************************************************************************
  95:./Generated_Source/PSoC5/LCD_PM.c **** *
  96:./Generated_Source/PSoC5/LCD_PM.c **** * Summary:
  97:./Generated_Source/PSoC5/LCD_PM.c **** *  Wakes component from sleep mode. Configures DMA and enables the component for
  98:./Generated_Source/PSoC5/LCD_PM.c **** *  normal operation.
  99:./Generated_Source/PSoC5/LCD_PM.c **** *
ARM GAS  C:\DOCUME~1\akay\LOCALS~1\Temp\cc9iQpLn.s 			page 5


 100:./Generated_Source/PSoC5/LCD_PM.c **** * Parameters:
 101:./Generated_Source/PSoC5/LCD_PM.c **** *  LCD_enableState - Global variable.
 102:./Generated_Source/PSoC5/LCD_PM.c **** *
 103:./Generated_Source/PSoC5/LCD_PM.c **** * Return:
 104:./Generated_Source/PSoC5/LCD_PM.c **** *  Status one of standard status for PSoC3 Component
 105:./Generated_Source/PSoC5/LCD_PM.c **** *       CYRET_SUCCESS - Function completed successfully.
 106:./Generated_Source/PSoC5/LCD_PM.c **** *       CYRET_LOCKED - The object was locked, already in use. Some of TDs or
 107:./Generated_Source/PSoC5/LCD_PM.c **** *                      a channel already in use.
 108:./Generated_Source/PSoC5/LCD_PM.c **** *
 109:./Generated_Source/PSoC5/LCD_PM.c **** * Reentrant:
 110:./Generated_Source/PSoC5/LCD_PM.c **** *  No.
 111:./Generated_Source/PSoC5/LCD_PM.c **** *
 112:./Generated_Source/PSoC5/LCD_PM.c **** *******************************************************************************/
 113:./Generated_Source/PSoC5/LCD_PM.c **** void LCD_Wakeup(void)
 114:./Generated_Source/PSoC5/LCD_PM.c **** {
 126              		.loc 1 114 0
 127              		.cfi_startproc
 128              		@ args = 0, pretend = 0, frame = 0
 129              		@ frame_needed = 1, uses_anonymous_args = 0
 130 0000 80B5     		push	{r7, lr}
 131              	.LCFI6:
 132              		.cfi_def_cfa_offset 8
 133 0002 00AF     		add	r7, sp, #0
 134              		.cfi_offset 14, -4
 135              		.cfi_offset 7, -8
 136              	.LCFI7:
 137              		.cfi_def_cfa_register 7
 115:./Generated_Source/PSoC5/LCD_PM.c ****     LCD_RestoreConfig();
 138              		.loc 1 115 0
 139 0004 FFF7FEFF 		bl	LCD_RestoreConfig
 116:./Generated_Source/PSoC5/LCD_PM.c ****     
 117:./Generated_Source/PSoC5/LCD_PM.c ****     if(LCD_backup.enableState == 1u)
 140              		.loc 1 117 0
 141 0008 40F20003 		movw	r3, #:lower16:LCD_backup
 142 000c C0F20003 		movt	r3, #:upper16:LCD_backup
 143 0010 1B78     		ldrb	r3, [r3, #0]	@ zero_extendqisi2
 144 0012 012B     		cmp	r3, #1
 145 0014 01D1     		bne	.L9
 118:./Generated_Source/PSoC5/LCD_PM.c ****     {
 119:./Generated_Source/PSoC5/LCD_PM.c ****         LCD_Enable();
 146              		.loc 1 119 0
 147 0016 FFF7FEFF 		bl	LCD_Enable
 148              	.L9:
 120:./Generated_Source/PSoC5/LCD_PM.c ****     }
 121:./Generated_Source/PSoC5/LCD_PM.c **** }
 149              		.loc 1 121 0
 150 001a 80BD     		pop	{r7, pc}
 151              		.cfi_endproc
 152              	.LFE3:
 153              		.size	LCD_Wakeup, .-LCD_Wakeup
 154              		.text
 155              	.Letext0:
 156              		.section	.debug_loc,"",%progbits
 157              	.Ldebug_loc0:
 158              	.LLST0:
 159 0000 00000000 		.4byte	.LFB0
 160 0004 02000000 		.4byte	.LCFI0
ARM GAS  C:\DOCUME~1\akay\LOCALS~1\Temp\cc9iQpLn.s 			page 6


 161 0008 0100     		.2byte	0x1
 162 000a 5D       		.byte	0x5d
 163 000b 02000000 		.4byte	.LCFI0
 164 000f 04000000 		.4byte	.LCFI1
 165 0013 0200     		.2byte	0x2
 166 0015 7D       		.byte	0x7d
 167 0016 04       		.sleb128 4
 168 0017 04000000 		.4byte	.LCFI1
 169 001b 0A000000 		.4byte	.LFE0
 170 001f 0200     		.2byte	0x2
 171 0021 77       		.byte	0x77
 172 0022 04       		.sleb128 4
 173 0023 00000000 		.4byte	0x0
 174 0027 00000000 		.4byte	0x0
 175              	.LLST1:
 176 002b 00000000 		.4byte	.LFB1
 177 002f 02000000 		.4byte	.LCFI2
 178 0033 0100     		.2byte	0x1
 179 0035 5D       		.byte	0x5d
 180 0036 02000000 		.4byte	.LCFI2
 181 003a 04000000 		.4byte	.LCFI3
 182 003e 0200     		.2byte	0x2
 183 0040 7D       		.byte	0x7d
 184 0041 04       		.sleb128 4
 185 0042 04000000 		.4byte	.LCFI3
 186 0046 0A000000 		.4byte	.LFE1
 187 004a 0200     		.2byte	0x2
 188 004c 77       		.byte	0x77
 189 004d 04       		.sleb128 4
 190 004e 00000000 		.4byte	0x0
 191 0052 00000000 		.4byte	0x0
 192              	.LLST2:
 193 0056 00000000 		.4byte	.LFB2
 194 005a 02000000 		.4byte	.LCFI4
 195 005e 0100     		.2byte	0x1
 196 0060 5D       		.byte	0x5d
 197 0061 02000000 		.4byte	.LCFI4
 198 0065 04000000 		.4byte	.LCFI5
 199 0069 0200     		.2byte	0x2
 200 006b 7D       		.byte	0x7d
 201 006c 08       		.sleb128 8
 202 006d 04000000 		.4byte	.LCFI5
 203 0071 22000000 		.4byte	.LFE2
 204 0075 0200     		.2byte	0x2
 205 0077 77       		.byte	0x77
 206 0078 08       		.sleb128 8
 207 0079 00000000 		.4byte	0x0
 208 007d 00000000 		.4byte	0x0
 209              	.LLST3:
 210 0081 00000000 		.4byte	.LFB3
 211 0085 02000000 		.4byte	.LCFI6
 212 0089 0100     		.2byte	0x1
 213 008b 5D       		.byte	0x5d
 214 008c 02000000 		.4byte	.LCFI6
 215 0090 04000000 		.4byte	.LCFI7
 216 0094 0200     		.2byte	0x2
 217 0096 7D       		.byte	0x7d
ARM GAS  C:\DOCUME~1\akay\LOCALS~1\Temp\cc9iQpLn.s 			page 7


 218 0097 08       		.sleb128 8
 219 0098 04000000 		.4byte	.LCFI7
 220 009c 1C000000 		.4byte	.LFE3
 221 00a0 0200     		.2byte	0x2
 222 00a2 77       		.byte	0x77
 223 00a3 08       		.sleb128 8
 224 00a4 00000000 		.4byte	0x0
 225 00a8 00000000 		.4byte	0x0
 226              		.file 2 "./Generated_Source/PSoC5/cytypes.h"
 227              		.file 3 "./Generated_Source/PSoC5/LCD.h"
 228              		.section	.debug_info
 229 0000 16010000 		.4byte	0x116
 230 0004 0200     		.2byte	0x2
 231 0006 00000000 		.4byte	.Ldebug_abbrev0
 232 000a 04       		.byte	0x4
 233 000b 01       		.uleb128 0x1
 234 000c 2C010000 		.4byte	.LASF16
 235 0010 01       		.byte	0x1
 236 0011 8B010000 		.4byte	.LASF17
 237 0015 18000000 		.4byte	.LASF18
 238 0019 00000000 		.4byte	0x0
 239 001d 00000000 		.4byte	0x0
 240 0021 00000000 		.4byte	.Ldebug_ranges0+0x0
 241 0025 00000000 		.4byte	.Ldebug_line0
 242 0029 02       		.uleb128 0x2
 243 002a 01       		.byte	0x1
 244 002b 06       		.byte	0x6
 245 002c 7F010000 		.4byte	.LASF0
 246 0030 02       		.uleb128 0x2
 247 0031 01       		.byte	0x1
 248 0032 08       		.byte	0x8
 249 0033 92000000 		.4byte	.LASF1
 250 0037 02       		.uleb128 0x2
 251 0038 02       		.byte	0x2
 252 0039 05       		.byte	0x5
 253 003a 4F010000 		.4byte	.LASF2
 254 003e 02       		.uleb128 0x2
 255 003f 02       		.byte	0x2
 256 0040 07       		.byte	0x7
 257 0041 C1000000 		.4byte	.LASF3
 258 0045 02       		.uleb128 0x2
 259 0046 04       		.byte	0x4
 260 0047 05       		.byte	0x5
 261 0048 6A010000 		.4byte	.LASF4
 262 004c 02       		.uleb128 0x2
 263 004d 04       		.byte	0x4
 264 004e 07       		.byte	0x7
 265 004f AF000000 		.4byte	.LASF5
 266 0053 02       		.uleb128 0x2
 267 0054 08       		.byte	0x8
 268 0055 05       		.byte	0x5
 269 0056 00000000 		.4byte	.LASF6
 270 005a 02       		.uleb128 0x2
 271 005b 08       		.byte	0x8
 272 005c 07       		.byte	0x7
 273 005d 15010000 		.4byte	.LASF7
 274 0061 03       		.uleb128 0x3
ARM GAS  C:\DOCUME~1\akay\LOCALS~1\Temp\cc9iQpLn.s 			page 8


 275 0062 04       		.byte	0x4
 276 0063 05       		.byte	0x5
 277 0064 696E7400 		.ascii	"int\000"
 278 0068 02       		.uleb128 0x2
 279 0069 04       		.byte	0x4
 280 006a 07       		.byte	0x7
 281 006b 08010000 		.4byte	.LASF8
 282 006f 02       		.uleb128 0x2
 283 0070 01       		.byte	0x1
 284 0071 08       		.byte	0x8
 285 0072 38010000 		.4byte	.LASF9
 286 0076 04       		.uleb128 0x4
 287 0077 59010000 		.4byte	.LASF10
 288 007b 02       		.byte	0x2
 289 007c 2A       		.byte	0x2a
 290 007d 30000000 		.4byte	0x30
 291 0081 05       		.uleb128 0x5
 292 0082 D4000000 		.4byte	.LASF19
 293 0086 01       		.byte	0x1
 294 0087 03       		.byte	0x3
 295 0088 2D       		.byte	0x2d
 296 0089 9C000000 		.4byte	0x9c
 297 008d 06       		.uleb128 0x6
 298 008e 73010000 		.4byte	.LASF20
 299 0092 03       		.byte	0x3
 300 0093 2E       		.byte	0x2e
 301 0094 76000000 		.4byte	0x76
 302 0098 02       		.byte	0x2
 303 0099 23       		.byte	0x23
 304 009a 00       		.uleb128 0x0
 305 009b 00       		.byte	0x0
 306 009c 04       		.uleb128 0x4
 307 009d 3D010000 		.4byte	.LASF11
 308 00a1 03       		.byte	0x3
 309 00a2 2F       		.byte	0x2f
 310 00a3 81000000 		.4byte	0x81
 311 00a7 07       		.uleb128 0x7
 312 00a8 01       		.byte	0x1
 313 00a9 A0000000 		.4byte	.LASF12
 314 00ad 01       		.byte	0x1
 315 00ae 2B       		.byte	0x2b
 316 00af 01       		.byte	0x1
 317 00b0 00000000 		.4byte	.LFB0
 318 00b4 0A000000 		.4byte	.LFE0
 319 00b8 00000000 		.4byte	.LLST0
 320 00bc 07       		.uleb128 0x7
 321 00bd 01       		.byte	0x1
 322 00be F6000000 		.4byte	.LASF13
 323 00c2 01       		.byte	0x1
 324 00c3 3E       		.byte	0x3e
 325 00c4 01       		.byte	0x1
 326 00c5 00000000 		.4byte	.LFB1
 327 00c9 0A000000 		.4byte	.LFE1
 328 00cd 2B000000 		.4byte	.LLST1
 329 00d1 07       		.uleb128 0x7
 330 00d2 01       		.byte	0x1
 331 00d3 0E000000 		.4byte	.LASF14
ARM GAS  C:\DOCUME~1\akay\LOCALS~1\Temp\cc9iQpLn.s 			page 9


 332 00d7 01       		.byte	0x1
 333 00d8 54       		.byte	0x54
 334 00d9 01       		.byte	0x1
 335 00da 00000000 		.4byte	.LFB2
 336 00de 22000000 		.4byte	.LFE2
 337 00e2 56000000 		.4byte	.LLST2
 338 00e6 07       		.uleb128 0x7
 339 00e7 01       		.byte	0x1
 340 00e8 AD010000 		.4byte	.LASF15
 341 00ec 01       		.byte	0x1
 342 00ed 71       		.byte	0x71
 343 00ee 01       		.byte	0x1
 344 00ef 00000000 		.4byte	.LFB3
 345 00f3 1C000000 		.4byte	.LFE3
 346 00f7 81000000 		.4byte	.LLST3
 347 00fb 08       		.uleb128 0x8
 348 00fc 5F010000 		.4byte	.LASF21
 349 0100 01       		.byte	0x1
 350 0101 18       		.byte	0x18
 351 0102 9C000000 		.4byte	0x9c
 352 0106 05       		.byte	0x5
 353 0107 03       		.byte	0x3
 354 0108 00000000 		.4byte	LCD_backup
 355 010c 09       		.uleb128 0x9
 356 010d E6000000 		.4byte	.LASF22
 357 0111 01       		.byte	0x1
 358 0112 1A       		.byte	0x1a
 359 0113 76000000 		.4byte	0x76
 360 0117 01       		.byte	0x1
 361 0118 01       		.byte	0x1
 362 0119 00       		.byte	0x0
 363              		.section	.debug_abbrev
 364 0000 01       		.uleb128 0x1
 365 0001 11       		.uleb128 0x11
 366 0002 01       		.byte	0x1
 367 0003 25       		.uleb128 0x25
 368 0004 0E       		.uleb128 0xe
 369 0005 13       		.uleb128 0x13
 370 0006 0B       		.uleb128 0xb
 371 0007 03       		.uleb128 0x3
 372 0008 0E       		.uleb128 0xe
 373 0009 1B       		.uleb128 0x1b
 374 000a 0E       		.uleb128 0xe
 375 000b 11       		.uleb128 0x11
 376 000c 01       		.uleb128 0x1
 377 000d 52       		.uleb128 0x52
 378 000e 01       		.uleb128 0x1
 379 000f 55       		.uleb128 0x55
 380 0010 06       		.uleb128 0x6
 381 0011 10       		.uleb128 0x10
 382 0012 06       		.uleb128 0x6
 383 0013 00       		.byte	0x0
 384 0014 00       		.byte	0x0
 385 0015 02       		.uleb128 0x2
 386 0016 24       		.uleb128 0x24
 387 0017 00       		.byte	0x0
 388 0018 0B       		.uleb128 0xb
ARM GAS  C:\DOCUME~1\akay\LOCALS~1\Temp\cc9iQpLn.s 			page 10


 389 0019 0B       		.uleb128 0xb
 390 001a 3E       		.uleb128 0x3e
 391 001b 0B       		.uleb128 0xb
 392 001c 03       		.uleb128 0x3
 393 001d 0E       		.uleb128 0xe
 394 001e 00       		.byte	0x0
 395 001f 00       		.byte	0x0
 396 0020 03       		.uleb128 0x3
 397 0021 24       		.uleb128 0x24
 398 0022 00       		.byte	0x0
 399 0023 0B       		.uleb128 0xb
 400 0024 0B       		.uleb128 0xb
 401 0025 3E       		.uleb128 0x3e
 402 0026 0B       		.uleb128 0xb
 403 0027 03       		.uleb128 0x3
 404 0028 08       		.uleb128 0x8
 405 0029 00       		.byte	0x0
 406 002a 00       		.byte	0x0
 407 002b 04       		.uleb128 0x4
 408 002c 16       		.uleb128 0x16
 409 002d 00       		.byte	0x0
 410 002e 03       		.uleb128 0x3
 411 002f 0E       		.uleb128 0xe
 412 0030 3A       		.uleb128 0x3a
 413 0031 0B       		.uleb128 0xb
 414 0032 3B       		.uleb128 0x3b
 415 0033 0B       		.uleb128 0xb
 416 0034 49       		.uleb128 0x49
 417 0035 13       		.uleb128 0x13
 418 0036 00       		.byte	0x0
 419 0037 00       		.byte	0x0
 420 0038 05       		.uleb128 0x5
 421 0039 13       		.uleb128 0x13
 422 003a 01       		.byte	0x1
 423 003b 03       		.uleb128 0x3
 424 003c 0E       		.uleb128 0xe
 425 003d 0B       		.uleb128 0xb
 426 003e 0B       		.uleb128 0xb
 427 003f 3A       		.uleb128 0x3a
 428 0040 0B       		.uleb128 0xb
 429 0041 3B       		.uleb128 0x3b
 430 0042 0B       		.uleb128 0xb
 431 0043 01       		.uleb128 0x1
 432 0044 13       		.uleb128 0x13
 433 0045 00       		.byte	0x0
 434 0046 00       		.byte	0x0
 435 0047 06       		.uleb128 0x6
 436 0048 0D       		.uleb128 0xd
 437 0049 00       		.byte	0x0
 438 004a 03       		.uleb128 0x3
 439 004b 0E       		.uleb128 0xe
 440 004c 3A       		.uleb128 0x3a
 441 004d 0B       		.uleb128 0xb
 442 004e 3B       		.uleb128 0x3b
 443 004f 0B       		.uleb128 0xb
 444 0050 49       		.uleb128 0x49
 445 0051 13       		.uleb128 0x13
ARM GAS  C:\DOCUME~1\akay\LOCALS~1\Temp\cc9iQpLn.s 			page 11


 446 0052 38       		.uleb128 0x38
 447 0053 0A       		.uleb128 0xa
 448 0054 00       		.byte	0x0
 449 0055 00       		.byte	0x0
 450 0056 07       		.uleb128 0x7
 451 0057 2E       		.uleb128 0x2e
 452 0058 00       		.byte	0x0
 453 0059 3F       		.uleb128 0x3f
 454 005a 0C       		.uleb128 0xc
 455 005b 03       		.uleb128 0x3
 456 005c 0E       		.uleb128 0xe
 457 005d 3A       		.uleb128 0x3a
 458 005e 0B       		.uleb128 0xb
 459 005f 3B       		.uleb128 0x3b
 460 0060 0B       		.uleb128 0xb
 461 0061 27       		.uleb128 0x27
 462 0062 0C       		.uleb128 0xc
 463 0063 11       		.uleb128 0x11
 464 0064 01       		.uleb128 0x1
 465 0065 12       		.uleb128 0x12
 466 0066 01       		.uleb128 0x1
 467 0067 40       		.uleb128 0x40
 468 0068 06       		.uleb128 0x6
 469 0069 00       		.byte	0x0
 470 006a 00       		.byte	0x0
 471 006b 08       		.uleb128 0x8
 472 006c 34       		.uleb128 0x34
 473 006d 00       		.byte	0x0
 474 006e 03       		.uleb128 0x3
 475 006f 0E       		.uleb128 0xe
 476 0070 3A       		.uleb128 0x3a
 477 0071 0B       		.uleb128 0xb
 478 0072 3B       		.uleb128 0x3b
 479 0073 0B       		.uleb128 0xb
 480 0074 49       		.uleb128 0x49
 481 0075 13       		.uleb128 0x13
 482 0076 02       		.uleb128 0x2
 483 0077 0A       		.uleb128 0xa
 484 0078 00       		.byte	0x0
 485 0079 00       		.byte	0x0
 486 007a 09       		.uleb128 0x9
 487 007b 34       		.uleb128 0x34
 488 007c 00       		.byte	0x0
 489 007d 03       		.uleb128 0x3
 490 007e 0E       		.uleb128 0xe
 491 007f 3A       		.uleb128 0x3a
 492 0080 0B       		.uleb128 0xb
 493 0081 3B       		.uleb128 0x3b
 494 0082 0B       		.uleb128 0xb
 495 0083 49       		.uleb128 0x49
 496 0084 13       		.uleb128 0x13
 497 0085 3F       		.uleb128 0x3f
 498 0086 0C       		.uleb128 0xc
 499 0087 3C       		.uleb128 0x3c
 500 0088 0C       		.uleb128 0xc
 501 0089 00       		.byte	0x0
 502 008a 00       		.byte	0x0
ARM GAS  C:\DOCUME~1\akay\LOCALS~1\Temp\cc9iQpLn.s 			page 12


 503 008b 00       		.byte	0x0
 504              		.section	.debug_pubnames,"",%progbits
 505 0000 54000000 		.4byte	0x54
 506 0004 0200     		.2byte	0x2
 507 0006 00000000 		.4byte	.Ldebug_info0
 508 000a 1A010000 		.4byte	0x11a
 509 000e A7000000 		.4byte	0xa7
 510 0012 4C43445F 		.ascii	"LCD_SaveConfig\000"
 510      53617665 
 510      436F6E66 
 510      696700
 511 0021 BC000000 		.4byte	0xbc
 512 0025 4C43445F 		.ascii	"LCD_RestoreConfig\000"
 512      52657374 
 512      6F726543 
 512      6F6E6669 
 512      6700
 513 0037 D1000000 		.4byte	0xd1
 514 003b 4C43445F 		.ascii	"LCD_Sleep\000"
 514      536C6565 
 514      7000
 515 0045 E6000000 		.4byte	0xe6
 516 0049 4C43445F 		.ascii	"LCD_Wakeup\000"
 516      57616B65 
 516      757000
 517 0054 00000000 		.4byte	0x0
 518              		.section	.debug_aranges,"",%progbits
 519 0000 34000000 		.4byte	0x34
 520 0004 0200     		.2byte	0x2
 521 0006 00000000 		.4byte	.Ldebug_info0
 522 000a 04       		.byte	0x4
 523 000b 00       		.byte	0x0
 524 000c 0000     		.2byte	0x0
 525 000e 0000     		.2byte	0x0
 526 0010 00000000 		.4byte	.LFB0
 527 0014 0A000000 		.4byte	.LFE0-.LFB0
 528 0018 00000000 		.4byte	.LFB1
 529 001c 0A000000 		.4byte	.LFE1-.LFB1
 530 0020 00000000 		.4byte	.LFB2
 531 0024 22000000 		.4byte	.LFE2-.LFB2
 532 0028 00000000 		.4byte	.LFB3
 533 002c 1C000000 		.4byte	.LFE3-.LFB3
 534 0030 00000000 		.4byte	0x0
 535 0034 00000000 		.4byte	0x0
 536              		.section	.debug_ranges,"",%progbits
 537              	.Ldebug_ranges0:
 538 0000 00000000 		.4byte	.Ltext0
 539 0004 00000000 		.4byte	.Letext0
 540 0008 00000000 		.4byte	.LFB0
 541 000c 0A000000 		.4byte	.LFE0
 542 0010 00000000 		.4byte	.LFB1
 543 0014 0A000000 		.4byte	.LFE1
 544 0018 00000000 		.4byte	.LFB2
 545 001c 22000000 		.4byte	.LFE2
 546 0020 00000000 		.4byte	.LFB3
 547 0024 1C000000 		.4byte	.LFE3
 548 0028 00000000 		.4byte	0x0
ARM GAS  C:\DOCUME~1\akay\LOCALS~1\Temp\cc9iQpLn.s 			page 13


 549 002c 00000000 		.4byte	0x0
 550              		.section	.debug_str,"MS",%progbits,1
 551              	.LASF6:
 552 0000 6C6F6E67 		.ascii	"long long int\000"
 552      206C6F6E 
 552      6720696E 
 552      7400
 553              	.LASF14:
 554 000e 4C43445F 		.ascii	"LCD_Sleep\000"
 554      536C6565 
 554      7000
 555              	.LASF18:
 556 0018 433A5C44 		.ascii	"C:\\Documents and Settings\\akay\\My Documents\\Exa"
 556      6F63756D 
 556      656E7473 
 556      20616E64 
 556      20536574 
 557 0047 6D706C65 		.ascii	"mple Projects\\PSoC3 I2C EEPROM\\Example_I2C_EEPROM"
 557      2050726F 
 557      6A656374 
 557      735C5053 
 557      6F433320 
 558 0078 5C457861 		.ascii	"\\Example_I2C_EEPROM.cydsn\000"
 558      6D706C65 
 558      5F493243 
 558      5F454550 
 558      524F4D2E 
 559              	.LASF1:
 560 0092 756E7369 		.ascii	"unsigned char\000"
 560      676E6564 
 560      20636861 
 560      7200
 561              	.LASF12:
 562 00a0 4C43445F 		.ascii	"LCD_SaveConfig\000"
 562      53617665 
 562      436F6E66 
 562      696700
 563              	.LASF5:
 564 00af 6C6F6E67 		.ascii	"long unsigned int\000"
 564      20756E73 
 564      69676E65 
 564      6420696E 
 564      7400
 565              	.LASF3:
 566 00c1 73686F72 		.ascii	"short unsigned int\000"
 566      7420756E 
 566      7369676E 
 566      65642069 
 566      6E7400
 567              	.LASF19:
 568 00d4 5F4C4344 		.ascii	"_LCD_backupStruct\000"
 568      5F626163 
 568      6B757053 
 568      74727563 
 568      7400
 569              	.LASF22:
 570 00e6 4C43445F 		.ascii	"LCD_enableState\000"
ARM GAS  C:\DOCUME~1\akay\LOCALS~1\Temp\cc9iQpLn.s 			page 14


 570      656E6162 
 570      6C655374 
 570      61746500 
 571              	.LASF13:
 572 00f6 4C43445F 		.ascii	"LCD_RestoreConfig\000"
 572      52657374 
 572      6F726543 
 572      6F6E6669 
 572      6700
 573              	.LASF8:
 574 0108 756E7369 		.ascii	"unsigned int\000"
 574      676E6564 
 574      20696E74 
 574      00
 575              	.LASF7:
 576 0115 6C6F6E67 		.ascii	"long long unsigned int\000"
 576      206C6F6E 
 576      6720756E 
 576      7369676E 
 576      65642069 
 577              	.LASF16:
 578 012c 474E5520 		.ascii	"GNU C 4.4.1\000"
 578      4320342E 
 578      342E3100 
 579              	.LASF9:
 580 0138 63686172 		.ascii	"char\000"
 580      00
 581              	.LASF11:
 582 013d 4C43445F 		.ascii	"LCD_BACKUP_STRUCT\000"
 582      4241434B 
 582      55505F53 
 582      54525543 
 582      5400
 583              	.LASF2:
 584 014f 73686F72 		.ascii	"short int\000"
 584      7420696E 
 584      7400
 585              	.LASF10:
 586 0159 75696E74 		.ascii	"uint8\000"
 586      3800
 587              	.LASF21:
 588 015f 4C43445F 		.ascii	"LCD_backup\000"
 588      6261636B 
 588      757000
 589              	.LASF4:
 590 016a 6C6F6E67 		.ascii	"long int\000"
 590      20696E74 
 590      00
 591              	.LASF20:
 592 0173 656E6162 		.ascii	"enableState\000"
 592      6C655374 
 592      61746500 
 593              	.LASF0:
 594 017f 7369676E 		.ascii	"signed char\000"
 594      65642063 
 594      68617200 
 595              	.LASF17:
ARM GAS  C:\DOCUME~1\akay\LOCALS~1\Temp\cc9iQpLn.s 			page 15


 596 018b 2E2F4765 		.ascii	"./Generated_Source/PSoC5/LCD_PM.c\000"
 596      6E657261 
 596      7465645F 
 596      536F7572 
 596      63652F50 
 597              	.LASF15:
 598 01ad 4C43445F 		.ascii	"LCD_Wakeup\000"
 598      57616B65 
 598      757000
 599              		.ident	"GCC: (Sourcery G++ Lite 2010q1-188) 4.4.1"
